Archive member included to satisfy reference by file (symbol)

c:/st/stm32cubeide_1.6.1/stm32cubeide/plugins/com.st.stm32cube.ide.mcu.externaltools.gnu-tools-for-stm32.9-2020-q2-update.win32_1.5.0.202011040924/tools/bin/../lib/gcc/arm-none-eabi/9.3.1/../../../../arm-none-eabi/lib/thumb/v7-m/nofp\libc_nano.a(lib_a-errno.o)
                              Core/Src/syscalls.o (__errno)
c:/st/stm32cubeide_1.6.1/stm32cubeide/plugins/com.st.stm32cube.ide.mcu.externaltools.gnu-tools-for-stm32.9-2020-q2-update.win32_1.5.0.202011040924/tools/bin/../lib/gcc/arm-none-eabi/9.3.1/../../../../arm-none-eabi/lib/thumb/v7-m/nofp\libc_nano.a(lib_a-exit.o)
                              c:/st/stm32cubeide_1.6.1/stm32cubeide/plugins/com.st.stm32cube.ide.mcu.externaltools.gnu-tools-for-stm32.9-2020-q2-update.win32_1.5.0.202011040924/tools/bin/../lib/gcc/arm-none-eabi/9.3.1/../../../../arm-none-eabi/lib/thumb/v7-m/nofp/crt0.o (exit)
c:/st/stm32cubeide_1.6.1/stm32cubeide/plugins/com.st.stm32cube.ide.mcu.externaltools.gnu-tools-for-stm32.9-2020-q2-update.win32_1.5.0.202011040924/tools/bin/../lib/gcc/arm-none-eabi/9.3.1/../../../../arm-none-eabi/lib/thumb/v7-m/nofp\libc_nano.a(lib_a-impure.o)
                              c:/st/stm32cubeide_1.6.1/stm32cubeide/plugins/com.st.stm32cube.ide.mcu.externaltools.gnu-tools-for-stm32.9-2020-q2-update.win32_1.5.0.202011040924/tools/bin/../lib/gcc/arm-none-eabi/9.3.1/../../../../arm-none-eabi/lib/thumb/v7-m/nofp\libc_nano.a(lib_a-exit.o) (_global_impure_ptr)
c:/st/stm32cubeide_1.6.1/stm32cubeide/plugins/com.st.stm32cube.ide.mcu.externaltools.gnu-tools-for-stm32.9-2020-q2-update.win32_1.5.0.202011040924/tools/bin/../lib/gcc/arm-none-eabi/9.3.1/../../../../arm-none-eabi/lib/thumb/v7-m/nofp\libc_nano.a(lib_a-init.o)
                              c:/st/stm32cubeide_1.6.1/stm32cubeide/plugins/com.st.stm32cube.ide.mcu.externaltools.gnu-tools-for-stm32.9-2020-q2-update.win32_1.5.0.202011040924/tools/bin/../lib/gcc/arm-none-eabi/9.3.1/../../../../arm-none-eabi/lib/thumb/v7-m/nofp/crt0.o (__libc_init_array)
c:/st/stm32cubeide_1.6.1/stm32cubeide/plugins/com.st.stm32cube.ide.mcu.externaltools.gnu-tools-for-stm32.9-2020-q2-update.win32_1.5.0.202011040924/tools/bin/../lib/gcc/arm-none-eabi/9.3.1/../../../../arm-none-eabi/lib/thumb/v7-m/nofp\libc_nano.a(lib_a-memcpy-stub.o)
                              Middlewares/Third_Party/FreeRTOS/Source/CMSIS_RTOS_V2/cmsis_os2.o (memcpy)
c:/st/stm32cubeide_1.6.1/stm32cubeide/plugins/com.st.stm32cube.ide.mcu.externaltools.gnu-tools-for-stm32.9-2020-q2-update.win32_1.5.0.202011040924/tools/bin/../lib/gcc/arm-none-eabi/9.3.1/../../../../arm-none-eabi/lib/thumb/v7-m/nofp\libc_nano.a(lib_a-memset.o)
                              c:/st/stm32cubeide_1.6.1/stm32cubeide/plugins/com.st.stm32cube.ide.mcu.externaltools.gnu-tools-for-stm32.9-2020-q2-update.win32_1.5.0.202011040924/tools/bin/../lib/gcc/arm-none-eabi/9.3.1/../../../../arm-none-eabi/lib/thumb/v7-m/nofp/crt0.o (memset)

Allocating common symbols
Common symbol       size              file

defaultTaskHandle   0x4               Core/Src/freertos.o
uwTick              0x4               Drivers/STM32F1xx_HAL_Driver/Src/stm32f1xx_hal.o
xQueueRegistry      0x40              Middlewares/Third_Party/FreeRTOS/Source/queue.o
pFlash              0x20              Drivers/STM32F1xx_HAL_Driver/Src/stm32f1xx_hal_flash.o
htim3               0x48              Core/Src/stm32f1xx_hal_timebase_tim.o

Discarded input sections

 .text          0x0000000000000000        0x0 c:/st/stm32cubeide_1.6.1/stm32cubeide/plugins/com.st.stm32cube.ide.mcu.externaltools.gnu-tools-for-stm32.9-2020-q2-update.win32_1.5.0.202011040924/tools/bin/../lib/gcc/arm-none-eabi/9.3.1/thumb/v7-m/nofp/crti.o
 .data          0x0000000000000000        0x0 c:/st/stm32cubeide_1.6.1/stm32cubeide/plugins/com.st.stm32cube.ide.mcu.externaltools.gnu-tools-for-stm32.9-2020-q2-update.win32_1.5.0.202011040924/tools/bin/../lib/gcc/arm-none-eabi/9.3.1/thumb/v7-m/nofp/crti.o
 .bss           0x0000000000000000        0x0 c:/st/stm32cubeide_1.6.1/stm32cubeide/plugins/com.st.stm32cube.ide.mcu.externaltools.gnu-tools-for-stm32.9-2020-q2-update.win32_1.5.0.202011040924/tools/bin/../lib/gcc/arm-none-eabi/9.3.1/thumb/v7-m/nofp/crti.o
 .data          0x0000000000000000        0x4 c:/st/stm32cubeide_1.6.1/stm32cubeide/plugins/com.st.stm32cube.ide.mcu.externaltools.gnu-tools-for-stm32.9-2020-q2-update.win32_1.5.0.202011040924/tools/bin/../lib/gcc/arm-none-eabi/9.3.1/thumb/v7-m/nofp/crtbegin.o
 .text          0x0000000000000000       0x7c c:/st/stm32cubeide_1.6.1/stm32cubeide/plugins/com.st.stm32cube.ide.mcu.externaltools.gnu-tools-for-stm32.9-2020-q2-update.win32_1.5.0.202011040924/tools/bin/../lib/gcc/arm-none-eabi/9.3.1/../../../../arm-none-eabi/lib/thumb/v7-m/nofp/crt0.o
[...]
Memory Configuration

Name             Origin             Length             Attributes
RAM              0x0000000020000000 0x0000000000005000 xrw
FLASH            0x0000000008000000 0x0000000000010000 xr
*default*        0x0000000000000000 0xffffffffffffffff

Linker script and memory map

LOAD c:/st/stm32cubeide_1.6.1/stm32cubeide/plugins/com.st.stm32cube.ide.mcu.externaltools.gnu-tools-for-stm32.9-2020-q2-update.win32_1.5.0.202011040924/tools/bin/../lib/gcc/arm-none-eabi/9.3.1/thumb/v7-m/nofp/crti.o
LOAD c:/st/stm32cubeide_1.6.1/stm32cubeide/plugins/com.st.stm32cube.ide.mcu.externaltools.gnu-tools-for-stm32.9-2020-q2-update.win32_1.5.0.202011040924/tools/bin/../lib/gcc/arm-none-eabi/9.3.1/thumb/v7-m/nofp/crtbegin.o
LOAD c:/st/stm32cubeide_1.6.1/stm32cubeide/plugins/com.st.stm32cube.ide.mcu.externaltools.gnu-tools-for-stm32.9-2020-q2-update.win32_1.5.0.202011040924/tools/bin/../lib/gcc/arm-none-eabi/9.3.1/../../../../arm-none-eabi/lib/thumb/v7-m/nofp/crt0.o
LOAD Core/Src/freertos.o
LOAD Core/Src/gpio.o
LOAD Core/Src/main.o
LOAD Core/Src/stm32f1xx_hal_msp.o
LOAD Core/Src/stm32f1xx_hal_timebase_tim.o
LOAD Core/Src/stm32f1xx_it.o
LOAD Core/Src/syscalls.o
LOAD Core/Src/sysmem.o
LOAD Core/Src/system_stm32f1xx.o
LOAD Core/Startup/startup_stm32f103c8tx.o
LOAD Drivers/STM32F1xx_HAL_Driver/Src/stm32f1xx_hal.o
LOAD Drivers/STM32F1xx_HAL_Driver/Src/stm32f1xx_hal_cortex.o
LOAD Drivers/STM32F1xx_HAL_Driver/Src/stm32f1xx_hal_dma.o
LOAD Drivers/STM32F1xx_HAL_Driver/Src/stm32f1xx_hal_exti.o
LOAD Drivers/STM32F1xx_HAL_Driver/Src/stm32f1xx_hal_flash.o
LOAD Drivers/STM32F1xx_HAL_Driver/Src/stm32f1xx_hal_flash_ex.o
LOAD Drivers/STM32F1xx_HAL_Driver/Src/stm32f1xx_hal_gpio.o
LOAD Drivers/STM32F1xx_HAL_Driver/Src/stm32f1xx_hal_gpio_ex.o
LOAD Drivers/STM32F1xx_HAL_Driver/Src/stm32f1xx_hal_pwr.o
LOAD Drivers/STM32F1xx_HAL_Driver/Src/stm32f1xx_hal_rcc.o
LOAD Drivers/STM32F1xx_HAL_Driver/Src/stm32f1xx_hal_rcc_ex.o
LOAD Drivers/STM32F1xx_HAL_Driver/Src/stm32f1xx_hal_tim.o
LOAD Drivers/STM32F1xx_HAL_Driver/Src/stm32f1xx_hal_tim_ex.o
LOAD Middlewares/Third_Party/FreeRTOS/Source/CMSIS_RTOS_V2/cmsis_os2.o
LOAD Middlewares/Third_Party/FreeRTOS/Source/croutine.o
LOAD Middlewares/Third_Party/FreeRTOS/Source/event_groups.o
LOAD Middlewares/Third_Party/FreeRTOS/Source/list.o
LOAD Middlewares/Third_Party/FreeRTOS/Source/queue.o
LOAD Middlewares/Third_Party/FreeRTOS/Source/stream_buffer.o
LOAD Middlewares/Third_Party/FreeRTOS/Source/tasks.o
LOAD Middlewares/Third_Party/FreeRTOS/Source/timers.o
LOAD Middlewares/Third_Party/FreeRTOS/Source/portable/GCC/ARM_CM3/port.o
LOAD Middlewares/Third_Party/FreeRTOS/Source/portable/MemMang/heap_4.o
START GROUP
LOAD c:/st/stm32cubeide_1.6.1/stm32cubeide/plugins/com.st.stm32cube.ide.mcu.externaltools.gnu-tools-for-stm32.9-2020-q2-update.win32_1.5.0.202011040924/tools/bin/../lib/gcc/arm-none-eabi/9.3.1/../../../../arm-none-eabi/lib/thumb/v7-m/nofp\libc_nano.a
LOAD c:/st/stm32cubeide_1.6.1/stm32cubeide/plugins/com.st.stm32cube.ide.mcu.externaltools.gnu-tools-for-stm32.9-2020-q2-update.win32_1.5.0.202011040924/tools/bin/../lib/gcc/arm-none-eabi/9.3.1/../../../../arm-none-eabi/lib/thumb/v7-m/nofp\libm.a
END GROUP
START GROUP
LOAD c:/st/stm32cubeide_1.6.1/stm32cubeide/plugins/com.st.stm32cube.ide.mcu.externaltools.gnu-tools-for-stm32.9-2020-q2-update.win32_1.5.0.202011040924/tools/bin/../lib/gcc/arm-none-eabi/9.3.1/thumb/v7-m/nofp\libgcc.a
LOAD c:/st/stm32cubeide_1.6.1/stm32cubeide/plugins/com.st.stm32cube.ide.mcu.externaltools.gnu-tools-for-stm32.9-2020-q2-update.win32_1.5.0.202011040924/tools/bin/../lib/gcc/arm-none-eabi/9.3.1/../../../../arm-none-eabi/lib/thumb/v7-m/nofp\libc_nano.a
END GROUP
START GROUP
LOAD c:/st/stm32cubeide_1.6.1/stm32cubeide/plugins/com.st.stm32cube.ide.mcu.externaltools.gnu-tools-for-stm32.9-2020-q2-update.win32_1.5.0.202011040924/tools/bin/../lib/gcc/arm-none-eabi/9.3.1/thumb/v7-m/nofp\libgcc.a
LOAD c:/st/stm32cubeide_1.6.1/stm32cubeide/plugins/com.st.stm32cube.ide.mcu.externaltools.gnu-tools-for-stm32.9-2020-q2-update.win32_1.5.0.202011040924/tools/bin/../lib/gcc/arm-none-eabi/9.3.1/../../../../arm-none-eabi/lib/thumb/v7-m/nofp\libc_nano.a
LOAD c:/st/stm32cubeide_1.6.1/stm32cubeide/plugins/com.st.stm32cube.ide.mcu.externaltools.gnu-tools-for-stm32.9-2020-q2-update.win32_1.5.0.202011040924/tools/bin/../lib/gcc/arm-none-eabi/9.3.1/../../../../arm-none-eabi/lib/thumb/v7-m/nofp\libnosys.a
END GROUP
START GROUP
LOAD c:/st/stm32cubeide_1.6.1/stm32cubeide/plugins/com.st.stm32cube.ide.mcu.externaltools.gnu-tools-for-stm32.9-2020-q2-update.win32_1.5.0.202011040924/tools/bin/../lib/gcc/arm-none-eabi/9.3.1/thumb/v7-m/nofp\libgcc.a
LOAD c:/st/stm32cubeide_1.6.1/stm32cubeide/plugins/com.st.stm32cube.ide.mcu.externaltools.gnu-tools-for-stm32.9-2020-q2-update.win32_1.5.0.202011040924/tools/bin/../lib/gcc/arm-none-eabi/9.3.1/../../../../arm-none-eabi/lib/thumb/v7-m/nofp\libc_nano.a
LOAD c:/st/stm32cubeide_1.6.1/stm32cubeide/plugins/com.st.stm32cube.ide.mcu.externaltools.gnu-tools-for-stm32.9-2020-q2-update.win32_1.5.0.202011040924/tools/bin/../lib/gcc/arm-none-eabi/9.3.1/../../../../arm-none-eabi/lib/thumb/v7-m/nofp\libnosys.a
END GROUP
LOAD c:/st/stm32cubeide_1.6.1/stm32cubeide/plugins/com.st.stm32cube.ide.mcu.externaltools.gnu-tools-for-stm32.9-2020-q2-update.win32_1.5.0.202011040924/tools/bin/../lib/gcc/arm-none-eabi/9.3.1/thumb/v7-m/nofp/crtend.o
LOAD c:/st/stm32cubeide_1.6.1/stm32cubeide/plugins/com.st.stm32cube.ide.mcu.externaltools.gnu-tools-for-stm32.9-2020-q2-update.win32_1.5.0.202011040924/tools/bin/../lib/gcc/arm-none-eabi/9.3.1/thumb/v7-m/nofp/crtn.o
                0x0000000020005000                _estack = (ORIGIN (RAM) + LENGTH (RAM))
                0x0000000000000200                _Min_Heap_Size = 0x200
                0x0000000000000400                _Min_Stack_Size = 0x400

.isr_vector     0x0000000008000000      0x10c
                0x0000000008000000                . = ALIGN (0x4)
 *(.isr_vector)
 .isr_vector    0x0000000008000000      0x10c Core/Startup/startup_stm32f103c8tx.o
                0x0000000008000000                g_pfnVectors
                0x000000000800010c                . = ALIGN (0x4)

.text           0x0000000008000110     0x4258
                0x0000000008000110                . = ALIGN (0x4)
 *(.text)
 .text          0x0000000008000110       0x40 c:/st/stm32cubeide_1.6.1/stm32cubeide/plugins/com.st.stm32cube.ide.mcu.externaltools.gnu-tools-for-stm32.9-2020-q2-update.win32_1.5.0.202011040924/tools/bin/../lib/gcc/arm-none-eabi/9.3.1/thumb/v7-m/nofp/crtbegin.o
 *(.text*)
 .text.MX_FREERTOS_Init
                0x0000000008000150       0x68 Core/Src/freertos.o
                0x0000000008000150                MX_FREERTOS_Init
 .text.StartDefaultTask
                0x00000000080001b8       0x10 Core/Src/freertos.o
                0x00000000080001b8                StartDefaultTask
 .text.LedTaskHandler
                0x00000000080001c8       0x34 Core/Src/freertos.o
                0x00000000080001c8                LedTaskHandler
 .text.BtnTaskHandler
                0x00000000080001fc       0x18 Core/Src/freertos.o
                0x00000000080001fc                BtnTaskHandler
 .text.MX_GPIO_Init
                0x0000000008000214      0x128 Core/Src/gpio.o
                0x0000000008000214                MX_GPIO_Init
 .text.HAL_GPIO_EXTI_Callback
                0x000000000800033c       0x68 Core/Src/main.o
                0x000000000800033c                HAL_GPIO_EXTI_Callback
 .text.main     0x00000000080003a4       0x1e Core/Src/main.o
                0x00000000080003a4                main
 .text.SystemClock_Config
                0x00000000080003c2       0x76 Core/Src/main.o
                0x00000000080003c2                SystemClock_Config
 .text.HAL_TIM_PeriodElapsedCallback
                0x0000000008000438       0x24 Core/Src/main.o
                0x0000000008000438                HAL_TIM_PeriodElapsedCallback
 .text.Error_Handler
                0x000000000800045c        0xa Core/Src/main.o
                0x000000000800045c                Error_Handler
 *fill*         0x0000000008000466        0x2 
 .text.HAL_MspInit
                0x0000000008000468       0x70 Core/Src/stm32f1xx_hal_msp.o
                0x0000000008000468                HAL_MspInit
 .text.HAL_InitTick
                0x00000000080004d8       0xac Core/Src/stm32f1xx_hal_timebase_tim.o
                0x00000000080004d8                HAL_InitTick
 .text.NMI_Handler
                0x0000000008000584        0x6 Core/Src/stm32f1xx_it.o
                0x0000000008000584                NMI_Handler
 .text.HardFault_Handler
                0x000000000800058a        0x6 Core/Src/stm32f1xx_it.o
                0x000000000800058a                HardFault_Handler
 .text.MemManage_Handler
                0x0000000008000590        0x6 Core/Src/stm32f1xx_it.o
                0x0000000008000590                MemManage_Handler
 .text.BusFault_Handler
                0x0000000008000596        0x6 Core/Src/stm32f1xx_it.o
                0x0000000008000596                BusFault_Handler
 .text.UsageFault_Handler
                0x000000000800059c        0x6 Core/Src/stm32f1xx_it.o
                0x000000000800059c                UsageFault_Handler
 .text.DebugMon_Handler
                0x00000000080005a2        0xc Core/Src/stm32f1xx_it.o
                0x00000000080005a2                DebugMon_Handler
 .text.EXTI1_IRQHandler
                0x00000000080005ae        0xe Core/Src/stm32f1xx_it.o
                0x00000000080005ae                EXTI1_IRQHandler
 .text.TIM3_IRQHandler
                0x00000000080005bc       0x14 Core/Src/stm32f1xx_it.o
                0x00000000080005bc                TIM3_IRQHandler
 .text.SystemInit
                0x00000000080005d0        0xc Core/Src/system_stm32f1xx.o
                0x00000000080005d0                SystemInit
 .text.Reset_Handler
                0x00000000080005dc       0x48 Core/Startup/startup_stm32f103c8tx.o
                0x00000000080005dc                Reset_Handler
 .text.Default_Handler
                0x0000000008000624        0x2 Core/Startup/startup_stm32f103c8tx.o
                0x0000000008000624                RTC_Alarm_IRQHandler
                0x0000000008000624                EXTI2_IRQHandler
                0x0000000008000624                TIM1_CC_IRQHandler
                0x0000000008000624                PVD_IRQHandler
                0x0000000008000624                EXTI3_IRQHandler
                0x0000000008000624                EXTI0_IRQHandler
                0x0000000008000624                I2C2_EV_IRQHandler
                0x0000000008000624                ADC1_2_IRQHandler
                0x0000000008000624                SPI1_IRQHandler
                0x0000000008000624                TAMPER_IRQHandler
                0x0000000008000624                DMA1_Channel4_IRQHandler
                0x0000000008000624                USART3_IRQHandler
                0x0000000008000624                RTC_IRQHandler
                0x0000000008000624                DMA1_Channel7_IRQHandler
                0x0000000008000624                CAN1_RX1_IRQHandler
                0x0000000008000624                TIM4_IRQHandler
                0x0000000008000624                I2C1_EV_IRQHandler
                0x0000000008000624                DMA1_Channel6_IRQHandler
                0x0000000008000624                RCC_IRQHandler
                0x0000000008000624                TIM1_TRG_COM_IRQHandler
                0x0000000008000624                DMA1_Channel1_IRQHandler
                0x0000000008000624                Default_Handler
                0x0000000008000624                EXTI15_10_IRQHandler
                0x0000000008000624                EXTI9_5_IRQHandler
                0x0000000008000624                SPI2_IRQHandler
                0x0000000008000624                DMA1_Channel5_IRQHandler
                0x0000000008000624                EXTI4_IRQHandler
                0x0000000008000624                USB_LP_CAN1_RX0_IRQHandler
                0x0000000008000624                USB_HP_CAN1_TX_IRQHandler
                0x0000000008000624                DMA1_Channel3_IRQHandler
                0x0000000008000624                TIM1_UP_IRQHandler
                0x0000000008000624                WWDG_IRQHandler
                0x0000000008000624                TIM2_IRQHandler
                0x0000000008000624                TIM1_BRK_IRQHandler
                0x0000000008000624                USART2_IRQHandler
                0x0000000008000624                I2C2_ER_IRQHandler
                0x0000000008000624                DMA1_Channel2_IRQHandler
                0x0000000008000624                CAN1_SCE_IRQHandler
                0x0000000008000624                FLASH_IRQHandler
                0x0000000008000624                USART1_IRQHandler
                0x0000000008000624                I2C1_ER_IRQHandler
                0x0000000008000624                USBWakeUp_IRQHandler
 *fill*         0x0000000008000626        0x2 
 .text.HAL_Init
                0x0000000008000628       0x2c Drivers/STM32F1xx_HAL_Driver/Src/stm32f1xx_hal.o
                0x0000000008000628                HAL_Init
 .text.HAL_IncTick
                0x0000000008000654       0x24 Drivers/STM32F1xx_HAL_Driver/Src/stm32f1xx_hal.o
                0x0000000008000654                HAL_IncTick
 .text.HAL_GetTick
                0x0000000008000678       0x14 Drivers/STM32F1xx_HAL_Driver/Src/stm32f1xx_hal.o
                0x0000000008000678                HAL_GetTick
 .text.HAL_Delay
                0x000000000800068c       0x48 Drivers/STM32F1xx_HAL_Driver/Src/stm32f1xx_hal.o
                0x000000000800068c                HAL_Delay
 .text.__NVIC_SetPriorityGrouping
                0x00000000080006d4       0x48 Drivers/STM32F1xx_HAL_Driver/Src/stm32f1xx_hal_cortex.o
 .text.__NVIC_GetPriorityGrouping
                0x000000000800071c       0x1c Drivers/STM32F1xx_HAL_Driver/Src/stm32f1xx_hal_cortex.o
 .text.__NVIC_EnableIRQ
                0x0000000008000738       0x38 Drivers/STM32F1xx_HAL_Driver/Src/stm32f1xx_hal_cortex.o
 .text.__NVIC_SetPriority
                0x0000000008000770       0x54 Drivers/STM32F1xx_HAL_Driver/Src/stm32f1xx_hal_cortex.o
 .text.NVIC_EncodePriority
                0x00000000080007c4       0x64 Drivers/STM32F1xx_HAL_Driver/Src/stm32f1xx_hal_cortex.o
 .text.HAL_NVIC_SetPriorityGrouping
                0x0000000008000828       0x16 Drivers/STM32F1xx_HAL_Driver/Src/stm32f1xx_hal_cortex.o
                0x0000000008000828                HAL_NVIC_SetPriorityGrouping
 .text.HAL_NVIC_SetPriority
                0x000000000800083e       0x38 Drivers/STM32F1xx_HAL_Driver/Src/stm32f1xx_hal_cortex.o
                0x000000000800083e                HAL_NVIC_SetPriority
 .text.HAL_NVIC_EnableIRQ
                0x0000000008000876       0x1c Drivers/STM32F1xx_HAL_Driver/Src/stm32f1xx_hal_cortex.o
                0x0000000008000876                HAL_NVIC_EnableIRQ
 *fill*         0x0000000008000892        0x2 
 .text.HAL_GPIO_Init
                0x0000000008000894      0x308 Drivers/STM32F1xx_HAL_Driver/Src/stm32f1xx_hal_gpio.o
                0x0000000008000894                HAL_GPIO_Init
 .text.HAL_GPIO_ReadPin
                0x0000000008000b9c       0x2e Drivers/STM32F1xx_HAL_Driver/Src/stm32f1xx_hal_gpio.o
                0x0000000008000b9c                HAL_GPIO_ReadPin
 .text.HAL_GPIO_WritePin
                0x0000000008000bca       0x30 Drivers/STM32F1xx_HAL_Driver/Src/stm32f1xx_hal_gpio.o
                0x0000000008000bca                HAL_GPIO_WritePin
 *fill*         0x0000000008000bfa        0x2 
 .text.HAL_GPIO_EXTI_IRQHandler
                0x0000000008000bfc       0x30 Drivers/STM32F1xx_HAL_Driver/Src/stm32f1xx_hal_gpio.o
                0x0000000008000bfc                HAL_GPIO_EXTI_IRQHandler
 .text.HAL_RCC_OscConfig
                0x0000000008000c2c      0x500 Drivers/STM32F1xx_HAL_Driver/Src/stm32f1xx_hal_rcc.o
                0x0000000008000c2c                HAL_RCC_OscConfig
 .text.HAL_RCC_ClockConfig
                0x000000000800112c      0x1d4 Drivers/STM32F1xx_HAL_Driver/Src/stm32f1xx_hal_rcc.o
                0x000000000800112c                HAL_RCC_ClockConfig
 .text.HAL_RCC_GetSysClockFreq
                0x0000000008001300       0xc0 Drivers/STM32F1xx_HAL_Driver/Src/stm32f1xx_hal_rcc.o
                0x0000000008001300                HAL_RCC_GetSysClockFreq
 .text.HAL_RCC_GetHCLKFreq
                0x00000000080013c0       0x14 Drivers/STM32F1xx_HAL_Driver/Src/stm32f1xx_hal_rcc.o
                0x00000000080013c0                HAL_RCC_GetHCLKFreq
 .text.HAL_RCC_GetPCLK1Freq
                0x00000000080013d4       0x28 Drivers/STM32F1xx_HAL_Driver/Src/stm32f1xx_hal_rcc.o
                0x00000000080013d4                HAL_RCC_GetPCLK1Freq
 .text.HAL_RCC_GetClockConfig
                0x00000000080013fc       0x60 Drivers/STM32F1xx_HAL_Driver/Src/stm32f1xx_hal_rcc.o
                0x00000000080013fc                HAL_RCC_GetClockConfig
 .text.RCC_Delay
                0x000000000800145c       0x3c Drivers/STM32F1xx_HAL_Driver/Src/stm32f1xx_hal_rcc.o
 .text.HAL_TIM_Base_Init
                0x0000000008001498       0x9e Drivers/STM32F1xx_HAL_Driver/Src/stm32f1xx_hal_tim.o
                0x0000000008001498                HAL_TIM_Base_Init
 .text.HAL_TIM_Base_MspInit
                0x0000000008001536       0x12 Drivers/STM32F1xx_HAL_Driver/Src/stm32f1xx_hal_tim.o
                0x0000000008001536                HAL_TIM_Base_MspInit
 .text.HAL_TIM_Base_Start_IT
                0x0000000008001548       0xa4 Drivers/STM32F1xx_HAL_Driver/Src/stm32f1xx_hal_tim.o
                0x0000000008001548                HAL_TIM_Base_Start_IT
 .text.HAL_TIM_IRQHandler
                0x00000000080015ec      0x210 Drivers/STM32F1xx_HAL_Driver/Src/stm32f1xx_hal_tim.o
                0x00000000080015ec                HAL_TIM_IRQHandler
 .text.HAL_TIM_OC_DelayElapsedCallback
                0x00000000080017fc       0x12 Drivers/STM32F1xx_HAL_Driver/Src/stm32f1xx_hal_tim.o
                0x00000000080017fc                HAL_TIM_OC_DelayElapsedCallback
 .text.HAL_TIM_IC_CaptureCallback
                0x000000000800180e       0x12 Drivers/STM32F1xx_HAL_Driver/Src/stm32f1xx_hal_tim.o
                0x000000000800180e                HAL_TIM_IC_CaptureCallback
 .text.HAL_TIM_PWM_PulseFinishedCallback
                0x0000000008001820       0x12 Drivers/STM32F1xx_HAL_Driver/Src/stm32f1xx_hal_tim.o
                0x0000000008001820                HAL_TIM_PWM_PulseFinishedCallback
 .text.HAL_TIM_TriggerCallback
                0x0000000008001832       0x12 Drivers/STM32F1xx_HAL_Driver/Src/stm32f1xx_hal_tim.o
                0x0000000008001832                HAL_TIM_TriggerCallback
 .text.TIM_Base_SetConfig
                0x0000000008001844       0xc4 Drivers/STM32F1xx_HAL_Driver/Src/stm32f1xx_hal_tim.o
                0x0000000008001844                TIM_Base_SetConfig
 .text.HAL_TIMEx_CommutCallback
                0x0000000008001908       0x12 Drivers/STM32F1xx_HAL_Driver/Src/stm32f1xx_hal_tim_ex.o
                0x0000000008001908                HAL_TIMEx_CommutCallback
 .text.HAL_TIMEx_BreakCallback
                0x000000000800191a       0x12 Drivers/STM32F1xx_HAL_Driver/Src/stm32f1xx_hal_tim_ex.o
                0x000000000800191a                HAL_TIMEx_BreakCallback
 .text.osKernelInitialize
                0x000000000800192c       0x64 Middlewares/Third_Party/FreeRTOS/Source/CMSIS_RTOS_V2/cmsis_os2.o
                0x000000000800192c                osKernelInitialize
 .text.osKernelStart
                0x0000000008001990       0x68 Middlewares/Third_Party/FreeRTOS/Source/CMSIS_RTOS_V2/cmsis_os2.o
                0x0000000008001990                osKernelStart
 .text.osThreadNew
                0x00000000080019f8      0x154 Middlewares/Third_Party/FreeRTOS/Source/CMSIS_RTOS_V2/cmsis_os2.o
                0x00000000080019f8                osThreadNew
 .text.osDelay  0x0000000008001b4c       0x5c Middlewares/Third_Party/FreeRTOS/Source/CMSIS_RTOS_V2/cmsis_os2.o
                0x0000000008001b4c                osDelay
 .text.vApplicationGetIdleTaskMemory
                0x0000000008001ba8       0x30 Middlewares/Third_Party/FreeRTOS/Source/CMSIS_RTOS_V2/cmsis_os2.o
                0x0000000008001ba8                vApplicationGetIdleTaskMemory
 .text.vApplicationGetTimerTaskMemory
                0x0000000008001bd8       0x34 Middlewares/Third_Party/FreeRTOS/Source/CMSIS_RTOS_V2/cmsis_os2.o
                0x0000000008001bd8                vApplicationGetTimerTaskMemory
 .text.vListInitialise
                0x0000000008001c0c       0x3e Middlewares/Third_Party/FreeRTOS/Source/list.o
                0x0000000008001c0c                vListInitialise
 .text.vListInitialiseItem
                0x0000000008001c4a       0x18 Middlewares/Third_Party/FreeRTOS/Source/list.o
                0x0000000008001c4a                vListInitialiseItem
 .text.vListInsertEnd
                0x0000000008001c62       0x46 Middlewares/Third_Party/FreeRTOS/Source/list.o
                0x0000000008001c62                vListInsertEnd
 .text.vListInsert
                0x0000000008001ca8       0x70 Middlewares/Third_Party/FreeRTOS/Source/list.o
                0x0000000008001ca8                vListInsert
 .text.uxListRemove
                0x0000000008001d18       0x52 Middlewares/Third_Party/FreeRTOS/Source/list.o
                0x0000000008001d18                uxListRemove
 *fill*         0x0000000008001d6a        0x2 
 .text.xQueueGenericReset
                0x0000000008001d6c       0xd0 Middlewares/Third_Party/FreeRTOS/Source/queue.o
                0x0000000008001d6c                xQueueGenericReset
 .text.xQueueGenericCreateStatic
                0x0000000008001e3c       0xee Middlewares/Third_Party/FreeRTOS/Source/queue.o
                0x0000000008001e3c                xQueueGenericCreateStatic
 .text.prvInitialiseNewQueue
                0x0000000008001f2a       0x46 Middlewares/Third_Party/FreeRTOS/Source/queue.o
 .text.xQueueGenericSend
                0x0000000008001f70      0x1fc Middlewares/Third_Party/FreeRTOS/Source/queue.o
                0x0000000008001f70                xQueueGenericSend
 .text.xQueueGenericSendFromISR
                0x000000000800216c      0x130 Middlewares/Third_Party/FreeRTOS/Source/queue.o
                0x000000000800216c                xQueueGenericSendFromISR
 .text.xQueueReceive
                0x000000000800229c      0x1c0 Middlewares/Third_Party/FreeRTOS/Source/queue.o
                0x000000000800229c                xQueueReceive
 .text.prvCopyDataToQueue
                0x000000000800245c       0xd4 Middlewares/Third_Party/FreeRTOS/Source/queue.o
 .text.prvCopyDataFromQueue
                0x0000000008002530       0x4c Middlewares/Third_Party/FreeRTOS/Source/queue.o
 .text.prvUnlockQueue
                0x000000000800257c       0xa4 Middlewares/Third_Party/FreeRTOS/Source/queue.o
 .text.prvIsQueueEmpty
                0x0000000008002620       0x2c Middlewares/Third_Party/FreeRTOS/Source/queue.o
 .text.prvIsQueueFull
                0x000000000800264c       0x30 Middlewares/Third_Party/FreeRTOS/Source/queue.o
 .text.vQueueAddToRegistry
                0x000000000800267c       0x50 Middlewares/Third_Party/FreeRTOS/Source/queue.o
                0x000000000800267c                vQueueAddToRegistry
 .text.vQueueWaitForMessageRestricted
                0x00000000080026cc       0x68 Middlewares/Third_Party/FreeRTOS/Source/queue.o
                0x00000000080026cc                vQueueWaitForMessageRestricted
 .text.xTaskCreateStatic
                0x0000000008002734       0xb8 Middlewares/Third_Party/FreeRTOS/Source/tasks.o
                0x0000000008002734                xTaskCreateStatic
 .text.xTaskCreate
                0x00000000080027ec       0x8a Middlewares/Third_Party/FreeRTOS/Source/tasks.o
                0x00000000080027ec                xTaskCreate
 .text.prvInitialiseNewTask
                0x0000000008002876      0x10e Middlewares/Third_Party/FreeRTOS/Source/tasks.o
 .text.prvAddNewTaskToReadyList
                0x0000000008002984       0xe0 Middlewares/Third_Party/FreeRTOS/Source/tasks.o
 .text.vTaskDelay
                0x0000000008002a64       0x68 Middlewares/Third_Party/FreeRTOS/Source/tasks.o
                0x0000000008002a64                vTaskDelay
 .text.vTaskStartScheduler
                0x0000000008002acc       0xcc Middlewares/Third_Party/FreeRTOS/Source/tasks.o
                0x0000000008002acc                vTaskStartScheduler
 .text.vTaskSuspendAll
                0x0000000008002b98       0x1c Middlewares/Third_Party/FreeRTOS/Source/tasks.o
                0x0000000008002b98                vTaskSuspendAll
 .text.xTaskResumeAll
                0x0000000008002bb4      0x13c Middlewares/Third_Party/FreeRTOS/Source/tasks.o
                0x0000000008002bb4                xTaskResumeAll
 .text.xTaskGetTickCount
                0x0000000008002cf0       0x1c Middlewares/Third_Party/FreeRTOS/Source/tasks.o
                0x0000000008002cf0                xTaskGetTickCount
 .text.xTaskIncrementTick
                0x0000000008002d0c      0x17c Middlewares/Third_Party/FreeRTOS/Source/tasks.o
                0x0000000008002d0c                xTaskIncrementTick
 .text.vTaskSwitchContext
                0x0000000008002e88       0xb8 Middlewares/Third_Party/FreeRTOS/Source/tasks.o
                0x0000000008002e88                vTaskSwitchContext
 .text.vTaskPlaceOnEventList
                0x0000000008002f40       0x48 Middlewares/Third_Party/FreeRTOS/Source/tasks.o
                0x0000000008002f40                vTaskPlaceOnEventList
 .text.vTaskPlaceOnEventListRestricted
                0x0000000008002f88       0x58 Middlewares/Third_Party/FreeRTOS/Source/tasks.o
                0x0000000008002f88                vTaskPlaceOnEventListRestricted
 .text.xTaskRemoveFromEventList
                0x0000000008002fe0       0xc8 Middlewares/Third_Party/FreeRTOS/Source/tasks.o
                0x0000000008002fe0                xTaskRemoveFromEventList
 .text.vTaskInternalSetTimeOutState
                0x00000000080030a8       0x2c Middlewares/Third_Party/FreeRTOS/Source/tasks.o
                0x00000000080030a8                vTaskInternalSetTimeOutState
 .text.xTaskCheckForTimeOut
                0x00000000080030d4       0xc4 Middlewares/Third_Party/FreeRTOS/Source/tasks.o
                0x00000000080030d4                xTaskCheckForTimeOut
 .text.vTaskMissedYield
                0x0000000008003198       0x18 Middlewares/Third_Party/FreeRTOS/Source/tasks.o
                0x0000000008003198                vTaskMissedYield
 .text.prvIdleTask
                0x00000000080031b0       0x30 Middlewares/Third_Party/FreeRTOS/Source/tasks.o
 .text.prvInitialiseTaskLists
                0x00000000080031e0       0x80 Middlewares/Third_Party/FreeRTOS/Source/tasks.o
 .text.prvCheckTasksWaitingTermination
                0x0000000008003260       0x5c Middlewares/Third_Party/FreeRTOS/Source/tasks.o
 .text.prvDeleteTCB
                0x00000000080032bc       0x5e Middlewares/Third_Party/FreeRTOS/Source/tasks.o
 *fill*         0x000000000800331a        0x2 
 .text.prvResetNextTaskUnblockTime
                0x000000000800331c       0x48 Middlewares/Third_Party/FreeRTOS/Source/tasks.o
 .text.xTaskGetSchedulerState
                0x0000000008003364       0x3c Middlewares/Third_Party/FreeRTOS/Source/tasks.o
                0x0000000008003364                xTaskGetSchedulerState
 .text.xTaskPriorityDisinherit
                0x00000000080033a0       0xdc Middlewares/Third_Party/FreeRTOS/Source/tasks.o
                0x00000000080033a0                xTaskPriorityDisinherit
 .text.prvAddCurrentTaskToDelayedList
                0x000000000800347c       0xa8 Middlewares/Third_Party/FreeRTOS/Source/tasks.o
 .text.xTimerCreateTimerTask
                0x0000000008003524       0x90 Middlewares/Third_Party/FreeRTOS/Source/timers.o
                0x0000000008003524                xTimerCreateTimerTask
 .text.xTimerGenericCommand
                0x00000000080035b4       0x9c Middlewares/Third_Party/FreeRTOS/Source/timers.o
                0x00000000080035b4                xTimerGenericCommand
 .text.prvProcessExpiredTimer
                0x0000000008003650       0x80 Middlewares/Third_Party/FreeRTOS/Source/timers.o
 .text.prvTimerTask
                0x00000000080036d0       0x24 Middlewares/Third_Party/FreeRTOS/Source/timers.o
 .text.prvProcessTimerOrBlockTask
                0x00000000080036f4       0x9c Middlewares/Third_Party/FreeRTOS/Source/timers.o
 .text.prvGetNextExpireTime
                0x0000000008003790       0x48 Middlewares/Third_Party/FreeRTOS/Source/timers.o
 .text.prvSampleTimeNow
                0x00000000080037d8       0x40 Middlewares/Third_Party/FreeRTOS/Source/timers.o
 .text.prvInsertTimerInActiveList
                0x0000000008003818       0x84 Middlewares/Third_Party/FreeRTOS/Source/timers.o
 .text.prvProcessReceivedCommands
                0x000000000800389c      0x168 Middlewares/Third_Party/FreeRTOS/Source/timers.o
 .text.prvSwitchTimerLists
                0x0000000008003a04       0xc4 Middlewares/Third_Party/FreeRTOS/Source/timers.o
 .text.prvCheckForValidListAndQueue
                0x0000000008003ac8       0x80 Middlewares/Third_Party/FreeRTOS/Source/timers.o
 .text.pxPortInitialiseStack
                0x0000000008003b48       0x58 Middlewares/Third_Party/FreeRTOS/Source/portable/GCC/ARM_CM3/port.o
                0x0000000008003b48                pxPortInitialiseStack
 .text.prvTaskExitError
                0x0000000008003ba0       0x58 Middlewares/Third_Party/FreeRTOS/Source/portable/GCC/ARM_CM3/port.o
 *fill*         0x0000000008003bf8        0x8 
 .text.SVC_Handler
                0x0000000008003c00       0x28 Middlewares/Third_Party/FreeRTOS/Source/portable/GCC/ARM_CM3/port.o
                0x0000000008003c00                SVC_Handler
 .text.prvPortStartFirstTask
                0x0000000008003c28       0x20 Middlewares/Third_Party/FreeRTOS/Source/portable/GCC/ARM_CM3/port.o
 .text.xPortStartScheduler
                0x0000000008003c48       0xe4 Middlewares/Third_Party/FreeRTOS/Source/portable/GCC/ARM_CM3/port.o
                0x0000000008003c48                xPortStartScheduler
 .text.vPortEnterCritical
                0x0000000008003d2c       0x60 Middlewares/Third_Party/FreeRTOS/Source/portable/GCC/ARM_CM3/port.o
                0x0000000008003d2c                vPortEnterCritical
 .text.vPortExitCritical
                0x0000000008003d8c       0x50 Middlewares/Third_Party/FreeRTOS/Source/portable/GCC/ARM_CM3/port.o
                0x0000000008003d8c                vPortExitCritical
 *fill*         0x0000000008003ddc        0x4 
 .text.PendSV_Handler
                0x0000000008003de0       0x48 Middlewares/Third_Party/FreeRTOS/Source/portable/GCC/ARM_CM3/port.o
                0x0000000008003de0                PendSV_Handler
 .text.SysTick_Handler
                0x0000000008003e28       0x44 Middlewares/Third_Party/FreeRTOS/Source/portable/GCC/ARM_CM3/port.o
                0x0000000008003e28                SysTick_Handler
 .text.vPortSetupTimerInterrupt
                0x0000000008003e6c       0x44 Middlewares/Third_Party/FreeRTOS/Source/portable/GCC/ARM_CM3/port.o
                0x0000000008003e6c                vPortSetupTimerInterrupt
 .text.vPortValidateInterruptPriority
                0x0000000008003eb0       0x7c Middlewares/Third_Party/FreeRTOS/Source/portable/GCC/ARM_CM3/port.o
                0x0000000008003eb0                vPortValidateInterruptPriority
 .text.pvPortMalloc
                0x0000000008003f2c      0x188 Middlewares/Third_Party/FreeRTOS/Source/portable/MemMang/heap_4.o
                0x0000000008003f2c                pvPortMalloc
 .text.vPortFree
                0x00000000080040b4       0xb4 Middlewares/Third_Party/FreeRTOS/Source/portable/MemMang/heap_4.o
                0x00000000080040b4                vPortFree
 .text.prvHeapInit
                0x0000000008004168       0xc4 Middlewares/Third_Party/FreeRTOS/Source/portable/MemMang/heap_4.o
 .text.prvInsertBlockIntoFreeList
                0x000000000800422c       0xb0 Middlewares/Third_Party/FreeRTOS/Source/portable/MemMang/heap_4.o
 .text.__libc_init_array
                0x00000000080042dc       0x48 c:/st/stm32cubeide_1.6.1/stm32cubeide/plugins/com.st.stm32cube.ide.mcu.externaltools.gnu-tools-for-stm32.9-2020-q2-update.win32_1.5.0.202011040924/tools/bin/../lib/gcc/arm-none-eabi/9.3.1/../../../../arm-none-eabi/lib/thumb/v7-m/nofp\libc_nano.a(lib_a-init.o)
                0x00000000080042dc                __libc_init_array
 .text.memcpy   0x0000000008004324       0x1c c:/st/stm32cubeide_1.6.1/stm32cubeide/plugins/com.st.stm32cube.ide.mcu.externaltools.gnu-tools-for-stm32.9-2020-q2-update.win32_1.5.0.202011040924/tools/bin/../lib/gcc/arm-none-eabi/9.3.1/../../../../arm-none-eabi/lib/thumb/v7-m/nofp\libc_nano.a(lib_a-memcpy-stub.o)
                0x0000000008004324                memcpy
 .text.memset   0x0000000008004340       0x10 c:/st/stm32cubeide_1.6.1/stm32cubeide/plugins/com.st.stm32cube.ide.mcu.externaltools.gnu-tools-for-stm32.9-2020-q2-update.win32_1.5.0.202011040924/tools/bin/../lib/gcc/arm-none-eabi/9.3.1/../../../../arm-none-eabi/lib/thumb/v7-m/nofp\libc_nano.a(lib_a-memset.o)
                0x0000000008004340                memset
 *(.glue_7)
 .glue_7        0x0000000008004350        0x0 linker stubs
 *(.glue_7t)
 .glue_7t       0x0000000008004350        0x0 linker stubs
 *(.eh_frame)
 .eh_frame      0x0000000008004350        0x0 c:/st/stm32cubeide_1.6.1/stm32cubeide/plugins/com.st.stm32cube.ide.mcu.externaltools.gnu-tools-for-stm32.9-2020-q2-update.win32_1.5.0.202011040924/tools/bin/../lib/gcc/arm-none-eabi/9.3.1/thumb/v7-m/nofp/crtbegin.o
 *(.init)
 .init          0x0000000008004350        0x4 c:/st/stm32cubeide_1.6.1/stm32cubeide/plugins/com.st.stm32cube.ide.mcu.externaltools.gnu-tools-for-stm32.9-2020-q2-update.win32_1.5.0.202011040924/tools/bin/../lib/gcc/arm-none-eabi/9.3.1/thumb/v7-m/nofp/crti.o
                0x0000000008004350                _init
 .init          0x0000000008004354        0x8 c:/st/stm32cubeide_1.6.1/stm32cubeide/plugins/com.st.stm32cube.ide.mcu.externaltools.gnu-tools-for-stm32.9-2020-q2-update.win32_1.5.0.202011040924/tools/bin/../lib/gcc/arm-none-eabi/9.3.1/thumb/v7-m/nofp/crtn.o
 *(.fini)
 .fini          0x000000000800435c        0x4 c:/st/stm32cubeide_1.6.1/stm32cubeide/plugins/com.st.stm32cube.ide.mcu.externaltools.gnu-tools-for-stm32.9-2020-q2-update.win32_1.5.0.202011040924/tools/bin/../lib/gcc/arm-none-eabi/9.3.1/thumb/v7-m/nofp/crti.o
                0x000000000800435c                _fini
 .fini          0x0000000008004360        0x8 c:/st/stm32cubeide_1.6.1/stm32cubeide/plugins/com.st.stm32cube.ide.mcu.externaltools.gnu-tools-for-stm32.9-2020-q2-update.win32_1.5.0.202011040924/tools/bin/../lib/gcc/arm-none-eabi/9.3.1/thumb/v7-m/nofp/crtn.o
                0x0000000008004368                . = ALIGN (0x4)
                0x0000000008004368                _etext = .

.vfp11_veneer   0x0000000008004368        0x0
 .vfp11_veneer  0x0000000008004368        0x0 linker stubs

.v4_bx          0x0000000008004368        0x0
 .v4_bx         0x0000000008004368        0x0 linker stubs

.iplt           0x0000000008004368        0x0
 .iplt          0x0000000008004368        0x0 c:/st/stm32cubeide_1.6.1/stm32cubeide/plugins/com.st.stm32cube.ide.mcu.externaltools.gnu-tools-for-stm32.9-2020-q2-update.win32_1.5.0.202011040924/tools/bin/../lib/gcc/arm-none-eabi/9.3.1/thumb/v7-m/nofp/crtbegin.o

.rodata         0x0000000008004368       0x88
                0x0000000008004368                . = ALIGN (0x4)
 *(.rodata)
 .rodata        0x0000000008004368       0x21 Core/Src/freertos.o
 *fill*         0x0000000008004389        0x3 
 .rodata        0x000000000800438c       0x10 Drivers/STM32F1xx_HAL_Driver/Src/stm32f1xx_hal_rcc.o
 .rodata        0x000000000800439c        0x5 Middlewares/Third_Party/FreeRTOS/Source/tasks.o
 *fill*         0x00000000080043a1        0x3 
 .rodata        0x00000000080043a4        0xd Middlewares/Third_Party/FreeRTOS/Source/timers.o
 *(.rodata*)
 *fill*         0x00000000080043b1        0x3 
 .rodata.defaultTask_attributes
                0x00000000080043b4       0x24 Core/Src/freertos.o
                0x00000000080043b4                defaultTask_attributes
 .rodata.AHBPrescTable
                0x00000000080043d8       0x10 Core/Src/system_stm32f1xx.o
                0x00000000080043d8                AHBPrescTable
 .rodata.APBPrescTable
                0x00000000080043e8        0x8 Core/Src/system_stm32f1xx.o
                0x00000000080043e8                APBPrescTable
                0x00000000080043f0                . = ALIGN (0x4)

.rel.dyn        0x00000000080043f0        0x0
 .rel.iplt      0x00000000080043f0        0x0 c:/st/stm32cubeide_1.6.1/stm32cubeide/plugins/com.st.stm32cube.ide.mcu.externaltools.gnu-tools-for-stm32.9-2020-q2-update.win32_1.5.0.202011040924/tools/bin/../lib/gcc/arm-none-eabi/9.3.1/thumb/v7-m/nofp/crtbegin.o

.ARM.extab      0x00000000080043f0        0x0
                0x00000000080043f0                . = ALIGN (0x4)
 *(.ARM.extab* .gnu.linkonce.armextab.*)
                0x00000000080043f0                . = ALIGN (0x4)

.ARM            0x00000000080043f0        0x0
                0x00000000080043f0                . = ALIGN (0x4)
                0x00000000080043f0                __exidx_start = .
 *(.ARM.exidx*)
                0x00000000080043f0                __exidx_end = .
                0x00000000080043f0                . = ALIGN (0x4)

.preinit_array  0x00000000080043f0        0x0
                0x00000000080043f0                . = ALIGN (0x4)
                0x00000000080043f0                PROVIDE (__preinit_array_start = .)
 *(.preinit_array*)
                0x00000000080043f0                PROVIDE (__preinit_array_end = .)
                0x00000000080043f0                . = ALIGN (0x4)

.init_array     0x00000000080043f0        0x4
                0x00000000080043f0                . = ALIGN (0x4)
                0x00000000080043f0                PROVIDE (__init_array_start = .)
 *(SORT_BY_NAME(.init_array.*))
 *(.init_array*)
 .init_array    0x00000000080043f0        0x4 c:/st/stm32cubeide_1.6.1/stm32cubeide/plugins/com.st.stm32cube.ide.mcu.externaltools.gnu-tools-for-stm32.9-2020-q2-update.win32_1.5.0.202011040924/tools/bin/../lib/gcc/arm-none-eabi/9.3.1/thumb/v7-m/nofp/crtbegin.o
                0x00000000080043f4                PROVIDE (__init_array_end = .)
                0x00000000080043f4                . = ALIGN (0x4)

.fini_array     0x00000000080043f4        0x4
                0x00000000080043f4                . = ALIGN (0x4)
                [!provide]                        PROVIDE (__fini_array_start = .)
 *(SORT_BY_NAME(.fini_array.*))
 *(.fini_array*)
 .fini_array    0x00000000080043f4        0x4 c:/st/stm32cubeide_1.6.1/stm32cubeide/plugins/com.st.stm32cube.ide.mcu.externaltools.gnu-tools-for-stm32.9-2020-q2-update.win32_1.5.0.202011040924/tools/bin/../lib/gcc/arm-none-eabi/9.3.1/thumb/v7-m/nofp/crtbegin.o
                [!provide]                        PROVIDE (__fini_array_end = .)
                0x00000000080043f8                . = ALIGN (0x4)
                0x00000000080043f8                _sidata = LOADADDR (.data)

.data           0x0000000020000000       0x14 load address 0x00000000080043f8
                0x0000000020000000                . = ALIGN (0x4)
                0x0000000020000000                _sdata = .
 *(.data)
 *(.data*)
 .data.u8LedStatus
                0x0000000020000000        0x1 Core/Src/freertos.o
                0x0000000020000000                u8LedStatus
 *fill*         0x0000000020000001        0x3 
 .data.SystemCoreClock
                0x0000000020000004        0x4 Core/Src/system_stm32f1xx.o
                0x0000000020000004                SystemCoreClock
 .data.uwTickPrio
                0x0000000020000008        0x4 Drivers/STM32F1xx_HAL_Driver/Src/stm32f1xx_hal.o
                0x0000000020000008                uwTickPrio
 .data.uwTickFreq
                0x000000002000000c        0x1 Drivers/STM32F1xx_HAL_Driver/Src/stm32f1xx_hal.o
                0x000000002000000c                uwTickFreq
 *fill*         0x000000002000000d        0x3 
 .data.uxCriticalNesting
                0x0000000020000010        0x4 Middlewares/Third_Party/FreeRTOS/Source/portable/GCC/ARM_CM3/port.o
 *(.RamFunc)
 *(.RamFunc*)
                0x0000000020000014                . = ALIGN (0x4)
                0x0000000020000014                _edata = .

.igot.plt       0x0000000020000014        0x0 load address 0x000000000800440c
 .igot.plt      0x0000000020000014        0x0 c:/st/stm32cubeide_1.6.1/stm32cubeide/plugins/com.st.stm32cube.ide.mcu.externaltools.gnu-tools-for-stm32.9-2020-q2-update.win32_1.5.0.202011040924/tools/bin/../lib/gcc/arm-none-eabi/9.3.1/thumb/v7-m/nofp/crtbegin.o
                0x0000000020000014                . = ALIGN (0x4)

.bss            0x0000000020000014     0x19c0 load address 0x000000000800440c
                0x0000000020000014                _sbss = .
                0x0000000020000014                __bss_start__ = _sbss
 *(.bss)
 .bss           0x0000000020000014       0x1c c:/st/stm32cubeide_1.6.1/stm32cubeide/plugins/com.st.stm32cube.ide.mcu.externaltools.gnu-tools-for-stm32.9-2020-q2-update.win32_1.5.0.202011040924/tools/bin/../lib/gcc/arm-none-eabi/9.3.1/thumb/v7-m/nofp/crtbegin.o
 *(.bss*)
 .bss.LEDTask   0x0000000020000030        0x4 Core/Src/freertos.o
                0x0000000020000030                LEDTask
 .bss.BtnTask   0x0000000020000034        0x4 Core/Src/freertos.o
                0x0000000020000034                BtnTask
 .bss.u8Count   0x0000000020000038        0x1 Core/Src/main.o
                0x0000000020000038                u8Count
 *fill*         0x0000000020000039        0x3 
 .bss.KernelState
                0x000000002000003c        0x4 Middlewares/Third_Party/FreeRTOS/Source/CMSIS_RTOS_V2/cmsis_os2.o
 .bss.Idle_TCB  0x0000000020000040       0x5c Middlewares/Third_Party/FreeRTOS/Source/CMSIS_RTOS_V2/cmsis_os2.o
 .bss.Idle_Stack
                0x000000002000009c      0x200 Middlewares/Third_Party/FreeRTOS/Source/CMSIS_RTOS_V2/cmsis_os2.o
 .bss.Timer_TCB
                0x000000002000029c       0x5c Middlewares/Third_Party/FreeRTOS/Source/CMSIS_RTOS_V2/cmsis_os2.o
 .bss.Timer_Stack
                0x00000000200002f8      0x400 Middlewares/Third_Party/FreeRTOS/Source/CMSIS_RTOS_V2/cmsis_os2.o
 .bss.pxCurrentTCB
                0x00000000200006f8        0x4 Middlewares/Third_Party/FreeRTOS/Source/tasks.o
                0x00000000200006f8                pxCurrentTCB
 .bss.pxReadyTasksLists
                0x00000000200006fc      0x460 Middlewares/Third_Party/FreeRTOS/Source/tasks.o
 .bss.xDelayedTaskList1
                0x0000000020000b5c       0x14 Middlewares/Third_Party/FreeRTOS/Source/tasks.o
 .bss.xDelayedTaskList2
                0x0000000020000b70       0x14 Middlewares/Third_Party/FreeRTOS/Source/tasks.o
 .bss.pxDelayedTaskList
                0x0000000020000b84        0x4 Middlewares/Third_Party/FreeRTOS/Source/tasks.o
 .bss.pxOverflowDelayedTaskList
                0x0000000020000b88        0x4 Middlewares/Third_Party/FreeRTOS/Source/tasks.o
 .bss.xPendingReadyList
                0x0000000020000b8c       0x14 Middlewares/Third_Party/FreeRTOS/Source/tasks.o
 .bss.xTasksWaitingTermination
                0x0000000020000ba0       0x14 Middlewares/Third_Party/FreeRTOS/Source/tasks.o
 .bss.uxDeletedTasksWaitingCleanUp
                0x0000000020000bb4        0x4 Middlewares/Third_Party/FreeRTOS/Source/tasks.o
 .bss.xSuspendedTaskList
                0x0000000020000bb8       0x14 Middlewares/Third_Party/FreeRTOS/Source/tasks.o
 .bss.uxCurrentNumberOfTasks
                0x0000000020000bcc        0x4 Middlewares/Third_Party/FreeRTOS/Source/tasks.o
 .bss.xTickCount
                0x0000000020000bd0        0x4 Middlewares/Third_Party/FreeRTOS/Source/tasks.o
 .bss.uxTopReadyPriority
                0x0000000020000bd4        0x4 Middlewares/Third_Party/FreeRTOS/Source/tasks.o
 .bss.xSchedulerRunning
                0x0000000020000bd8        0x4 Middlewares/Third_Party/FreeRTOS/Source/tasks.o
 .bss.uxPendedTicks
                0x0000000020000bdc        0x4 Middlewares/Third_Party/FreeRTOS/Source/tasks.o
 .bss.xYieldPending
                0x0000000020000be0        0x4 Middlewares/Third_Party/FreeRTOS/Source/tasks.o
 .bss.xNumOfOverflows
                0x0000000020000be4        0x4 Middlewares/Third_Party/FreeRTOS/Source/tasks.o
 .bss.uxTaskNumber
                0x0000000020000be8        0x4 Middlewares/Third_Party/FreeRTOS/Source/tasks.o
 .bss.xNextTaskUnblockTime
                0x0000000020000bec        0x4 Middlewares/Third_Party/FreeRTOS/Source/tasks.o
 .bss.xIdleTaskHandle
                0x0000000020000bf0        0x4 Middlewares/Third_Party/FreeRTOS/Source/tasks.o
 .bss.uxSchedulerSuspended
                0x0000000020000bf4        0x4 Middlewares/Third_Party/FreeRTOS/Source/tasks.o
 .bss.xActiveTimerList1
                0x0000000020000bf8       0x14 Middlewares/Third_Party/FreeRTOS/Source/timers.o
 .bss.xActiveTimerList2
                0x0000000020000c0c       0x14 Middlewares/Third_Party/FreeRTOS/Source/timers.o
 .bss.pxCurrentTimerList
                0x0000000020000c20        0x4 Middlewares/Third_Party/FreeRTOS/Source/timers.o
 .bss.pxOverflowTimerList
                0x0000000020000c24        0x4 Middlewares/Third_Party/FreeRTOS/Source/timers.o
 .bss.xTimerQueue
                0x0000000020000c28        0x4 Middlewares/Third_Party/FreeRTOS/Source/timers.o
 .bss.xTimerTaskHandle
                0x0000000020000c2c        0x4 Middlewares/Third_Party/FreeRTOS/Source/timers.o
 .bss.xLastTime.5524
                0x0000000020000c30        0x4 Middlewares/Third_Party/FreeRTOS/Source/timers.o
 .bss.ucStaticTimerQueueStorage.5575
                0x0000000020000c34       0xa0 Middlewares/Third_Party/FreeRTOS/Source/timers.o
 .bss.xStaticTimerQueue.5574
                0x0000000020000cd4       0x50 Middlewares/Third_Party/FreeRTOS/Source/timers.o
 .bss.ucMaxSysCallPriority
                0x0000000020000d24        0x1 Middlewares/Third_Party/FreeRTOS/Source/portable/GCC/ARM_CM3/port.o
 *fill*         0x0000000020000d25        0x3 
 .bss.ulMaxPRIGROUPValue
                0x0000000020000d28        0x4 Middlewares/Third_Party/FreeRTOS/Source/portable/GCC/ARM_CM3/port.o
 .bss.ucHeap    0x0000000020000d2c      0xc00 Middlewares/Third_Party/FreeRTOS/Source/portable/MemMang/heap_4.o
 .bss.xStart    0x000000002000192c        0x8 Middlewares/Third_Party/FreeRTOS/Source/portable/MemMang/heap_4.o
 .bss.pxEnd     0x0000000020001934        0x4 Middlewares/Third_Party/FreeRTOS/Source/portable/MemMang/heap_4.o
 .bss.xFreeBytesRemaining
                0x0000000020001938        0x4 Middlewares/Third_Party/FreeRTOS/Source/portable/MemMang/heap_4.o
 .bss.xMinimumEverFreeBytesRemaining
                0x000000002000193c        0x4 Middlewares/Third_Party/FreeRTOS/Source/portable/MemMang/heap_4.o
 .bss.xBlockAllocatedBit
                0x0000000020001940        0x4 Middlewares/Third_Party/FreeRTOS/Source/portable/MemMang/heap_4.o
 *(COMMON)
 COMMON         0x0000000020001944        0x4 Core/Src/freertos.o
                0x0000000020001944                defaultTaskHandle
 COMMON         0x0000000020001948       0x48 Core/Src/stm32f1xx_hal_timebase_tim.o
                0x0000000020001948                htim3
 COMMON         0x0000000020001990        0x4 Drivers/STM32F1xx_HAL_Driver/Src/stm32f1xx_hal.o
                0x0000000020001990                uwTick
 COMMON         0x0000000020001994       0x40 Middlewares/Third_Party/FreeRTOS/Source/queue.o
                0x0000000020001994                xQueueRegistry
                0x00000000200019d4                . = ALIGN (0x4)
                0x00000000200019d4                _ebss = .
                0x00000000200019d4                __bss_end__ = _ebss

._user_heap_stack
                0x00000000200019d4      0x604 load address 0x000000000800440c
                0x00000000200019d8                . = ALIGN (0x8)
 *fill*         0x00000000200019d4        0x4 
                [!provide]                        PROVIDE (end = .)
                0x00000000200019d8                PROVIDE (_end = .)
                0x0000000020001bd8                . = (. + _Min_Heap_Size)
 *fill*         0x00000000200019d8      0x200 
                0x0000000020001fd8                . = (. + _Min_Stack_Size)
 *fill*         0x0000000020001bd8      0x400 
                0x0000000020001fd8                . = ALIGN (0x8)

/DISCARD/
 libc.a(*)
 libm.a(*)
 libgcc.a(*)

.ARM.attributes
                0x0000000000000000       0x29
 *(.ARM.attributes)
 .ARM.attributes
                0x0000000000000000       0x1d c:/st/stm32cubeide_1.6.1/stm32cubeide/plugins/com.st.stm32cube.ide.mcu.externaltools.gnu-tools-for-stm32.9-2020-q2-update.win32_1.5.0.202011040924/tools/bin/../lib/gcc/arm-none-eabi/9.3.1/thumb/v7-m/nofp/crti.o
 .ARM.attributes
                0x000000000000001d       0x2d c:/st/stm32cubeide_1.6.1/stm32cubeide/plugins/com.st.stm32cube.ide.mcu.externaltools.gnu-tools-for-stm32.9-2020-q2-update.win32_1.5.0.202011040924/tools/bin/../lib/gcc/arm-none-eabi/9.3.1/thumb/v7-m/nofp/crtbegin.o
 .ARM.attributes
                0x000000000000004a       0x2d Core/Src/freertos.o
 .ARM.attributes
                0x0000000000000077       0x2d Core/Src/gpio.o
 .ARM.attributes
                0x00000000000000a4       0x2d Core/Src/main.o
 .ARM.attributes
                0x00000000000000d1       0x2d Core/Src/stm32f1xx_hal_msp.o
 .ARM.attributes
                0x00000000000000fe       0x2d Core/Src/stm32f1xx_hal_timebase_tim.o
 .ARM.attributes
                0x000000000000012b       0x2d Core/Src/stm32f1xx_it.o
 .ARM.attributes
                0x0000000000000158       0x2d Core/Src/system_stm32f1xx.o
 .ARM.attributes
                0x0000000000000185       0x21 Core/Startup/startup_stm32f103c8tx.o
 .ARM.attributes
                0x00000000000001a6       0x2d Drivers/STM32F1xx_HAL_Driver/Src/stm32f1xx_hal.o
 .ARM.attributes
                0x00000000000001d3       0x2d Drivers/STM32F1xx_HAL_Driver/Src/stm32f1xx_hal_cortex.o
 .ARM.attributes
                0x0000000000000200       0x2d Drivers/STM32F1xx_HAL_Driver/Src/stm32f1xx_hal_gpio.o
 .ARM.attributes
                0x000000000000022d       0x2d Drivers/STM32F1xx_HAL_Driver/Src/stm32f1xx_hal_rcc.o
 .ARM.attributes
                0x000000000000025a       0x2d Drivers/STM32F1xx_HAL_Driver/Src/stm32f1xx_hal_tim.o
 .ARM.attributes
                0x0000000000000287       0x2d Drivers/STM32F1xx_HAL_Driver/Src/stm32f1xx_hal_tim_ex.o
 .ARM.attributes
                0x00000000000002b4       0x2d Middlewares/Third_Party/FreeRTOS/Source/CMSIS_RTOS_V2/cmsis_os2.o
 .ARM.attributes
                0x00000000000002e1       0x2d Middlewares/Third_Party/FreeRTOS/Source/list.o
 .ARM.attributes
                0x000000000000030e       0x2d Middlewares/Third_Party/FreeRTOS/Source/queue.o
 .ARM.attributes
                0x000000000000033b       0x2d Middlewares/Third_Party/FreeRTOS/Source/tasks.o
 .ARM.attributes
                0x0000000000000368       0x2d Middlewares/Third_Party/FreeRTOS/Source/timers.o
 .ARM.attributes
                0x0000000000000395       0x2d Middlewares/Third_Party/FreeRTOS/Source/portable/GCC/ARM_CM3/port.o
 .ARM.attributes
                0x00000000000003c2       0x2d Middlewares/Third_Party/FreeRTOS/Source/portable/MemMang/heap_4.o
 .ARM.attributes
                0x00000000000003ef       0x2d c:/st/stm32cubeide_1.6.1/stm32cubeide/plugins/com.st.stm32cube.ide.mcu.externaltools.gnu-tools-for-stm32.9-2020-q2-update.win32_1.5.0.202011040924/tools/bin/../lib/gcc/arm-none-eabi/9.3.1/../../../../arm-none-eabi/lib/thumb/v7-m/nofp\libc_nano.a(lib_a-init.o)
 .ARM.attributes
                0x000000000000041c       0x2d c:/st/stm32cubeide_1.6.1/stm32cubeide/plugins/com.st.stm32cube.ide.mcu.externaltools.gnu-tools-for-stm32.9-2020-q2-update.win32_1.5.0.202011040924/tools/bin/../lib/gcc/arm-none-eabi/9.3.1/../../../../arm-none-eabi/lib/thumb/v7-m/nofp\libc_nano.a(lib_a-memcpy-stub.o)
 .ARM.attributes
                0x0000000000000449       0x2d c:/st/stm32cubeide_1.6.1/stm32cubeide/plugins/com.st.stm32cube.ide.mcu.externaltools.gnu-tools-for-stm32.9-2020-q2-update.win32_1.5.0.202011040924/tools/bin/../lib/gcc/arm-none-eabi/9.3.1/../../../../arm-none-eabi/lib/thumb/v7-m/nofp\libc_nano.a(lib_a-memset.o)
 .ARM.attributes
                0x0000000000000476       0x1d c:/st/stm32cubeide_1.6.1/stm32cubeide/plugins/com.st.stm32cube.ide.mcu.externaltools.gnu-tools-for-stm32.9-2020-q2-update.win32_1.5.0.202011040924/tools/bin/../lib/gcc/arm-none-eabi/9.3.1/thumb/v7-m/nofp/crtn.o
OUTPUT(RTOS_LED_BUTTON.elf elf32-littlearm)
LOAD linker stubs
LOAD c:/st/stm32cubeide_1.6.1/stm32cubeide/plugins/com.st.stm32cube.ide.mcu.externaltools.gnu-tools-for-stm32.9-2020-q2-update.win32_1.5.0.202011040924/tools/bin/../lib/gcc/arm-none-eabi/9.3.1/../../../../arm-none-eabi/lib/thumb/v7-m/nofp\libc.a
LOAD c:/st/stm32cubeide_1.6.1/stm32cubeide/plugins/com.st.stm32cube.ide.mcu.externaltools.gnu-tools-for-stm32.9-2020-q2-update.win32_1.5.0.202011040924/tools/bin/../lib/gcc/arm-none-eabi/9.3.1/../../../../arm-none-eabi/lib/thumb/v7-m/nofp\libm.a
LOAD c:/st/stm32cubeide_1.6.1/stm32cubeide/plugins/com.st.stm32cube.ide.mcu.externaltools.gnu-tools-for-stm32.9-2020-q2-update.win32_1.5.0.202011040924/tools/bin/../lib/gcc/arm-none-eabi/9.3.1/thumb/v7-m/nofp\libgcc.a

.debug_info     0x0000000000000000    0x14f55
 .debug_info    0x0000000000000000      0x52f Core/Src/freertos.o
 .debug_info    0x000000000000052f      0x4f3 Core/Src/gpio.o
 .debug_info    0x0000000000000a22      0x9b4 Core/Src/main.o
 .debug_info    0x00000000000013d6      0x443 Core/Src/stm32f1xx_hal_msp.o
 .debug_info    0x0000000000001819      0xa19 Core/Src/stm32f1xx_hal_timebase_tim.o
 .debug_info    0x0000000000002232      0x7a8 Core/Src/stm32f1xx_it.o
 .debug_info    0x00000000000029da      0x2be Core/Src/system_stm32f1xx.o
 .debug_info    0x0000000000002c98       0x22 Core/Startup/startup_stm32f103c8tx.o
 .debug_info    0x0000000000002cba      0x76a Drivers/STM32F1xx_HAL_Driver/Src/stm32f1xx_hal.o
 .debug_info    0x0000000000003424      0xbdc Drivers/STM32F1xx_HAL_Driver/Src/stm32f1xx_hal_cortex.o
 .debug_info    0x0000000000004000      0x701 Drivers/STM32F1xx_HAL_Driver/Src/stm32f1xx_hal_gpio.o
 .debug_info    0x0000000000004701      0x88e Drivers/STM32F1xx_HAL_Driver/Src/stm32f1xx_hal_rcc.o
 .debug_info    0x0000000000004f8f     0x2a43 Drivers/STM32F1xx_HAL_Driver/Src/stm32f1xx_hal_tim.o
 .debug_info    0x00000000000079d2     0x1495 Drivers/STM32F1xx_HAL_Driver/Src/stm32f1xx_hal_tim_ex.o
 .debug_info    0x0000000000008e67     0x3cd3 Middlewares/Third_Party/FreeRTOS/Source/CMSIS_RTOS_V2/cmsis_os2.o
 .debug_info    0x000000000000cb3a      0xb7c Middlewares/Third_Party/FreeRTOS/Source/list.o
 .debug_info    0x000000000000d6b6     0x22de Middlewares/Third_Party/FreeRTOS/Source/queue.o
 .debug_info    0x000000000000f994     0x29ae Middlewares/Third_Party/FreeRTOS/Source/tasks.o
 .debug_info    0x0000000000012342     0x1afb Middlewares/Third_Party/FreeRTOS/Source/timers.o
 .debug_info    0x0000000000013e3d      0x4a1 Middlewares/Third_Party/FreeRTOS/Source/portable/GCC/ARM_CM3/port.o
 .debug_info    0x00000000000142de      0xc77 Middlewares/Third_Party/FreeRTOS/Source/portable/MemMang/heap_4.o

.debug_abbrev   0x0000000000000000     0x2dd1
 .debug_abbrev  0x0000000000000000      0x17a Core/Src/freertos.o
 .debug_abbrev  0x000000000000017a      0x157 Core/Src/gpio.o
 .debug_abbrev  0x00000000000002d1      0x1ed Core/Src/main.o
 .debug_abbrev  0x00000000000004be      0x126 Core/Src/stm32f1xx_hal_msp.o
 .debug_abbrev  0x00000000000005e4      0x1bf Core/Src/stm32f1xx_hal_timebase_tim.o
 .debug_abbrev  0x00000000000007a3      0x176 Core/Src/stm32f1xx_it.o
 .debug_abbrev  0x0000000000000919      0x14e Core/Src/system_stm32f1xx.o
 .debug_abbrev  0x0000000000000a67       0x12 Core/Startup/startup_stm32f103c8tx.o
 .debug_abbrev  0x0000000000000a79      0x1ed Drivers/STM32F1xx_HAL_Driver/Src/stm32f1xx_hal.o
 .debug_abbrev  0x0000000000000c66      0x313 Drivers/STM32F1xx_HAL_Driver/Src/stm32f1xx_hal_cortex.o
 .debug_abbrev  0x0000000000000f79      0x1e8 Drivers/STM32F1xx_HAL_Driver/Src/stm32f1xx_hal_gpio.o
 .debug_abbrev  0x0000000000001161      0x273 Drivers/STM32F1xx_HAL_Driver/Src/stm32f1xx_hal_rcc.o
 .debug_abbrev  0x00000000000013d4      0x25e Drivers/STM32F1xx_HAL_Driver/Src/stm32f1xx_hal_tim.o
 .debug_abbrev  0x0000000000001632      0x266 Drivers/STM32F1xx_HAL_Driver/Src/stm32f1xx_hal_tim_ex.o
 .debug_abbrev  0x0000000000001898      0x3ed Middlewares/Third_Party/FreeRTOS/Source/CMSIS_RTOS_V2/cmsis_os2.o
 .debug_abbrev  0x0000000000001c85      0x1f7 Middlewares/Third_Party/FreeRTOS/Source/list.o
 .debug_abbrev  0x0000000000001e7c      0x3a2 Middlewares/Third_Party/FreeRTOS/Source/queue.o
 .debug_abbrev  0x000000000000221e      0x39a Middlewares/Third_Party/FreeRTOS/Source/tasks.o
 .debug_abbrev  0x00000000000025b8      0x317 Middlewares/Third_Party/FreeRTOS/Source/timers.o
 .debug_abbrev  0x00000000000028cf      0x22f Middlewares/Third_Party/FreeRTOS/Source/portable/GCC/ARM_CM3/port.o
 .debug_abbrev  0x0000000000002afe      0x2d3 Middlewares/Third_Party/FreeRTOS/Source/portable/MemMang/heap_4.o

.debug_aranges  0x0000000000000000     0x10f0
 .debug_aranges
                0x0000000000000000       0x38 Core/Src/freertos.o
 .debug_aranges
                0x0000000000000038       0x20 Core/Src/gpio.o
 .debug_aranges
                0x0000000000000058       0x40 Core/Src/main.o
 .debug_aranges
                0x0000000000000098       0x20 Core/Src/stm32f1xx_hal_msp.o
 .debug_aranges
                0x00000000000000b8       0x30 Core/Src/stm32f1xx_hal_timebase_tim.o
 .debug_aranges
                0x00000000000000e8       0x58 Core/Src/stm32f1xx_it.o
 .debug_aranges
                0x0000000000000140       0x28 Core/Src/system_stm32f1xx.o
 .debug_aranges
                0x0000000000000168       0x28 Core/Startup/startup_stm32f103c8tx.o
 .debug_aranges
                0x0000000000000190       0xe0 Drivers/STM32F1xx_HAL_Driver/Src/stm32f1xx_hal.o
 .debug_aranges
                0x0000000000000270      0x100 Drivers/STM32F1xx_HAL_Driver/Src/stm32f1xx_hal_cortex.o
 .debug_aranges
                0x0000000000000370       0x58 Drivers/STM32F1xx_HAL_Driver/Src/stm32f1xx_hal_gpio.o
 .debug_aranges
                0x00000000000003c8       0x90 Drivers/STM32F1xx_HAL_Driver/Src/stm32f1xx_hal_rcc.o
 .debug_aranges
                0x0000000000000458      0x3d0 Drivers/STM32F1xx_HAL_Driver/Src/stm32f1xx_hal_tim.o
 .debug_aranges
                0x0000000000000828      0x168 Drivers/STM32F1xx_HAL_Driver/Src/stm32f1xx_hal_tim_ex.o
 .debug_aranges
                0x0000000000000990      0x228 Middlewares/Third_Party/FreeRTOS/Source/CMSIS_RTOS_V2/cmsis_os2.o
 .debug_aranges
                0x0000000000000bb8       0x40 Middlewares/Third_Party/FreeRTOS/Source/list.o
 .debug_aranges
                0x0000000000000bf8      0x158 Middlewares/Third_Party/FreeRTOS/Source/queue.o
 .debug_aranges
                0x0000000000000d50      0x1f8 Middlewares/Third_Party/FreeRTOS/Source/tasks.o
 .debug_aranges
                0x0000000000000f48       0xe0 Middlewares/Third_Party/FreeRTOS/Source/timers.o
 .debug_aranges
                0x0000000000001028       0x78 Middlewares/Third_Party/FreeRTOS/Source/portable/GCC/ARM_CM3/port.o
 .debug_aranges
                0x00000000000010a0       0x50 Middlewares/Third_Party/FreeRTOS/Source/portable/MemMang/heap_4.o

.debug_ranges   0x0000000000000000      0xfa8
 .debug_ranges  0x0000000000000000       0x28 Core/Src/freertos.o
 .debug_ranges  0x0000000000000028       0x10 Core/Src/gpio.o
 .debug_ranges  0x0000000000000038       0x30 Core/Src/main.o
 .debug_ranges  0x0000000000000068       0x10 Core/Src/stm32f1xx_hal_msp.o
 .debug_ranges  0x0000000000000078       0x20 Core/Src/stm32f1xx_hal_timebase_tim.o
 .debug_ranges  0x0000000000000098       0x48 Core/Src/stm32f1xx_it.o
 .debug_ranges  0x00000000000000e0       0x18 Core/Src/system_stm32f1xx.o
 .debug_ranges  0x00000000000000f8       0x20 Core/Startup/startup_stm32f103c8tx.o
 .debug_ranges  0x0000000000000118       0xd0 Drivers/STM32F1xx_HAL_Driver/Src/stm32f1xx_hal.o
 .debug_ranges  0x00000000000001e8       0xf0 Drivers/STM32F1xx_HAL_Driver/Src/stm32f1xx_hal_cortex.o
 .debug_ranges  0x00000000000002d8       0x48 Drivers/STM32F1xx_HAL_Driver/Src/stm32f1xx_hal_gpio.o
 .debug_ranges  0x0000000000000320       0x80 Drivers/STM32F1xx_HAL_Driver/Src/stm32f1xx_hal_rcc.o
 .debug_ranges  0x00000000000003a0      0x3c0 Drivers/STM32F1xx_HAL_Driver/Src/stm32f1xx_hal_tim.o
 .debug_ranges  0x0000000000000760      0x158 Drivers/STM32F1xx_HAL_Driver/Src/stm32f1xx_hal_tim_ex.o
 .debug_ranges  0x00000000000008b8      0x218 Middlewares/Third_Party/FreeRTOS/Source/CMSIS_RTOS_V2/cmsis_os2.o
 .debug_ranges  0x0000000000000ad0       0x30 Middlewares/Third_Party/FreeRTOS/Source/list.o
 .debug_ranges  0x0000000000000b00      0x148 Middlewares/Third_Party/FreeRTOS/Source/queue.o
 .debug_ranges  0x0000000000000c48      0x1e8 Middlewares/Third_Party/FreeRTOS/Source/tasks.o
 .debug_ranges  0x0000000000000e30       0xd0 Middlewares/Third_Party/FreeRTOS/Source/timers.o
 .debug_ranges  0x0000000000000f00       0x68 Middlewares/Third_Party/FreeRTOS/Source/portable/GCC/ARM_CM3/port.o
 .debug_ranges  0x0000000000000f68       0x40 Middlewares/Third_Party/FreeRTOS/Source/portable/MemMang/heap_4.o

.debug_macro    0x0000000000000000    0x187c6
 .debug_macro   0x0000000000000000      0x23e Core/Src/freertos.o
 .debug_macro   0x000000000000023e      0xa9c Core/Src/freertos.o
 .debug_macro   0x0000000000000cda      0x174 Core/Src/freertos.o
 .debug_macro   0x0000000000000e4e       0x22 Core/Src/freertos.o
 .debug_macro   0x0000000000000e70       0x8e Core/Src/freertos.o
 .debug_macro   0x0000000000000efe       0x51 Core/Src/freertos.o
 .debug_macro   0x0000000000000f4f      0x103 Core/Src/freertos.o
 .debug_macro   0x0000000000001052       0x6a Core/Src/freertos.o
 .debug_macro   0x00000000000010bc      0x1df Core/Src/freertos.o
 .debug_macro   0x000000000000129b      0x122 Core/Src/freertos.o
 .debug_macro   0x00000000000013bd      0x15a Core/Src/freertos.o
 .debug_macro   0x0000000000001517       0xc2 Core/Src/freertos.o
 .debug_macro   0x00000000000015d9       0x10 Core/Src/freertos.o
 .debug_macro   0x00000000000015e9       0x1f Core/Src/freertos.o
 .debug_macro   0x0000000000001608      0x47f Core/Src/freertos.o
 .debug_macro   0x0000000000001a87       0xb5 Core/Src/freertos.o
 .debug_macro   0x0000000000001b3c       0x8c Core/Src/freertos.o
 .debug_macro   0x0000000000001bc8      0x215 Core/Src/freertos.o
 .debug_macro   0x0000000000001ddd       0x2e Core/Src/freertos.o
 .debug_macro   0x0000000000001e0b       0x22 Core/Src/freertos.o
 .debug_macro   0x0000000000001e2d       0x1c Core/Src/freertos.o
 .debug_macro   0x0000000000001e49       0x22 Core/Src/freertos.o
 .debug_macro   0x0000000000001e6b       0xc3 Core/Src/freertos.o
 .debug_macro   0x0000000000001f2e      0xd23 Core/Src/freertos.o
 .debug_macro   0x0000000000002c51     0xe097 Core/Src/freertos.o
 .debug_macro   0x0000000000010ce8       0x43 Core/Src/freertos.o
 .debug_macro   0x0000000000010d2b     0x3468 Core/Src/freertos.o
 .debug_macro   0x0000000000014193       0x5c Core/Src/freertos.o
 .debug_macro   0x00000000000141ef      0x5be Core/Src/freertos.o
 .debug_macro   0x00000000000147ad      0x289 Core/Src/freertos.o
 .debug_macro   0x0000000000014a36      0x1cb Core/Src/freertos.o
 .debug_macro   0x0000000000014c01      0x114 Core/Src/freertos.o
 .debug_macro   0x0000000000014d15      0x1b2 Core/Src/freertos.o
 .debug_macro   0x0000000000014ec7       0x27 Core/Src/freertos.o
 .debug_macro   0x0000000000014eee      0x136 Core/Src/freertos.o
 .debug_macro   0x0000000000015024      0x1bc Core/Src/freertos.o
 .debug_macro   0x00000000000151e0       0x34 Core/Src/freertos.o
 .debug_macro   0x0000000000015214       0x3c Core/Src/freertos.o
 .debug_macro   0x0000000000015250       0x57 Core/Src/freertos.o
 .debug_macro   0x00000000000152a7       0x88 Core/Src/freertos.o
 .debug_macro   0x000000000001532f      0x241 Core/Src/freertos.o
 .debug_macro   0x0000000000015570      0x141 Core/Src/freertos.o
 .debug_macro   0x00000000000156b1      0x8d1 Core/Src/freertos.o
 .debug_macro   0x0000000000015f82       0x83 Core/Src/freertos.o
 .debug_macro   0x0000000000016005       0x2e Core/Src/freertos.o
 .debug_macro   0x0000000000016033       0x5b Core/Src/freertos.o
 .debug_macro   0x000000000001608e       0x74 Core/Src/freertos.o
 .debug_macro   0x0000000000016102       0xdd Core/Src/freertos.o
 .debug_macro   0x00000000000161df      0x1b2 Core/Src/gpio.o
 .debug_macro   0x0000000000016391      0x229 Core/Src/main.o
 .debug_macro   0x00000000000165ba      0x122 Core/Src/main.o
 .debug_macro   0x00000000000166dc      0x1a8 Core/Src/stm32f1xx_hal_msp.o
 .debug_macro   0x0000000000016884      0x199 Core/Src/stm32f1xx_hal_timebase_tim.o
 .debug_macro   0x0000000000016a1d      0x1b2 Core/Src/stm32f1xx_it.o
 .debug_macro   0x0000000000016bcf      0x199 Core/Src/system_stm32f1xx.o
 .debug_macro   0x0000000000016d68      0x1bd Drivers/STM32F1xx_HAL_Driver/Src/stm32f1xx_hal.o
 .debug_macro   0x0000000000016f25      0x199 Drivers/STM32F1xx_HAL_Driver/Src/stm32f1xx_hal_cortex.o
 .debug_macro   0x00000000000170be      0x204 Drivers/STM32F1xx_HAL_Driver/Src/stm32f1xx_hal_gpio.o
 .debug_macro   0x00000000000172c2      0x1ab Drivers/STM32F1xx_HAL_Driver/Src/stm32f1xx_hal_rcc.o
 .debug_macro   0x000000000001746d      0x19a Drivers/STM32F1xx_HAL_Driver/Src/stm32f1xx_hal_tim.o
 .debug_macro   0x0000000000017607      0x199 Drivers/STM32F1xx_HAL_Driver/Src/stm32f1xx_hal_tim_ex.o
 .debug_macro   0x00000000000177a0      0x247 Middlewares/Third_Party/FreeRTOS/Source/CMSIS_RTOS_V2/cmsis_os2.o
 .debug_macro   0x00000000000179e7       0x10 Middlewares/Third_Party/FreeRTOS/Source/CMSIS_RTOS_V2/cmsis_os2.o
 .debug_macro   0x00000000000179f7       0x20 Middlewares/Third_Party/FreeRTOS/Source/CMSIS_RTOS_V2/cmsis_os2.o
 .debug_macro   0x0000000000017a17       0x10 Middlewares/Third_Party/FreeRTOS/Source/CMSIS_RTOS_V2/cmsis_os2.o
 .debug_macro   0x0000000000017a27       0xb7 Middlewares/Third_Party/FreeRTOS/Source/CMSIS_RTOS_V2/cmsis_os2.o
 .debug_macro   0x0000000000017ade       0x91 Middlewares/Third_Party/FreeRTOS/Source/CMSIS_RTOS_V2/cmsis_os2.o
 .debug_macro   0x0000000000017b6f       0x8d Middlewares/Third_Party/FreeRTOS/Source/CMSIS_RTOS_V2/cmsis_os2.o
 .debug_macro   0x0000000000017bfc       0x9a Middlewares/Third_Party/FreeRTOS/Source/CMSIS_RTOS_V2/cmsis_os2.o
 .debug_macro   0x0000000000017c96      0x187 Middlewares/Third_Party/FreeRTOS/Source/list.o
 .debug_macro   0x0000000000017e1d      0x212 Middlewares/Third_Party/FreeRTOS/Source/queue.o
 .debug_macro   0x000000000001802f       0x16 Middlewares/Third_Party/FreeRTOS/Source/queue.o
 .debug_macro   0x0000000000018045      0x287 Middlewares/Third_Party/FreeRTOS/Source/tasks.o
 .debug_macro   0x00000000000182cc       0x10 Middlewares/Third_Party/FreeRTOS/Source/tasks.o
 .debug_macro   0x00000000000182dc      0x1ca Middlewares/Third_Party/FreeRTOS/Source/timers.o
 .debug_macro   0x00000000000184a6      0x172 Middlewares/Third_Party/FreeRTOS/Source/portable/GCC/ARM_CM3/port.o
 .debug_macro   0x0000000000018618      0x1ae Middlewares/Third_Party/FreeRTOS/Source/portable/MemMang/heap_4.o

.debug_line     0x0000000000000000    0x12600
 .debug_line    0x0000000000000000      0x80c Core/Src/freertos.o
 .debug_line    0x000000000000080c      0x69c Core/Src/gpio.o
 .debug_line    0x0000000000000ea8      0x866 Core/Src/main.o
 .debug_line    0x000000000000170e      0x667 Core/Src/stm32f1xx_hal_msp.o
 .debug_line    0x0000000000001d75      0x6c1 Core/Src/stm32f1xx_hal_timebase_tim.o
 .debug_line    0x0000000000002436      0x719 Core/Src/stm32f1xx_it.o
 .debug_line    0x0000000000002b4f      0x6e3 Core/Src/system_stm32f1xx.o
 .debug_line    0x0000000000003232       0x84 Core/Startup/startup_stm32f103c8tx.o
 .debug_line    0x00000000000032b6      0x910 Drivers/STM32F1xx_HAL_Driver/Src/stm32f1xx_hal.o
 .debug_line    0x0000000000003bc6      0xaf8 Drivers/STM32F1xx_HAL_Driver/Src/stm32f1xx_hal_cortex.o
 .debug_line    0x00000000000046be      0x9a7 Drivers/STM32F1xx_HAL_Driver/Src/stm32f1xx_hal_gpio.o
 .debug_line    0x0000000000005065      0xd1e Drivers/STM32F1xx_HAL_Driver/Src/stm32f1xx_hal_rcc.o
 .debug_line    0x0000000000005d83     0x32b8 Drivers/STM32F1xx_HAL_Driver/Src/stm32f1xx_hal_tim.o
 .debug_line    0x000000000000903b     0x19b6 Drivers/STM32F1xx_HAL_Driver/Src/stm32f1xx_hal_tim_ex.o
 .debug_line    0x000000000000a9f1     0x2458 Middlewares/Third_Party/FreeRTOS/Source/CMSIS_RTOS_V2/cmsis_os2.o
 .debug_line    0x000000000000ce49      0x70a Middlewares/Third_Party/FreeRTOS/Source/list.o
 .debug_line    0x000000000000d553     0x16cd Middlewares/Third_Party/FreeRTOS/Source/queue.o
 .debug_line    0x000000000000ec20     0x1d25 Middlewares/Third_Party/FreeRTOS/Source/tasks.o
 .debug_line    0x0000000000010945      0xc9a Middlewares/Third_Party/FreeRTOS/Source/timers.o
 .debug_line    0x00000000000115df      0x755 Middlewares/Third_Party/FreeRTOS/Source/portable/GCC/ARM_CM3/port.o
 .debug_line    0x0000000000011d34      0x8cc Middlewares/Third_Party/FreeRTOS/Source/portable/MemMang/heap_4.o

.debug_str      0x0000000000000000    0x90abc
 .debug_str     0x0000000000000000    0x85a5a Core/Src/freertos.o
                                      0x85dd9 (size before relaxing)
 .debug_str     0x0000000000085a5a      0x2f7 Core/Src/gpio.o
                                      0x81826 (size before relaxing)
 .debug_str     0x0000000000085d51      0x5f2 Core/Src/main.o
                                      0x851fe (size before relaxing)
 .debug_str     0x0000000000086343       0x5a Core/Src/stm32f1xx_hal_msp.o
                                      0x817dc (size before relaxing)
 .debug_str     0x000000000008639d       0xaa Core/Src/stm32f1xx_hal_timebase_tim.o
                                      0x81ca5 (size before relaxing)
 .debug_str     0x0000000000086447       0xb3 Core/Src/stm32f1xx_it.o
                                      0x819e8 (size before relaxing)
 .debug_str     0x00000000000864fa       0x52 Core/Src/system_stm32f1xx.o
                                      0x81447 (size before relaxing)
 .debug_str     0x000000000008654c       0x36 Core/Startup/startup_stm32f103c8tx.o
                                         0xb2 (size before relaxing)
 .debug_str     0x0000000000086582      0x2b9 Drivers/STM32F1xx_HAL_Driver/Src/stm32f1xx_hal.o
                                      0x81ad8 (size before relaxing)
 .debug_str     0x000000000008683b      0x2f7 Drivers/STM32F1xx_HAL_Driver/Src/stm32f1xx_hal_cortex.o
                                      0x81ae0 (size before relaxing)
 .debug_str     0x0000000000086b32      0x304 Drivers/STM32F1xx_HAL_Driver/Src/stm32f1xx_hal_gpio.o
                                      0x8180b (size before relaxing)
 .debug_str     0x0000000000086e36      0x245 Drivers/STM32F1xx_HAL_Driver/Src/stm32f1xx_hal_rcc.o
                                      0x81844 (size before relaxing)
 .debug_str     0x000000000008707b      0xe4d Drivers/STM32F1xx_HAL_Driver/Src/stm32f1xx_hal_tim.o
                                      0x82816 (size before relaxing)
 .debug_str     0x0000000000087ec8      0x561 Drivers/STM32F1xx_HAL_Driver/Src/stm32f1xx_hal_tim_ex.o
                                      0x81ff0 (size before relaxing)
 .debug_str     0x0000000000088429     0x59b9 Middlewares/Third_Party/FreeRTOS/Source/CMSIS_RTOS_V2/cmsis_os2.o
                                       0xe0fb (size before relaxing)
 .debug_str     0x000000000008dde2      0x225 Middlewares/Third_Party/FreeRTOS/Source/list.o
                                       0xa754 (size before relaxing)
 .debug_str     0x000000000008e007      0x8fd Middlewares/Third_Party/FreeRTOS/Source/queue.o
                                       0xbf7e (size before relaxing)
 .debug_str     0x000000000008e904     0x12f3 Middlewares/Third_Party/FreeRTOS/Source/tasks.o
                                       0xcb94 (size before relaxing)
 .debug_str     0x000000000008fbf7      0x586 Middlewares/Third_Party/FreeRTOS/Source/timers.o
                                       0xc49c (size before relaxing)
 .debug_str     0x000000000009017d      0x6ee Middlewares/Third_Party/FreeRTOS/Source/portable/GCC/ARM_CM3/port.o
                                       0x80ae (size before relaxing)
 .debug_str     0x000000000009086b      0x251 Middlewares/Third_Party/FreeRTOS/Source/portable/MemMang/heap_4.o
                                       0xae77 (size before relaxing)

.comment        0x0000000000000000       0x53
 .comment       0x0000000000000000       0x53 Core/Src/freertos.o
                                         0x54 (size before relaxing)
 .comment       0x0000000000000053       0x54 Core/Src/gpio.o
 .comment       0x0000000000000053       0x54 Core/Src/main.o
 .comment       0x0000000000000053       0x54 Core/Src/stm32f1xx_hal_msp.o
 .comment       0x0000000000000053       0x54 Core/Src/stm32f1xx_hal_timebase_tim.o
 .comment       0x0000000000000053       0x54 Core/Src/stm32f1xx_it.o
 .comment       0x0000000000000053       0x54 Core/Src/system_stm32f1xx.o
 .comment       0x0000000000000053       0x54 Drivers/STM32F1xx_HAL_Driver/Src/stm32f1xx_hal.o
 .comment       0x0000000000000053       0x54 Drivers/STM32F1xx_HAL_Driver/Src/stm32f1xx_hal_cortex.o
 .comment       0x0000000000000053       0x54 Drivers/STM32F1xx_HAL_Driver/Src/stm32f1xx_hal_gpio.o
 .comment       0x0000000000000053       0x54 Drivers/STM32F1xx_HAL_Driver/Src/stm32f1xx_hal_rcc.o
 .comment       0x0000000000000053       0x54 Drivers/STM32F1xx_HAL_Driver/Src/stm32f1xx_hal_tim.o
 .comment       0x0000000000000053       0x54 Drivers/STM32F1xx_HAL_Driver/Src/stm32f1xx_hal_tim_ex.o
 .comment       0x0000000000000053       0x54 Middlewares/Third_Party/FreeRTOS/Source/CMSIS_RTOS_V2/cmsis_os2.o
 .comment       0x0000000000000053       0x54 Middlewares/Third_Party/FreeRTOS/Source/list.o
 .comment       0x0000000000000053       0x54 Middlewares/Third_Party/FreeRTOS/Source/queue.o
 .comment       0x0000000000000053       0x54 Middlewares/Third_Party/FreeRTOS/Source/tasks.o
 .comment       0x0000000000000053       0x54 Middlewares/Third_Party/FreeRTOS/Source/timers.o
 .comment       0x0000000000000053       0x54 Middlewares/Third_Party/FreeRTOS/Source/portable/GCC/ARM_CM3/port.o
 .comment       0x0000000000000053       0x54 Middlewares/Third_Party/FreeRTOS/Source/portable/MemMang/heap_4.o

.debug_frame    0x0000000000000000     0x45c0
 .debug_frame   0x0000000000000000       0x94 Core/Src/freertos.o
 .debug_frame   0x0000000000000094       0x34 Core/Src/gpio.o
 .debug_frame   0x00000000000000c8       0xb0 Core/Src/main.o
 .debug_frame   0x0000000000000178       0x34 Core/Src/stm32f1xx_hal_msp.o
 .debug_frame   0x00000000000001ac       0x74 Core/Src/stm32f1xx_hal_timebase_tim.o
 .debug_frame   0x0000000000000220       0xe0 Core/Src/stm32f1xx_it.o
 .debug_frame   0x0000000000000300       0x58 Core/Src/system_stm32f1xx.o
 .debug_frame   0x0000000000000358      0x334 Drivers/STM32F1xx_HAL_Driver/Src/stm32f1xx_hal.o
 .debug_frame   0x000000000000068c      0x428 Drivers/STM32F1xx_HAL_Driver/Src/stm32f1xx_hal_cortex.o
 .debug_frame   0x0000000000000ab4      0x14c Drivers/STM32F1xx_HAL_Driver/Src/stm32f1xx_hal_gpio.o
 .debug_frame   0x0000000000000c00      0x21c Drivers/STM32F1xx_HAL_Driver/Src/stm32f1xx_hal_rcc.o
 .debug_frame   0x0000000000000e1c     0x11b8 Drivers/STM32F1xx_HAL_Driver/Src/stm32f1xx_hal_tim.o
 .debug_frame   0x0000000000001fd4      0x638 Drivers/STM32F1xx_HAL_Driver/Src/stm32f1xx_hal_tim_ex.o
 .debug_frame   0x000000000000260c      0x980 Middlewares/Third_Party/FreeRTOS/Source/CMSIS_RTOS_V2/cmsis_os2.o
 .debug_frame   0x0000000000002f8c       0xd8 Middlewares/Third_Party/FreeRTOS/Source/list.o
 .debug_frame   0x0000000000003064      0x5ec Middlewares/Third_Party/FreeRTOS/Source/queue.o
 .debug_frame   0x0000000000003650      0x8a8 Middlewares/Third_Party/FreeRTOS/Source/tasks.o
 .debug_frame   0x0000000000003ef8      0x3b4 Middlewares/Third_Party/FreeRTOS/Source/timers.o
 .debug_frame   0x00000000000042ac      0x198 Middlewares/Third_Party/FreeRTOS/Source/portable/GCC/ARM_CM3/port.o
 .debug_frame   0x0000000000004444      0x108 Middlewares/Third_Party/FreeRTOS/Source/portable/MemMang/heap_4.o
 .debug_frame   0x000000000000454c       0x2c c:/st/stm32cubeide_1.6.1/stm32cubeide/plugins/com.st.stm32cube.ide.mcu.externaltools.gnu-tools-for-stm32.9-2020-q2-update.win32_1.5.0.202011040924/tools/bin/../lib/gcc/arm-none-eabi/9.3.1/../../../../arm-none-eabi/lib/thumb/v7-m/nofp\libc_nano.a(lib_a-init.o)
 .debug_frame   0x0000000000004578       0x28 c:/st/stm32cubeide_1.6.1/stm32cubeide/plugins/com.st.stm32cube.ide.mcu.externaltools.gnu-tools-for-stm32.9-2020-q2-update.win32_1.5.0.202011040924/tools/bin/../lib/gcc/arm-none-eabi/9.3.1/../../../../arm-none-eabi/lib/thumb/v7-m/nofp\libc_nano.a(lib_a-memcpy-stub.o)
 .debug_frame   0x00000000000045a0       0x20 c:/st/stm32cubeide_1.6.1/stm32cubeide/plugins/com.st.stm32cube.ide.mcu.externaltools.gnu-tools-for-stm32.9-2020-q2-update.win32_1.5.0.202011040924/tools/bin/../lib/gcc/arm-none-eabi/9.3.1/../../../../arm-none-eabi/lib/thumb/v7-m/nofp\libc_nano.a(lib_a-memset.o)
