Archive member included to satisfy reference by file (symbol)

c:/st/stm32cubeide_1.6.1/stm32cubeide/plugins/com.st.stm32cube.ide.mcu.externaltools.gnu-tools-for-stm32.9-2020-q2-update.win32_1.5.0.202011040924/tools/bin/../lib/gcc/arm-none-eabi/9.3.1/../../../../arm-none-eabi/lib/thumb/v7-m/nofp\libc_nano.a(lib_a-errno.o)
                              Core/Src/syscalls.o (__errno)
c:/st/stm32cubeide_1.6.1/stm32cubeide/plugins/com.st.stm32cube.ide.mcu.externaltools.gnu-tools-for-stm32.9-2020-q2-update.win32_1.5.0.202011040924/tools/bin/../lib/gcc/arm-none-eabi/9.3.1/../../../../arm-none-eabi/lib/thumb/v7-m/nofp\libc_nano.a(lib_a-exit.o)
                              c:/st/stm32cubeide_1.6.1/stm32cubeide/plugins/com.st.stm32cube.ide.mcu.externaltools.gnu-tools-for-stm32.9-2020-q2-update.win32_1.5.0.202011040924/tools/bin/../lib/gcc/arm-none-eabi/9.3.1/../../../../arm-none-eabi/lib/thumb/v7-m/nofp/crt0.o (exit)
c:/st/stm32cubeide_1.6.1/stm32cubeide/plugins/com.st.stm32cube.ide.mcu.externaltools.gnu-tools-for-stm32.9-2020-q2-update.win32_1.5.0.202011040924/tools/bin/../lib/gcc/arm-none-eabi/9.3.1/../../../../arm-none-eabi/lib/thumb/v7-m/nofp\libc_nano.a(lib_a-impure.o)
                              c:/st/stm32cubeide_1.6.1/stm32cubeide/plugins/com.st.stm32cube.ide.mcu.externaltools.gnu-tools-for-stm32.9-2020-q2-update.win32_1.5.0.202011040924/tools/bin/../lib/gcc/arm-none-eabi/9.3.1/../../../../arm-none-eabi/lib/thumb/v7-m/nofp\libc_nano.a(lib_a-exit.o) (_global_impure_ptr)
c:/st/stm32cubeide_1.6.1/stm32cubeide/plugins/com.st.stm32cube.ide.mcu.externaltools.gnu-tools-for-stm32.9-2020-q2-update.win32_1.5.0.202011040924/tools/bin/../lib/gcc/arm-none-eabi/9.3.1/../../../../arm-none-eabi/lib/thumb/v7-m/nofp\libc_nano.a(lib_a-init.o)
                              c:/st/stm32cubeide_1.6.1/stm32cubeide/plugins/com.st.stm32cube.ide.mcu.externaltools.gnu-tools-for-stm32.9-2020-q2-update.win32_1.5.0.202011040924/tools/bin/../lib/gcc/arm-none-eabi/9.3.1/../../../../arm-none-eabi/lib/thumb/v7-m/nofp/crt0.o (__libc_init_array)
c:/st/stm32cubeide_1.6.1/stm32cubeide/plugins/com.st.stm32cube.ide.mcu.externaltools.gnu-tools-for-stm32.9-2020-q2-update.win32_1.5.0.202011040924/tools/bin/../lib/gcc/arm-none-eabi/9.3.1/../../../../arm-none-eabi/lib/thumb/v7-m/nofp\libc_nano.a(lib_a-memcpy-stub.o)
                              Middlewares/Third_Party/FreeRTOS/Source/CMSIS_RTOS_V2/cmsis_os2.o (memcpy)
c:/st/stm32cubeide_1.6.1/stm32cubeide/plugins/com.st.stm32cube.ide.mcu.externaltools.gnu-tools-for-stm32.9-2020-q2-update.win32_1.5.0.202011040924/tools/bin/../lib/gcc/arm-none-eabi/9.3.1/../../../../arm-none-eabi/lib/thumb/v7-m/nofp\libc_nano.a(lib_a-memset.o)
                              c:/st/stm32cubeide_1.6.1/stm32cubeide/plugins/com.st.stm32cube.ide.mcu.externaltools.gnu-tools-for-stm32.9-2020-q2-update.win32_1.5.0.202011040924/tools/bin/../lib/gcc/arm-none-eabi/9.3.1/../../../../arm-none-eabi/lib/thumb/v7-m/nofp/crt0.o (memset)
c:/st/stm32cubeide_1.6.1/stm32cubeide/plugins/com.st.stm32cube.ide.mcu.externaltools.gnu-tools-for-stm32.9-2020-q2-update.win32_1.5.0.202011040924/tools/bin/../lib/gcc/arm-none-eabi/9.3.1/../../../../arm-none-eabi/lib/thumb/v7-m/nofp\libc_nano.a(lib_a-sprintf.o)
                              Core/Src/freertos.o (sprintf)
c:/st/stm32cubeide_1.6.1/stm32cubeide/plugins/com.st.stm32cube.ide.mcu.externaltools.gnu-tools-for-stm32.9-2020-q2-update.win32_1.5.0.202011040924/tools/bin/../lib/gcc/arm-none-eabi/9.3.1/../../../../arm-none-eabi/lib/thumb/v7-m/nofp\libc_nano.a(lib_a-strlen.o)
                              Core/Src/freertos.o (strlen)
c:/st/stm32cubeide_1.6.1/stm32cubeide/plugins/com.st.stm32cube.ide.mcu.externaltools.gnu-tools-for-stm32.9-2020-q2-update.win32_1.5.0.202011040924/tools/bin/../lib/gcc/arm-none-eabi/9.3.1/../../../../arm-none-eabi/lib/thumb/v7-m/nofp\libc_nano.a(lib_a-nano-svfprintf.o)
                              c:/st/stm32cubeide_1.6.1/stm32cubeide/plugins/com.st.stm32cube.ide.mcu.externaltools.gnu-tools-for-stm32.9-2020-q2-update.win32_1.5.0.202011040924/tools/bin/../lib/gcc/arm-none-eabi/9.3.1/../../../../arm-none-eabi/lib/thumb/v7-m/nofp\libc_nano.a(lib_a-sprintf.o) (_svfprintf_r)
c:/st/stm32cubeide_1.6.1/stm32cubeide/plugins/com.st.stm32cube.ide.mcu.externaltools.gnu-tools-for-stm32.9-2020-q2-update.win32_1.5.0.202011040924/tools/bin/../lib/gcc/arm-none-eabi/9.3.1/../../../../arm-none-eabi/lib/thumb/v7-m/nofp\libc_nano.a(lib_a-nano-vfprintf_i.o)
                              c:/st/stm32cubeide_1.6.1/stm32cubeide/plugins/com.st.stm32cube.ide.mcu.externaltools.gnu-tools-for-stm32.9-2020-q2-update.win32_1.5.0.202011040924/tools/bin/../lib/gcc/arm-none-eabi/9.3.1/../../../../arm-none-eabi/lib/thumb/v7-m/nofp\libc_nano.a(lib_a-nano-svfprintf.o) (_printf_i)
[...]
Memory Configuration

Name             Origin             Length             Attributes
RAM              0x0000000020000000 0x0000000000005000 xrw
FLASH            0x0000000008000000 0x0000000000010000 xr
*default*        0x0000000000000000 0xffffffffffffffff

Linker script and memory map

LOAD c:/st/stm32cubeide_1.6.1/stm32cubeide/plugins/com.st.stm32cube.ide.mcu.externaltools.gnu-tools-for-stm32.9-2020-q2-update.win32_1.5.0.202011040924/tools/bin/../lib/gcc/arm-none-eabi/9.3.1/thumb/v7-m/nofp/crti.o
LOAD c:/st/stm32cubeide_1.6.1/stm32cubeide/plugins/com.st.stm32cube.ide.mcu.externaltools.gnu-tools-for-stm32.9-2020-q2-update.win32_1.5.0.202011040924/tools/bin/../lib/gcc/arm-none-eabi/9.3.1/thumb/v7-m/nofp/crtbegin.o
LOAD c:/st/stm32cubeide_1.6.1/stm32cubeide/plugins/com.st.stm32cube.ide.mcu.externaltools.gnu-tools-for-stm32.9-2020-q2-update.win32_1.5.0.202011040924/tools/bin/../lib/gcc/arm-none-eabi/9.3.1/../../../../arm-none-eabi/lib/thumb/v7-m/nofp/crt0.o
LOAD Core/Src/freertos.o
LOAD Core/Src/gpio.o
LOAD Core/Src/main.o
LOAD Core/Src/stm32f1xx_hal_msp.o
LOAD Core/Src/stm32f1xx_hal_timebase_tim.o
LOAD Core/Src/stm32f1xx_it.o
LOAD Core/Src/syscalls.o
LOAD Core/Src/sysmem.o
LOAD Core/Src/system_stm32f1xx.o
LOAD Core/Src/usart.o
LOAD Core/Startup/startup_stm32f103c8tx.o
LOAD Drivers/STM32F1xx_HAL_Driver/Src/stm32f1xx_hal.o
LOAD Drivers/STM32F1xx_HAL_Driver/Src/stm32f1xx_hal_cortex.o
LOAD Drivers/STM32F1xx_HAL_Driver/Src/stm32f1xx_hal_dma.o
LOAD Drivers/STM32F1xx_HAL_Driver/Src/stm32f1xx_hal_exti.o
LOAD Drivers/STM32F1xx_HAL_Driver/Src/stm32f1xx_hal_flash.o
LOAD Drivers/STM32F1xx_HAL_Driver/Src/stm32f1xx_hal_flash_ex.o
LOAD Drivers/STM32F1xx_HAL_Driver/Src/stm32f1xx_hal_gpio.o
LOAD Drivers/STM32F1xx_HAL_Driver/Src/stm32f1xx_hal_gpio_ex.o
LOAD Drivers/STM32F1xx_HAL_Driver/Src/stm32f1xx_hal_pwr.o
LOAD Drivers/STM32F1xx_HAL_Driver/Src/stm32f1xx_hal_rcc.o
LOAD Drivers/STM32F1xx_HAL_Driver/Src/stm32f1xx_hal_rcc_ex.o
LOAD Drivers/STM32F1xx_HAL_Driver/Src/stm32f1xx_hal_tim.o
LOAD Drivers/STM32F1xx_HAL_Driver/Src/stm32f1xx_hal_tim_ex.o
LOAD Drivers/STM32F1xx_HAL_Driver/Src/stm32f1xx_hal_uart.o
LOAD Middlewares/Third_Party/FreeRTOS/Source/CMSIS_RTOS_V2/cmsis_os2.o
LOAD Middlewares/Third_Party/FreeRTOS/Source/croutine.o
LOAD Middlewares/Third_Party/FreeRTOS/Source/event_groups.o
LOAD Middlewares/Third_Party/FreeRTOS/Source/list.o
LOAD Middlewares/Third_Party/FreeRTOS/Source/queue.o
LOAD Middlewares/Third_Party/FreeRTOS/Source/stream_buffer.o
LOAD Middlewares/Third_Party/FreeRTOS/Source/tasks.o
LOAD Middlewares/Third_Party/FreeRTOS/Source/timers.o
LOAD Middlewares/Third_Party/FreeRTOS/Source/portable/GCC/ARM_CM3/port.o
LOAD Middlewares/Third_Party/FreeRTOS/Source/portable/MemMang/heap_4.o
START GROUP
LOAD c:/st/stm32cubeide_1.6.1/stm32cubeide/plugins/com.st.stm32cube.ide.mcu.externaltools.gnu-tools-for-stm32.9-2020-q2-update.win32_1.5.0.202011040924/tools/bin/../lib/gcc/arm-none-eabi/9.3.1/../../../../arm-none-eabi/lib/thumb/v7-m/nofp\libc_nano.a
LOAD c:/st/stm32cubeide_1.6.1/stm32cubeide/plugins/com.st.stm32cube.ide.mcu.externaltools.gnu-tools-for-stm32.9-2020-q2-update.win32_1.5.0.202011040924/tools/bin/../lib/gcc/arm-none-eabi/9.3.1/../../../../arm-none-eabi/lib/thumb/v7-m/nofp\libm.a
END GROUP
START GROUP
LOAD c:/st/stm32cubeide_1.6.1/stm32cubeide/plugins/com.st.stm32cube.ide.mcu.externaltools.gnu-tools-for-stm32.9-2020-q2-update.win32_1.5.0.202011040924/tools/bin/../lib/gcc/arm-none-eabi/9.3.1/thumb/v7-m/nofp\libgcc.a
LOAD c:/st/stm32cubeide_1.6.1/stm32cubeide/plugins/com.st.stm32cube.ide.mcu.externaltools.gnu-tools-for-stm32.9-2020-q2-update.win32_1.5.0.202011040924/tools/bin/../lib/gcc/arm-none-eabi/9.3.1/../../../../arm-none-eabi/lib/thumb/v7-m/nofp\libc_nano.a
END GROUP
START GROUP
LOAD c:/st/stm32cubeide_1.6.1/stm32cubeide/plugins/com.st.stm32cube.ide.mcu.externaltools.gnu-tools-for-stm32.9-2020-q2-update.win32_1.5.0.202011040924/tools/bin/../lib/gcc/arm-none-eabi/9.3.1/thumb/v7-m/nofp\libgcc.a
LOAD c:/st/stm32cubeide_1.6.1/stm32cubeide/plugins/com.st.stm32cube.ide.mcu.externaltools.gnu-tools-for-stm32.9-2020-q2-update.win32_1.5.0.202011040924/tools/bin/../lib/gcc/arm-none-eabi/9.3.1/../../../../arm-none-eabi/lib/thumb/v7-m/nofp\libc_nano.a
LOAD c:/st/stm32cubeide_1.6.1/stm32cubeide/plugins/com.st.stm32cube.ide.mcu.externaltools.gnu-tools-for-stm32.9-2020-q2-update.win32_1.5.0.202011040924/tools/bin/../lib/gcc/arm-none-eabi/9.3.1/../../../../arm-none-eabi/lib/thumb/v7-m/nofp\libnosys.a
END GROUP
START GROUP
LOAD c:/st/stm32cubeide_1.6.1/stm32cubeide/plugins/com.st.stm32cube.ide.mcu.externaltools.gnu-tools-for-stm32.9-2020-q2-update.win32_1.5.0.202011040924/tools/bin/../lib/gcc/arm-none-eabi/9.3.1/thumb/v7-m/nofp\libgcc.a
LOAD c:/st/stm32cubeide_1.6.1/stm32cubeide/plugins/com.st.stm32cube.ide.mcu.externaltools.gnu-tools-for-stm32.9-2020-q2-update.win32_1.5.0.202011040924/tools/bin/../lib/gcc/arm-none-eabi/9.3.1/../../../../arm-none-eabi/lib/thumb/v7-m/nofp\libc_nano.a
LOAD c:/st/stm32cubeide_1.6.1/stm32cubeide/plugins/com.st.stm32cube.ide.mcu.externaltools.gnu-tools-for-stm32.9-2020-q2-update.win32_1.5.0.202011040924/tools/bin/../lib/gcc/arm-none-eabi/9.3.1/../../../../arm-none-eabi/lib/thumb/v7-m/nofp\libnosys.a
END GROUP
LOAD c:/st/stm32cubeide_1.6.1/stm32cubeide/plugins/com.st.stm32cube.ide.mcu.externaltools.gnu-tools-for-stm32.9-2020-q2-update.win32_1.5.0.202011040924/tools/bin/../lib/gcc/arm-none-eabi/9.3.1/thumb/v7-m/nofp/crtend.o
LOAD c:/st/stm32cubeide_1.6.1/stm32cubeide/plugins/com.st.stm32cube.ide.mcu.externaltools.gnu-tools-for-stm32.9-2020-q2-update.win32_1.5.0.202011040924/tools/bin/../lib/gcc/arm-none-eabi/9.3.1/thumb/v7-m/nofp/crtn.o
                0x0000000020005000                _estack = (ORIGIN (RAM) + LENGTH (RAM))
                0x0000000000000200                _Min_Heap_Size = 0x200
                0x0000000000000400                _Min_Stack_Size = 0x400

.isr_vector     0x0000000008000000      0x10c
                0x0000000008000000                . = ALIGN (0x4)
 *(.isr_vector)
 .isr_vector    0x0000000008000000      0x10c Core/Startup/startup_stm32f103c8tx.o
                0x0000000008000000                g_pfnVectors
                0x000000000800010c                . = ALIGN (0x4)

.text           0x0000000008000110     0x516c
                0x0000000008000110                . = ALIGN (0x4)
 *(.text)
 .text          0x0000000008000110       0x40 c:/st/stm32cubeide_1.6.1/stm32cubeide/plugins/com.st.stm32cube.ide.mcu.externaltools.gnu-tools-for-stm32.9-2020-q2-update.win32_1.5.0.202011040924/tools/bin/../lib/gcc/arm-none-eabi/9.3.1/thumb/v7-m/nofp/crtbegin.o
 .text          0x0000000008000150       0x10 c:/st/stm32cubeide_1.6.1/stm32cubeide/plugins/com.st.stm32cube.ide.mcu.externaltools.gnu-tools-for-stm32.9-2020-q2-update.win32_1.5.0.202011040924/tools/bin/../lib/gcc/arm-none-eabi/9.3.1/../../../../arm-none-eabi/lib/thumb/v7-m/nofp\libc_nano.a(lib_a-strlen.o)
                0x0000000008000150                strlen
 *(.text*)
 .text.MX_FREERTOS_Init
                0x0000000008000160       0x6c Core/Src/freertos.o
                0x0000000008000160                MX_FREERTOS_Init
 .text.StartDefaultTask
                0x00000000080001cc       0x12 Core/Src/freertos.o
                0x00000000080001cc                StartDefaultTask
 *fill*         0x00000000080001de        0x2 
 .text.LedTaskHandler
                0x00000000080001e0       0x54 Core/Src/freertos.o
                0x00000000080001e0                LedTaskHandler
 .text.BtnTaskHandler
                0x0000000008000234       0x68 Core/Src/freertos.o
                0x0000000008000234                BtnTaskHandler
 .text.rtosDelay
                0x000000000800029c       0x44 Core/Src/freertos.o
                0x000000000800029c                rtosDelay
 .text.MX_GPIO_Init
                0x00000000080002e0       0xfc Core/Src/gpio.o
                0x00000000080002e0                MX_GPIO_Init
 .text.main     0x00000000080003dc       0x38 Core/Src/main.o
                0x00000000080003dc                main
 .text.SystemClock_Config
                0x0000000008000414       0x76 Core/Src/main.o
                0x0000000008000414                SystemClock_Config
 *fill*         0x000000000800048a        0x2 
 .text.HAL_TIM_PeriodElapsedCallback
                0x000000000800048c       0x24 Core/Src/main.o
                0x000000000800048c                HAL_TIM_PeriodElapsedCallback
 .text.Error_Handler
                0x00000000080004b0        0xa Core/Src/main.o
                0x00000000080004b0                Error_Handler
 *fill*         0x00000000080004ba        0x2 
 .text.HAL_MspInit
                0x00000000080004bc       0x70 Core/Src/stm32f1xx_hal_msp.o
                0x00000000080004bc                HAL_MspInit
 .text.HAL_InitTick
                0x000000000800052c       0xac Core/Src/stm32f1xx_hal_timebase_tim.o
                0x000000000800052c                HAL_InitTick
 .text.NMI_Handler
                0x00000000080005d8        0x6 Core/Src/stm32f1xx_it.o
                0x00000000080005d8                NMI_Handler
 .text.HardFault_Handler
                0x00000000080005de        0x6 Core/Src/stm32f1xx_it.o
                0x00000000080005de                HardFault_Handler
 .text.MemManage_Handler
                0x00000000080005e4        0x6 Core/Src/stm32f1xx_it.o
                0x00000000080005e4                MemManage_Handler
 .text.BusFault_Handler
                0x00000000080005ea        0x6 Core/Src/stm32f1xx_it.o
                0x00000000080005ea                BusFault_Handler
 .text.UsageFault_Handler
                0x00000000080005f0        0x6 Core/Src/stm32f1xx_it.o
                0x00000000080005f0                UsageFault_Handler
 .text.DebugMon_Handler
                0x00000000080005f6        0xc Core/Src/stm32f1xx_it.o
                0x00000000080005f6                DebugMon_Handler
 *fill*         0x0000000008000602        0x2 
 .text.TIM3_IRQHandler
                0x0000000008000604       0x14 Core/Src/stm32f1xx_it.o
                0x0000000008000604                TIM3_IRQHandler
 .text._sbrk    0x0000000008000618       0x6c Core/Src/sysmem.o
                0x0000000008000618                _sbrk
 .text.SystemInit
                0x0000000008000684        0xc Core/Src/system_stm32f1xx.o
                0x0000000008000684                SystemInit
 .text.MX_USART2_UART_Init
                0x0000000008000690       0x54 Core/Src/usart.o
                0x0000000008000690                MX_USART2_UART_Init
 .text.HAL_UART_MspInit
                0x00000000080006e4       0x94 Core/Src/usart.o
                0x00000000080006e4                HAL_UART_MspInit
 .text.Reset_Handler
                0x0000000008000778       0x48 Core/Startup/startup_stm32f103c8tx.o
                0x0000000008000778                Reset_Handler
 .text.Default_Handler
                0x00000000080007c0        0x2 Core/Startup/startup_stm32f103c8tx.o
                0x00000000080007c0                RTC_Alarm_IRQHandler
                0x00000000080007c0                EXTI2_IRQHandler
                0x00000000080007c0                TIM1_CC_IRQHandler
                0x00000000080007c0                PVD_IRQHandler
                0x00000000080007c0                EXTI3_IRQHandler
                0x00000000080007c0                EXTI0_IRQHandler
                0x00000000080007c0                I2C2_EV_IRQHandler
                0x00000000080007c0                ADC1_2_IRQHandler
                0x00000000080007c0                SPI1_IRQHandler
                0x00000000080007c0                TAMPER_IRQHandler
                0x00000000080007c0                DMA1_Channel4_IRQHandler
                0x00000000080007c0                USART3_IRQHandler
                0x00000000080007c0                RTC_IRQHandler
                0x00000000080007c0                DMA1_Channel7_IRQHandler
                0x00000000080007c0                CAN1_RX1_IRQHandler
                0x00000000080007c0                TIM4_IRQHandler
                0x00000000080007c0                I2C1_EV_IRQHandler
                0x00000000080007c0                DMA1_Channel6_IRQHandler
                0x00000000080007c0                RCC_IRQHandler
                0x00000000080007c0                TIM1_TRG_COM_IRQHandler
                0x00000000080007c0                DMA1_Channel1_IRQHandler
                0x00000000080007c0                Default_Handler
                0x00000000080007c0                EXTI15_10_IRQHandler
                0x00000000080007c0                EXTI9_5_IRQHandler
                0x00000000080007c0                SPI2_IRQHandler
                0x00000000080007c0                DMA1_Channel5_IRQHandler
                0x00000000080007c0                EXTI4_IRQHandler
                0x00000000080007c0                USB_LP_CAN1_RX0_IRQHandler
                0x00000000080007c0                USB_HP_CAN1_TX_IRQHandler
                0x00000000080007c0                DMA1_Channel3_IRQHandler
                0x00000000080007c0                TIM1_UP_IRQHandler
                0x00000000080007c0                WWDG_IRQHandler
                0x00000000080007c0                TIM2_IRQHandler
                0x00000000080007c0                TIM1_BRK_IRQHandler
                0x00000000080007c0                EXTI1_IRQHandler
                0x00000000080007c0                USART2_IRQHandler
                0x00000000080007c0                I2C2_ER_IRQHandler
                0x00000000080007c0                DMA1_Channel2_IRQHandler
                0x00000000080007c0                CAN1_SCE_IRQHandler
                0x00000000080007c0                FLASH_IRQHandler
                0x00000000080007c0                USART1_IRQHandler
                0x00000000080007c0                I2C1_ER_IRQHandler
                0x00000000080007c0                USBWakeUp_IRQHandler
 *fill*         0x00000000080007c2        0x2 
 .text.HAL_Init
                0x00000000080007c4       0x2c Drivers/STM32F1xx_HAL_Driver/Src/stm32f1xx_hal.o
                0x00000000080007c4                HAL_Init
 .text.HAL_IncTick
                0x00000000080007f0       0x24 Drivers/STM32F1xx_HAL_Driver/Src/stm32f1xx_hal.o
                0x00000000080007f0                HAL_IncTick
 .text.HAL_GetTick
                0x0000000008000814       0x14 Drivers/STM32F1xx_HAL_Driver/Src/stm32f1xx_hal.o
                0x0000000008000814                HAL_GetTick
 .text.__NVIC_SetPriorityGrouping
                0x0000000008000828       0x48 Drivers/STM32F1xx_HAL_Driver/Src/stm32f1xx_hal_cortex.o
 .text.__NVIC_GetPriorityGrouping
                0x0000000008000870       0x1c Drivers/STM32F1xx_HAL_Driver/Src/stm32f1xx_hal_cortex.o
 .text.__NVIC_EnableIRQ
                0x000000000800088c       0x38 Drivers/STM32F1xx_HAL_Driver/Src/stm32f1xx_hal_cortex.o
 .text.__NVIC_SetPriority
                0x00000000080008c4       0x54 Drivers/STM32F1xx_HAL_Driver/Src/stm32f1xx_hal_cortex.o
 .text.NVIC_EncodePriority
                0x0000000008000918       0x64 Drivers/STM32F1xx_HAL_Driver/Src/stm32f1xx_hal_cortex.o
 .text.HAL_NVIC_SetPriorityGrouping
                0x000000000800097c       0x16 Drivers/STM32F1xx_HAL_Driver/Src/stm32f1xx_hal_cortex.o
                0x000000000800097c                HAL_NVIC_SetPriorityGrouping
 .text.HAL_NVIC_SetPriority
                0x0000000008000992       0x38 Drivers/STM32F1xx_HAL_Driver/Src/stm32f1xx_hal_cortex.o
                0x0000000008000992                HAL_NVIC_SetPriority
 .text.HAL_NVIC_EnableIRQ
                0x00000000080009ca       0x1c Drivers/STM32F1xx_HAL_Driver/Src/stm32f1xx_hal_cortex.o
                0x00000000080009ca                HAL_NVIC_EnableIRQ
 *fill*         0x00000000080009e6        0x2 
 .text.HAL_GPIO_Init
                0x00000000080009e8      0x308 Drivers/STM32F1xx_HAL_Driver/Src/stm32f1xx_hal_gpio.o
                0x00000000080009e8                HAL_GPIO_Init
 .text.HAL_GPIO_ReadPin
                0x0000000008000cf0       0x2e Drivers/STM32F1xx_HAL_Driver/Src/stm32f1xx_hal_gpio.o
                0x0000000008000cf0                HAL_GPIO_ReadPin
 .text.HAL_GPIO_WritePin
                0x0000000008000d1e       0x30 Drivers/STM32F1xx_HAL_Driver/Src/stm32f1xx_hal_gpio.o
                0x0000000008000d1e                HAL_GPIO_WritePin
 *fill*         0x0000000008000d4e        0x2 
 .text.HAL_RCC_OscConfig
                0x0000000008000d50      0x500 Drivers/STM32F1xx_HAL_Driver/Src/stm32f1xx_hal_rcc.o
                0x0000000008000d50                HAL_RCC_OscConfig
 .text.HAL_RCC_ClockConfig
                0x0000000008001250      0x1d4 Drivers/STM32F1xx_HAL_Driver/Src/stm32f1xx_hal_rcc.o
                0x0000000008001250                HAL_RCC_ClockConfig
 .text.HAL_RCC_GetSysClockFreq
                0x0000000008001424       0xc0 Drivers/STM32F1xx_HAL_Driver/Src/stm32f1xx_hal_rcc.o
                0x0000000008001424                HAL_RCC_GetSysClockFreq
 .text.HAL_RCC_GetHCLKFreq
                0x00000000080014e4       0x14 Drivers/STM32F1xx_HAL_Driver/Src/stm32f1xx_hal_rcc.o
                0x00000000080014e4                HAL_RCC_GetHCLKFreq
 .text.HAL_RCC_GetPCLK1Freq
                0x00000000080014f8       0x28 Drivers/STM32F1xx_HAL_Driver/Src/stm32f1xx_hal_rcc.o
                0x00000000080014f8                HAL_RCC_GetPCLK1Freq
 .text.HAL_RCC_GetPCLK2Freq
                0x0000000008001520       0x28 Drivers/STM32F1xx_HAL_Driver/Src/stm32f1xx_hal_rcc.o
                0x0000000008001520                HAL_RCC_GetPCLK2Freq
 .text.HAL_RCC_GetClockConfig
                0x0000000008001548       0x60 Drivers/STM32F1xx_HAL_Driver/Src/stm32f1xx_hal_rcc.o
                0x0000000008001548                HAL_RCC_GetClockConfig
 .text.RCC_Delay
                0x00000000080015a8       0x3c Drivers/STM32F1xx_HAL_Driver/Src/stm32f1xx_hal_rcc.o
 .text.HAL_TIM_Base_Init
                0x00000000080015e4       0x9e Drivers/STM32F1xx_HAL_Driver/Src/stm32f1xx_hal_tim.o
                0x00000000080015e4                HAL_TIM_Base_Init
 .text.HAL_TIM_Base_MspInit
                0x0000000008001682       0x12 Drivers/STM32F1xx_HAL_Driver/Src/stm32f1xx_hal_tim.o
                0x0000000008001682                HAL_TIM_Base_MspInit
 .text.HAL_TIM_Base_Start_IT
                0x0000000008001694       0xa4 Drivers/STM32F1xx_HAL_Driver/Src/stm32f1xx_hal_tim.o
                0x0000000008001694                HAL_TIM_Base_Start_IT
 .text.HAL_TIM_IRQHandler
                0x0000000008001738      0x210 Drivers/STM32F1xx_HAL_Driver/Src/stm32f1xx_hal_tim.o
                0x0000000008001738                HAL_TIM_IRQHandler
 .text.HAL_TIM_OC_DelayElapsedCallback
                0x0000000008001948       0x12 Drivers/STM32F1xx_HAL_Driver/Src/stm32f1xx_hal_tim.o
                0x0000000008001948                HAL_TIM_OC_DelayElapsedCallback
 .text.HAL_TIM_IC_CaptureCallback
                0x000000000800195a       0x12 Drivers/STM32F1xx_HAL_Driver/Src/stm32f1xx_hal_tim.o
                0x000000000800195a                HAL_TIM_IC_CaptureCallback
 .text.HAL_TIM_PWM_PulseFinishedCallback
                0x000000000800196c       0x12 Drivers/STM32F1xx_HAL_Driver/Src/stm32f1xx_hal_tim.o
                0x000000000800196c                HAL_TIM_PWM_PulseFinishedCallback
 .text.HAL_TIM_TriggerCallback
                0x000000000800197e       0x12 Drivers/STM32F1xx_HAL_Driver/Src/stm32f1xx_hal_tim.o
                0x000000000800197e                HAL_TIM_TriggerCallback
 .text.TIM_Base_SetConfig
                0x0000000008001990       0xc4 Drivers/STM32F1xx_HAL_Driver/Src/stm32f1xx_hal_tim.o
                0x0000000008001990                TIM_Base_SetConfig
 .text.HAL_TIMEx_CommutCallback
                0x0000000008001a54       0x12 Drivers/STM32F1xx_HAL_Driver/Src/stm32f1xx_hal_tim_ex.o
                0x0000000008001a54                HAL_TIMEx_CommutCallback
 .text.HAL_TIMEx_BreakCallback
                0x0000000008001a66       0x12 Drivers/STM32F1xx_HAL_Driver/Src/stm32f1xx_hal_tim_ex.o
                0x0000000008001a66                HAL_TIMEx_BreakCallback
 .text.HAL_UART_Init
                0x0000000008001a78       0x9a Drivers/STM32F1xx_HAL_Driver/Src/stm32f1xx_hal_uart.o
                0x0000000008001a78                HAL_UART_Init
 .text.HAL_UART_Transmit
                0x0000000008001b12      0x124 Drivers/STM32F1xx_HAL_Driver/Src/stm32f1xx_hal_uart.o
                0x0000000008001b12                HAL_UART_Transmit
 .text.UART_WaitOnFlagUntilTimeout
                0x0000000008001c36       0x94 Drivers/STM32F1xx_HAL_Driver/Src/stm32f1xx_hal_uart.o
 *fill*         0x0000000008001cca        0x2 
 .text.UART_SetConfig
                0x0000000008001ccc      0x11c Drivers/STM32F1xx_HAL_Driver/Src/stm32f1xx_hal_uart.o
 .text.osKernelInitialize
                0x0000000008001de8       0x64 Middlewares/Third_Party/FreeRTOS/Source/CMSIS_RTOS_V2/cmsis_os2.o
                0x0000000008001de8                osKernelInitialize
 .text.osKernelStart
                0x0000000008001e4c       0x68 Middlewares/Third_Party/FreeRTOS/Source/CMSIS_RTOS_V2/cmsis_os2.o
                0x0000000008001e4c                osKernelStart
 .text.osThreadNew
                0x0000000008001eb4      0x154 Middlewares/Third_Party/FreeRTOS/Source/CMSIS_RTOS_V2/cmsis_os2.o
                0x0000000008001eb4                osThreadNew
 .text.osDelay  0x0000000008002008       0x5c Middlewares/Third_Party/FreeRTOS/Source/CMSIS_RTOS_V2/cmsis_os2.o
                0x0000000008002008                osDelay
 .text.vApplicationGetIdleTaskMemory
                0x0000000008002064       0x30 Middlewares/Third_Party/FreeRTOS/Source/CMSIS_RTOS_V2/cmsis_os2.o
                0x0000000008002064                vApplicationGetIdleTaskMemory
 .text.vApplicationGetTimerTaskMemory
                0x0000000008002094       0x34 Middlewares/Third_Party/FreeRTOS/Source/CMSIS_RTOS_V2/cmsis_os2.o
                0x0000000008002094                vApplicationGetTimerTaskMemory
 .text.vListInitialise
                0x00000000080020c8       0x3e Middlewares/Third_Party/FreeRTOS/Source/list.o
                0x00000000080020c8                vListInitialise
 .text.vListInitialiseItem
                0x0000000008002106       0x18 Middlewares/Third_Party/FreeRTOS/Source/list.o
                0x0000000008002106                vListInitialiseItem
 .text.vListInsertEnd
                0x000000000800211e       0x46 Middlewares/Third_Party/FreeRTOS/Source/list.o
                0x000000000800211e                vListInsertEnd
 .text.vListInsert
                0x0000000008002164       0x70 Middlewares/Third_Party/FreeRTOS/Source/list.o
                0x0000000008002164                vListInsert
 .text.uxListRemove
                0x00000000080021d4       0x52 Middlewares/Third_Party/FreeRTOS/Source/list.o
                0x00000000080021d4                uxListRemove
 *fill*         0x0000000008002226        0x2 
 .text.xQueueGenericReset
                0x0000000008002228       0xd0 Middlewares/Third_Party/FreeRTOS/Source/queue.o
                0x0000000008002228                xQueueGenericReset
 .text.xQueueGenericCreateStatic
                0x00000000080022f8       0xee Middlewares/Third_Party/FreeRTOS/Source/queue.o
                0x00000000080022f8                xQueueGenericCreateStatic
 .text.prvInitialiseNewQueue
                0x00000000080023e6       0x46 Middlewares/Third_Party/FreeRTOS/Source/queue.o
 .text.xQueueGenericSend
                0x000000000800242c      0x1fc Middlewares/Third_Party/FreeRTOS/Source/queue.o
                0x000000000800242c                xQueueGenericSend
 .text.xQueueGenericSendFromISR
                0x0000000008002628      0x130 Middlewares/Third_Party/FreeRTOS/Source/queue.o
                0x0000000008002628                xQueueGenericSendFromISR
 .text.xQueueReceive
                0x0000000008002758      0x1c0 Middlewares/Third_Party/FreeRTOS/Source/queue.o
                0x0000000008002758                xQueueReceive
 .text.prvCopyDataToQueue
                0x0000000008002918       0xd4 Middlewares/Third_Party/FreeRTOS/Source/queue.o
 .text.prvCopyDataFromQueue
                0x00000000080029ec       0x4c Middlewares/Third_Party/FreeRTOS/Source/queue.o
 .text.prvUnlockQueue
                0x0000000008002a38       0xa4 Middlewares/Third_Party/FreeRTOS/Source/queue.o
 .text.prvIsQueueEmpty
                0x0000000008002adc       0x2c Middlewares/Third_Party/FreeRTOS/Source/queue.o
 .text.prvIsQueueFull
                0x0000000008002b08       0x30 Middlewares/Third_Party/FreeRTOS/Source/queue.o
 .text.vQueueAddToRegistry
                0x0000000008002b38       0x50 Middlewares/Third_Party/FreeRTOS/Source/queue.o
                0x0000000008002b38                vQueueAddToRegistry
 .text.vQueueWaitForMessageRestricted
                0x0000000008002b88       0x68 Middlewares/Third_Party/FreeRTOS/Source/queue.o
                0x0000000008002b88                vQueueWaitForMessageRestricted
 .text.xTaskCreateStatic
                0x0000000008002bf0       0xb8 Middlewares/Third_Party/FreeRTOS/Source/tasks.o
                0x0000000008002bf0                xTaskCreateStatic
 .text.xTaskCreate
                0x0000000008002ca8       0x8a Middlewares/Third_Party/FreeRTOS/Source/tasks.o
                0x0000000008002ca8                xTaskCreate
 .text.prvInitialiseNewTask
                0x0000000008002d32      0x10e Middlewares/Third_Party/FreeRTOS/Source/tasks.o
 .text.prvAddNewTaskToReadyList
                0x0000000008002e40       0xe0 Middlewares/Third_Party/FreeRTOS/Source/tasks.o
 .text.vTaskDelay
                0x0000000008002f20       0x68 Middlewares/Third_Party/FreeRTOS/Source/tasks.o
                0x0000000008002f20                vTaskDelay
 .text.vTaskStartScheduler
                0x0000000008002f88       0xcc Middlewares/Third_Party/FreeRTOS/Source/tasks.o
                0x0000000008002f88                vTaskStartScheduler
 .text.vTaskSuspendAll
                0x0000000008003054       0x1c Middlewares/Third_Party/FreeRTOS/Source/tasks.o
                0x0000000008003054                vTaskSuspendAll
 .text.xTaskResumeAll
                0x0000000008003070      0x13c Middlewares/Third_Party/FreeRTOS/Source/tasks.o
                0x0000000008003070                xTaskResumeAll
 .text.xTaskGetTickCount
                0x00000000080031ac       0x1c Middlewares/Third_Party/FreeRTOS/Source/tasks.o
                0x00000000080031ac                xTaskGetTickCount
 .text.xTaskIncrementTick
                0x00000000080031c8      0x17c Middlewares/Third_Party/FreeRTOS/Source/tasks.o
                0x00000000080031c8                xTaskIncrementTick
 .text.vTaskSwitchContext
                0x0000000008003344       0xb8 Middlewares/Third_Party/FreeRTOS/Source/tasks.o
                0x0000000008003344                vTaskSwitchContext
 .text.vTaskPlaceOnEventList
                0x00000000080033fc       0x48 Middlewares/Third_Party/FreeRTOS/Source/tasks.o
                0x00000000080033fc                vTaskPlaceOnEventList
 .text.vTaskPlaceOnEventListRestricted
                0x0000000008003444       0x58 Middlewares/Third_Party/FreeRTOS/Source/tasks.o
                0x0000000008003444                vTaskPlaceOnEventListRestricted
 .text.xTaskRemoveFromEventList
                0x000000000800349c       0xc8 Middlewares/Third_Party/FreeRTOS/Source/tasks.o
                0x000000000800349c                xTaskRemoveFromEventList
 .text.vTaskInternalSetTimeOutState
                0x0000000008003564       0x2c Middlewares/Third_Party/FreeRTOS/Source/tasks.o
                0x0000000008003564                vTaskInternalSetTimeOutState
 .text.xTaskCheckForTimeOut
                0x0000000008003590       0xc4 Middlewares/Third_Party/FreeRTOS/Source/tasks.o
                0x0000000008003590                xTaskCheckForTimeOut
 .text.vTaskMissedYield
                0x0000000008003654       0x18 Middlewares/Third_Party/FreeRTOS/Source/tasks.o
                0x0000000008003654                vTaskMissedYield
 .text.prvIdleTask
                0x000000000800366c       0x30 Middlewares/Third_Party/FreeRTOS/Source/tasks.o
 .text.prvInitialiseTaskLists
                0x000000000800369c       0x80 Middlewares/Third_Party/FreeRTOS/Source/tasks.o
 .text.prvCheckTasksWaitingTermination
                0x000000000800371c       0x5c Middlewares/Third_Party/FreeRTOS/Source/tasks.o
 .text.prvDeleteTCB
                0x0000000008003778       0x5e Middlewares/Third_Party/FreeRTOS/Source/tasks.o
 *fill*         0x00000000080037d6        0x2 
 .text.prvResetNextTaskUnblockTime
                0x00000000080037d8       0x48 Middlewares/Third_Party/FreeRTOS/Source/tasks.o
 .text.xTaskGetSchedulerState
                0x0000000008003820       0x3c Middlewares/Third_Party/FreeRTOS/Source/tasks.o
                0x0000000008003820                xTaskGetSchedulerState
 .text.xTaskPriorityDisinherit
                0x000000000800385c       0xdc Middlewares/Third_Party/FreeRTOS/Source/tasks.o
                0x000000000800385c                xTaskPriorityDisinherit
 .text.xTaskNotifyWait
                0x0000000008003938       0xb4 Middlewares/Third_Party/FreeRTOS/Source/tasks.o
                0x0000000008003938                xTaskNotifyWait
 .text.xTaskGenericNotify
                0x00000000080039ec      0x148 Middlewares/Third_Party/FreeRTOS/Source/tasks.o
                0x00000000080039ec                xTaskGenericNotify
 .text.prvAddCurrentTaskToDelayedList
                0x0000000008003b34       0xa8 Middlewares/Third_Party/FreeRTOS/Source/tasks.o
 .text.xTimerCreateTimerTask
                0x0000000008003bdc       0x90 Middlewares/Third_Party/FreeRTOS/Source/timers.o
                0x0000000008003bdc                xTimerCreateTimerTask
 .text.xTimerGenericCommand
                0x0000000008003c6c       0x9c Middlewares/Third_Party/FreeRTOS/Source/timers.o
                0x0000000008003c6c                xTimerGenericCommand
 .text.prvProcessExpiredTimer
                0x0000000008003d08       0x80 Middlewares/Third_Party/FreeRTOS/Source/timers.o
 .text.prvTimerTask
                0x0000000008003d88       0x24 Middlewares/Third_Party/FreeRTOS/Source/timers.o
 .text.prvProcessTimerOrBlockTask
                0x0000000008003dac       0x9c Middlewares/Third_Party/FreeRTOS/Source/timers.o
 .text.prvGetNextExpireTime
                0x0000000008003e48       0x48 Middlewares/Third_Party/FreeRTOS/Source/timers.o
 .text.prvSampleTimeNow
                0x0000000008003e90       0x40 Middlewares/Third_Party/FreeRTOS/Source/timers.o
 .text.prvInsertTimerInActiveList
                0x0000000008003ed0       0x84 Middlewares/Third_Party/FreeRTOS/Source/timers.o
 .text.prvProcessReceivedCommands
                0x0000000008003f54      0x168 Middlewares/Third_Party/FreeRTOS/Source/timers.o
 .text.prvSwitchTimerLists
                0x00000000080040bc       0xc4 Middlewares/Third_Party/FreeRTOS/Source/timers.o
 .text.prvCheckForValidListAndQueue
                0x0000000008004180       0x80 Middlewares/Third_Party/FreeRTOS/Source/timers.o
 .text.pxPortInitialiseStack
                0x0000000008004200       0x58 Middlewares/Third_Party/FreeRTOS/Source/portable/GCC/ARM_CM3/port.o
                0x0000000008004200                pxPortInitialiseStack
 .text.prvTaskExitError
                0x0000000008004258       0x58 Middlewares/Third_Party/FreeRTOS/Source/portable/GCC/ARM_CM3/port.o
 .text.SVC_Handler
                0x00000000080042b0       0x28 Middlewares/Third_Party/FreeRTOS/Source/portable/GCC/ARM_CM3/port.o
                0x00000000080042b0                SVC_Handler
 .text.prvPortStartFirstTask
                0x00000000080042d8       0x20 Middlewares/Third_Party/FreeRTOS/Source/portable/GCC/ARM_CM3/port.o
 .text.xPortStartScheduler
                0x00000000080042f8       0xe4 Middlewares/Third_Party/FreeRTOS/Source/portable/GCC/ARM_CM3/port.o
                0x00000000080042f8                xPortStartScheduler
 .text.vPortEnterCritical
                0x00000000080043dc       0x60 Middlewares/Third_Party/FreeRTOS/Source/portable/GCC/ARM_CM3/port.o
                0x00000000080043dc                vPortEnterCritical
 .text.vPortExitCritical
                0x000000000800443c       0x50 Middlewares/Third_Party/FreeRTOS/Source/portable/GCC/ARM_CM3/port.o
                0x000000000800443c                vPortExitCritical
 *fill*         0x000000000800448c        0x4 
 .text.PendSV_Handler
                0x0000000008004490       0x48 Middlewares/Third_Party/FreeRTOS/Source/portable/GCC/ARM_CM3/port.o
                0x0000000008004490                PendSV_Handler
 .text.SysTick_Handler
                0x00000000080044d8       0x44 Middlewares/Third_Party/FreeRTOS/Source/portable/GCC/ARM_CM3/port.o
                0x00000000080044d8                SysTick_Handler
 .text.vPortSetupTimerInterrupt
                0x000000000800451c       0x44 Middlewares/Third_Party/FreeRTOS/Source/portable/GCC/ARM_CM3/port.o
                0x000000000800451c                vPortSetupTimerInterrupt
 .text.vPortValidateInterruptPriority
                0x0000000008004560       0x7c Middlewares/Third_Party/FreeRTOS/Source/portable/GCC/ARM_CM3/port.o
                0x0000000008004560                vPortValidateInterruptPriority
 .text.pvPortMalloc
                0x00000000080045dc      0x188 Middlewares/Third_Party/FreeRTOS/Source/portable/MemMang/heap_4.o
                0x00000000080045dc                pvPortMalloc
 .text.vPortFree
                0x0000000008004764       0xb4 Middlewares/Third_Party/FreeRTOS/Source/portable/MemMang/heap_4.o
                0x0000000008004764                vPortFree
 .text.prvHeapInit
                0x0000000008004818       0xc4 Middlewares/Third_Party/FreeRTOS/Source/portable/MemMang/heap_4.o
 .text.prvInsertBlockIntoFreeList
                0x00000000080048dc       0xb0 Middlewares/Third_Party/FreeRTOS/Source/portable/MemMang/heap_4.o
 .text.__errno  0x000000000800498c        0xc c:/st/stm32cubeide_1.6.1/stm32cubeide/plugins/com.st.stm32cube.ide.mcu.externaltools.gnu-tools-for-stm32.9-2020-q2-update.win32_1.5.0.202011040924/tools/bin/../lib/gcc/arm-none-eabi/9.3.1/../../../../arm-none-eabi/lib/thumb/v7-m/nofp\libc_nano.a(lib_a-errno.o)
                0x000000000800498c                __errno
 .text.__libc_init_array
                0x0000000008004998       0x48 c:/st/stm32cubeide_1.6.1/stm32cubeide/plugins/com.st.stm32cube.ide.mcu.externaltools.gnu-tools-for-stm32.9-2020-q2-update.win32_1.5.0.202011040924/tools/bin/../lib/gcc/arm-none-eabi/9.3.1/../../../../arm-none-eabi/lib/thumb/v7-m/nofp\libc_nano.a(lib_a-init.o)
                0x0000000008004998                __libc_init_array
 .text.memcpy   0x00000000080049e0       0x1c c:/st/stm32cubeide_1.6.1/stm32cubeide/plugins/com.st.stm32cube.ide.mcu.externaltools.gnu-tools-for-stm32.9-2020-q2-update.win32_1.5.0.202011040924/tools/bin/../lib/gcc/arm-none-eabi/9.3.1/../../../../arm-none-eabi/lib/thumb/v7-m/nofp\libc_nano.a(lib_a-memcpy-stub.o)
                0x00000000080049e0                memcpy
 .text.memset   0x00000000080049fc       0x10 c:/st/stm32cubeide_1.6.1/stm32cubeide/plugins/com.st.stm32cube.ide.mcu.externaltools.gnu-tools-for-stm32.9-2020-q2-update.win32_1.5.0.202011040924/tools/bin/../lib/gcc/arm-none-eabi/9.3.1/../../../../arm-none-eabi/lib/thumb/v7-m/nofp\libc_nano.a(lib_a-memset.o)
                0x00000000080049fc                memset
 .text.sprintf  0x0000000008004a0c       0x40 c:/st/stm32cubeide_1.6.1/stm32cubeide/plugins/com.st.stm32cube.ide.mcu.externaltools.gnu-tools-for-stm32.9-2020-q2-update.win32_1.5.0.202011040924/tools/bin/../lib/gcc/arm-none-eabi/9.3.1/../../../../arm-none-eabi/lib/thumb/v7-m/nofp\libc_nano.a(lib_a-sprintf.o)
                0x0000000008004a0c                siprintf
                0x0000000008004a0c                sprintf
 .text.__ssputs_r
                0x0000000008004a4c       0xb6 c:/st/stm32cubeide_1.6.1/stm32cubeide/plugins/com.st.stm32cube.ide.mcu.externaltools.gnu-tools-for-stm32.9-2020-q2-update.win32_1.5.0.202011040924/tools/bin/../lib/gcc/arm-none-eabi/9.3.1/../../../../arm-none-eabi/lib/thumb/v7-m/nofp\libc_nano.a(lib_a-nano-svfprintf.o)
                0x0000000008004a4c                __ssputs_r
 *fill*         0x0000000008004b02        0x2 
 .text._svfprintf_r
                0x0000000008004b04      0x200 c:/st/stm32cubeide_1.6.1/stm32cubeide/plugins/com.st.stm32cube.ide.mcu.externaltools.gnu-tools-for-stm32.9-2020-q2-update.win32_1.5.0.202011040924/tools/bin/../lib/gcc/arm-none-eabi/9.3.1/../../../../arm-none-eabi/lib/thumb/v7-m/nofp\libc_nano.a(lib_a-nano-svfprintf.o)
                0x0000000008004b04                _svfiprintf_r
                0x0000000008004b04                _svfprintf_r
 .text._printf_common
                0x0000000008004d04       0xde c:/st/stm32cubeide_1.6.1/stm32cubeide/plugins/com.st.stm32cube.ide.mcu.externaltools.gnu-tools-for-stm32.9-2020-q2-update.win32_1.5.0.202011040924/tools/bin/../lib/gcc/arm-none-eabi/9.3.1/../../../../arm-none-eabi/lib/thumb/v7-m/nofp\libc_nano.a(lib_a-nano-vfprintf_i.o)
                0x0000000008004d04                _printf_common
 *fill*         0x0000000008004de2        0x2 
 .text._printf_i
                0x0000000008004de4      0x24c c:/st/stm32cubeide_1.6.1/stm32cubeide/plugins/com.st.stm32cube.ide.mcu.externaltools.gnu-tools-for-stm32.9-2020-q2-update.win32_1.5.0.202011040924/tools/bin/../lib/gcc/arm-none-eabi/9.3.1/../../../../arm-none-eabi/lib/thumb/v7-m/nofp\libc_nano.a(lib_a-nano-vfprintf_i.o)
                0x0000000008004de4                _printf_i
 .text.memchr   0x0000000008005030       0x1c c:/st/stm32cubeide_1.6.1/stm32cubeide/plugins/com.st.stm32cube.ide.mcu.externaltools.gnu-tools-for-stm32.9-2020-q2-update.win32_1.5.0.202011040924/tools/bin/../lib/gcc/arm-none-eabi/9.3.1/../../../../arm-none-eabi/lib/thumb/v7-m/nofp\libc_nano.a(lib_a-memchr-stub.o)
                0x0000000008005030                memchr
 .text.memmove  0x000000000800504c       0x34 c:/st/stm32cubeide_1.6.1/stm32cubeide/plugins/com.st.stm32cube.ide.mcu.externaltools.gnu-tools-for-stm32.9-2020-q2-update.win32_1.5.0.202011040924/tools/bin/../lib/gcc/arm-none-eabi/9.3.1/../../../../arm-none-eabi/lib/thumb/v7-m/nofp\libc_nano.a(lib_a-memmove.o)
                0x000000000800504c                memmove
 .text._free_r  0x0000000008005080       0x98 c:/st/stm32cubeide_1.6.1/stm32cubeide/plugins/com.st.stm32cube.ide.mcu.externaltools.gnu-tools-for-stm32.9-2020-q2-update.win32_1.5.0.202011040924/tools/bin/../lib/gcc/arm-none-eabi/9.3.1/../../../../arm-none-eabi/lib/thumb/v7-m/nofp\libc_nano.a(lib_a-nano-freer.o)
                0x0000000008005080                _free_r
 .text._malloc_r
                0x0000000008005118       0xb4 c:/st/stm32cubeide_1.6.1/stm32cubeide/plugins/com.st.stm32cube.ide.mcu.externaltools.gnu-tools-for-stm32.9-2020-q2-update.win32_1.5.0.202011040924/tools/bin/../lib/gcc/arm-none-eabi/9.3.1/../../../../arm-none-eabi/lib/thumb/v7-m/nofp\libc_nano.a(lib_a-nano-mallocr.o)
                0x0000000008005118                _malloc_r
 .text._realloc_r
                0x00000000080051cc       0x4c c:/st/stm32cubeide_1.6.1/stm32cubeide/plugins/com.st.stm32cube.ide.mcu.externaltools.gnu-tools-for-stm32.9-2020-q2-update.win32_1.5.0.202011040924/tools/bin/../lib/gcc/arm-none-eabi/9.3.1/../../../../arm-none-eabi/lib/thumb/v7-m/nofp\libc_nano.a(lib_a-nano-reallocr.o)
                0x00000000080051cc                _realloc_r
 .text._sbrk_r  0x0000000008005218       0x20 c:/st/stm32cubeide_1.6.1/stm32cubeide/plugins/com.st.stm32cube.ide.mcu.externaltools.gnu-tools-for-stm32.9-2020-q2-update.win32_1.5.0.202011040924/tools/bin/../lib/gcc/arm-none-eabi/9.3.1/../../../../arm-none-eabi/lib/thumb/v7-m/nofp\libc_nano.a(lib_a-sbrkr.o)
                0x0000000008005218                _sbrk_r
 .text.__malloc_lock
                0x0000000008005238        0xc c:/st/stm32cubeide_1.6.1/stm32cubeide/plugins/com.st.stm32cube.ide.mcu.externaltools.gnu-tools-for-stm32.9-2020-q2-update.win32_1.5.0.202011040924/tools/bin/../lib/gcc/arm-none-eabi/9.3.1/../../../../arm-none-eabi/lib/thumb/v7-m/nofp\libc_nano.a(lib_a-mlock.o)
                0x0000000008005238                __malloc_lock
 .text.__malloc_unlock
                0x0000000008005244        0xc c:/st/stm32cubeide_1.6.1/stm32cubeide/plugins/com.st.stm32cube.ide.mcu.externaltools.gnu-tools-for-stm32.9-2020-q2-update.win32_1.5.0.202011040924/tools/bin/../lib/gcc/arm-none-eabi/9.3.1/../../../../arm-none-eabi/lib/thumb/v7-m/nofp\libc_nano.a(lib_a-mlock.o)
                0x0000000008005244                __malloc_unlock
 .text._malloc_usable_size_r
                0x0000000008005250       0x10 c:/st/stm32cubeide_1.6.1/stm32cubeide/plugins/com.st.stm32cube.ide.mcu.externaltools.gnu-tools-for-stm32.9-2020-q2-update.win32_1.5.0.202011040924/tools/bin/../lib/gcc/arm-none-eabi/9.3.1/../../../../arm-none-eabi/lib/thumb/v7-m/nofp\libc_nano.a(lib_a-nano-msizer.o)
                0x0000000008005250                _malloc_usable_size_r
 .text.__retarget_lock_acquire_recursive
                0x0000000008005260        0x2 c:/st/stm32cubeide_1.6.1/stm32cubeide/plugins/com.st.stm32cube.ide.mcu.externaltools.gnu-tools-for-stm32.9-2020-q2-update.win32_1.5.0.202011040924/tools/bin/../lib/gcc/arm-none-eabi/9.3.1/../../../../arm-none-eabi/lib/thumb/v7-m/nofp\libc_nano.a(lib_a-lock.o)
                0x0000000008005260                __retarget_lock_acquire_recursive
 .text.__retarget_lock_release_recursive
                0x0000000008005262        0x2 c:/st/stm32cubeide_1.6.1/stm32cubeide/plugins/com.st.stm32cube.ide.mcu.externaltools.gnu-tools-for-stm32.9-2020-q2-update.win32_1.5.0.202011040924/tools/bin/../lib/gcc/arm-none-eabi/9.3.1/../../../../arm-none-eabi/lib/thumb/v7-m/nofp\libc_nano.a(lib_a-lock.o)
                0x0000000008005262                __retarget_lock_release_recursive
 *(.glue_7)
 .glue_7        0x0000000008005264        0x0 linker stubs
 *(.glue_7t)
 .glue_7t       0x0000000008005264        0x0 linker stubs
 *(.eh_frame)
 .eh_frame      0x0000000008005264        0x0 c:/st/stm32cubeide_1.6.1/stm32cubeide/plugins/com.st.stm32cube.ide.mcu.externaltools.gnu-tools-for-stm32.9-2020-q2-update.win32_1.5.0.202011040924/tools/bin/../lib/gcc/arm-none-eabi/9.3.1/thumb/v7-m/nofp/crtbegin.o
 *(.init)
 .init          0x0000000008005264        0x4 c:/st/stm32cubeide_1.6.1/stm32cubeide/plugins/com.st.stm32cube.ide.mcu.externaltools.gnu-tools-for-stm32.9-2020-q2-update.win32_1.5.0.202011040924/tools/bin/../lib/gcc/arm-none-eabi/9.3.1/thumb/v7-m/nofp/crti.o
                0x0000000008005264                _init
 .init          0x0000000008005268        0x8 c:/st/stm32cubeide_1.6.1/stm32cubeide/plugins/com.st.stm32cube.ide.mcu.externaltools.gnu-tools-for-stm32.9-2020-q2-update.win32_1.5.0.202011040924/tools/bin/../lib/gcc/arm-none-eabi/9.3.1/thumb/v7-m/nofp/crtn.o
 *(.fini)
 .fini          0x0000000008005270        0x4 c:/st/stm32cubeide_1.6.1/stm32cubeide/plugins/com.st.stm32cube.ide.mcu.externaltools.gnu-tools-for-stm32.9-2020-q2-update.win32_1.5.0.202011040924/tools/bin/../lib/gcc/arm-none-eabi/9.3.1/thumb/v7-m/nofp/crti.o
                0x0000000008005270                _fini
 .fini          0x0000000008005274        0x8 c:/st/stm32cubeide_1.6.1/stm32cubeide/plugins/com.st.stm32cube.ide.mcu.externaltools.gnu-tools-for-stm32.9-2020-q2-update.win32_1.5.0.202011040924/tools/bin/../lib/gcc/arm-none-eabi/9.3.1/thumb/v7-m/nofp/crtn.o
                0x000000000800527c                . = ALIGN (0x4)
                0x000000000800527c                _etext = .

.vfp11_veneer   0x000000000800527c        0x0
 .vfp11_veneer  0x000000000800527c        0x0 linker stubs

.v4_bx          0x000000000800527c        0x0
 .v4_bx         0x000000000800527c        0x0 linker stubs

.iplt           0x000000000800527c        0x0
 .iplt          0x000000000800527c        0x0 c:/st/stm32cubeide_1.6.1/stm32cubeide/plugins/com.st.stm32cube.ide.mcu.externaltools.gnu-tools-for-stm32.9-2020-q2-update.win32_1.5.0.202011040924/tools/bin/../lib/gcc/arm-none-eabi/9.3.1/thumb/v7-m/nofp/crtbegin.o

.rodata         0x000000000800527c       0xe8
                0x000000000800527c                . = ALIGN (0x4)
 *(.rodata)
 .rodata        0x000000000800527c       0x37 Core/Src/freertos.o
 *fill*         0x00000000080052b3        0x1 
 .rodata        0x00000000080052b4       0x18 Core/Src/main.o
 .rodata        0x00000000080052cc       0x10 Drivers/STM32F1xx_HAL_Driver/Src/stm32f1xx_hal_rcc.o
 .rodata        0x00000000080052dc        0x5 Middlewares/Third_Party/FreeRTOS/Source/tasks.o
 *fill*         0x00000000080052e1        0x3 
 .rodata        0x00000000080052e4        0xd Middlewares/Third_Party/FreeRTOS/Source/timers.o
 *(.rodata*)
 *fill*         0x00000000080052f1        0x3 
 .rodata.defaultTask_attributes
                0x00000000080052f4       0x24 Core/Src/freertos.o
                0x00000000080052f4                defaultTask_attributes
 .rodata.AHBPrescTable
                0x0000000008005318       0x10 Core/Src/system_stm32f1xx.o
                0x0000000008005318                AHBPrescTable
 .rodata.APBPrescTable
                0x0000000008005328        0x8 Core/Src/system_stm32f1xx.o
                0x0000000008005328                APBPrescTable
 .rodata._svfprintf_r.str1.1
                0x0000000008005330       0x11 c:/st/stm32cubeide_1.6.1/stm32cubeide/plugins/com.st.stm32cube.ide.mcu.externaltools.gnu-tools-for-stm32.9-2020-q2-update.win32_1.5.0.202011040924/tools/bin/../lib/gcc/arm-none-eabi/9.3.1/../../../../arm-none-eabi/lib/thumb/v7-m/nofp\libc_nano.a(lib_a-nano-svfprintf.o)
 .rodata._printf_i.str1.1
                0x0000000008005341       0x22 c:/st/stm32cubeide_1.6.1/stm32cubeide/plugins/com.st.stm32cube.ide.mcu.externaltools.gnu-tools-for-stm32.9-2020-q2-update.win32_1.5.0.202011040924/tools/bin/../lib/gcc/arm-none-eabi/9.3.1/../../../../arm-none-eabi/lib/thumb/v7-m/nofp\libc_nano.a(lib_a-nano-vfprintf_i.o)
                0x0000000008005364                . = ALIGN (0x4)
 *fill*         0x0000000008005363        0x1 

.rel.dyn        0x0000000008005364        0x0
 .rel.iplt      0x0000000008005364        0x0 c:/st/stm32cubeide_1.6.1/stm32cubeide/plugins/com.st.stm32cube.ide.mcu.externaltools.gnu-tools-for-stm32.9-2020-q2-update.win32_1.5.0.202011040924/tools/bin/../lib/gcc/arm-none-eabi/9.3.1/thumb/v7-m/nofp/crtbegin.o

.ARM.extab      0x0000000008005364        0x0
                0x0000000008005364                . = ALIGN (0x4)
 *(.ARM.extab* .gnu.linkonce.armextab.*)
                0x0000000008005364                . = ALIGN (0x4)

.ARM            0x0000000008005364        0x0
                0x0000000008005364                . = ALIGN (0x4)
                0x0000000008005364                __exidx_start = .
 *(.ARM.exidx*)
                0x0000000008005364                __exidx_end = .
                0x0000000008005364                . = ALIGN (0x4)

.preinit_array  0x0000000008005364        0x0
                0x0000000008005364                . = ALIGN (0x4)
                0x0000000008005364                PROVIDE (__preinit_array_start = .)
 *(.preinit_array*)
                0x0000000008005364                PROVIDE (__preinit_array_end = .)
                0x0000000008005364                . = ALIGN (0x4)

.init_array     0x0000000008005364        0x4
                0x0000000008005364                . = ALIGN (0x4)
                0x0000000008005364                PROVIDE (__init_array_start = .)
 *(SORT_BY_NAME(.init_array.*))
 *(.init_array*)
 .init_array    0x0000000008005364        0x4 c:/st/stm32cubeide_1.6.1/stm32cubeide/plugins/com.st.stm32cube.ide.mcu.externaltools.gnu-tools-for-stm32.9-2020-q2-update.win32_1.5.0.202011040924/tools/bin/../lib/gcc/arm-none-eabi/9.3.1/thumb/v7-m/nofp/crtbegin.o
                0x0000000008005368                PROVIDE (__init_array_end = .)
                0x0000000008005368                . = ALIGN (0x4)

.fini_array     0x0000000008005368        0x4
                0x0000000008005368                . = ALIGN (0x4)
                [!provide]                        PROVIDE (__fini_array_start = .)
 *(SORT_BY_NAME(.fini_array.*))
 *(.fini_array*)
 .fini_array    0x0000000008005368        0x4 c:/st/stm32cubeide_1.6.1/stm32cubeide/plugins/com.st.stm32cube.ide.mcu.externaltools.gnu-tools-for-stm32.9-2020-q2-update.win32_1.5.0.202011040924/tools/bin/../lib/gcc/arm-none-eabi/9.3.1/thumb/v7-m/nofp/crtbegin.o
                [!provide]                        PROVIDE (__fini_array_end = .)
                0x000000000800536c                . = ALIGN (0x4)
                0x000000000800536c                _sidata = LOADADDR (.data)

.data           0x0000000020000000       0x74 load address 0x000000000800536c
                0x0000000020000000                . = ALIGN (0x4)
                0x0000000020000000                _sdata = .
 *(.data)
 *(.data*)
 .data.SystemCoreClock
                0x0000000020000000        0x4 Core/Src/system_stm32f1xx.o
                0x0000000020000000                SystemCoreClock
 .data.uwTickPrio
                0x0000000020000004        0x4 Drivers/STM32F1xx_HAL_Driver/Src/stm32f1xx_hal.o
                0x0000000020000004                uwTickPrio
 .data.uwTickFreq
                0x0000000020000008        0x1 Drivers/STM32F1xx_HAL_Driver/Src/stm32f1xx_hal.o
                0x0000000020000008                uwTickFreq
 *fill*         0x0000000020000009        0x3 
 .data.uxCriticalNesting
                0x000000002000000c        0x4 Middlewares/Third_Party/FreeRTOS/Source/portable/GCC/ARM_CM3/port.o
 .data._impure_ptr
                0x0000000020000010        0x4 c:/st/stm32cubeide_1.6.1/stm32cubeide/plugins/com.st.stm32cube.ide.mcu.externaltools.gnu-tools-for-stm32.9-2020-q2-update.win32_1.5.0.202011040924/tools/bin/../lib/gcc/arm-none-eabi/9.3.1/../../../../arm-none-eabi/lib/thumb/v7-m/nofp\libc_nano.a(lib_a-impure.o)
                0x0000000020000010                _impure_ptr
 .data.impure_data
                0x0000000020000014       0x60 c:/st/stm32cubeide_1.6.1/stm32cubeide/plugins/com.st.stm32cube.ide.mcu.externaltools.gnu-tools-for-stm32.9-2020-q2-update.win32_1.5.0.202011040924/tools/bin/../lib/gcc/arm-none-eabi/9.3.1/../../../../arm-none-eabi/lib/thumb/v7-m/nofp\libc_nano.a(lib_a-impure.o)
                0x0000000020000074                . = ALIGN (0x4)
                0x0000000020000074                _edata = .

.igot.plt       0x0000000020000074        0x0 load address 0x00000000080053e0
 .igot.plt      0x0000000020000074        0x0 c:/st/stm32cubeide_1.6.1/stm32cubeide/plugins/com.st.stm32cube.ide.mcu.externaltools.gnu-tools-for-stm32.9-2020-q2-update.win32_1.5.0.202011040924/tools/bin/../lib/gcc/arm-none-eabi/9.3.1/thumb/v7-m/nofp/crtbegin.o
                0x0000000020000074                . = ALIGN (0x4)

.bss            0x0000000020000074     0x1a18 load address 0x00000000080053e0
                0x0000000020000074                _sbss = .
                0x0000000020000074                __bss_start__ = _sbss
 *(.bss)
 .bss           0x0000000020000074       0x1c c:/st/stm32cubeide_1.6.1/stm32cubeide/plugins/com.st.stm32cube.ide.mcu.externaltools.gnu-tools-for-stm32.9-2020-q2-update.win32_1.5.0.202011040924/tools/bin/../lib/gcc/arm-none-eabi/9.3.1/thumb/v7-m/nofp/crtbegin.o
 *(.bss*)
 .bss.LedTask   0x0000000020000090        0x4 Core/Src/freertos.o
                0x0000000020000090                LedTask
 .bss.BtnTask   0x0000000020000094        0x4 Core/Src/freertos.o
                0x0000000020000094                BtnTask
 .bss.__sbrk_heap_end
                0x0000000020000098        0x4 Core/Src/sysmem.o
 .bss.KernelState
                0x000000002000009c        0x4 Middlewares/Third_Party/FreeRTOS/Source/CMSIS_RTOS_V2/cmsis_os2.o
 .bss.Idle_TCB  0x00000000200000a0       0x5c Middlewares/Third_Party/FreeRTOS/Source/CMSIS_RTOS_V2/cmsis_os2.o
 .bss.Idle_Stack
                0x00000000200000fc      0x200 Middlewares/Third_Party/FreeRTOS/Source/CMSIS_RTOS_V2/cmsis_os2.o
 .bss.Timer_TCB
                0x00000000200002fc       0x5c Middlewares/Third_Party/FreeRTOS/Source/CMSIS_RTOS_V2/cmsis_os2.o
 .bss.Timer_Stack
                0x0000000020000358      0x400 Middlewares/Third_Party/FreeRTOS/Source/CMSIS_RTOS_V2/cmsis_os2.o
 .bss.pxCurrentTCB
                0x0000000020000758        0x4 Middlewares/Third_Party/FreeRTOS/Source/tasks.o
                0x0000000020000758                pxCurrentTCB
 .bss.pxReadyTasksLists
                0x000000002000075c      0x460 Middlewares/Third_Party/FreeRTOS/Source/tasks.o
 .bss.xDelayedTaskList1
                0x0000000020000bbc       0x14 Middlewares/Third_Party/FreeRTOS/Source/tasks.o
 .bss.xDelayedTaskList2
                0x0000000020000bd0       0x14 Middlewares/Third_Party/FreeRTOS/Source/tasks.o
 .bss.pxDelayedTaskList
                0x0000000020000be4        0x4 Middlewares/Third_Party/FreeRTOS/Source/tasks.o
 .bss.pxOverflowDelayedTaskList
                0x0000000020000be8        0x4 Middlewares/Third_Party/FreeRTOS/Source/tasks.o
 .bss.xPendingReadyList
                0x0000000020000bec       0x14 Middlewares/Third_Party/FreeRTOS/Source/tasks.o
 .bss.xTasksWaitingTermination
                0x0000000020000c00       0x14 Middlewares/Third_Party/FreeRTOS/Source/tasks.o
 .bss.uxDeletedTasksWaitingCleanUp
                0x0000000020000c14        0x4 Middlewares/Third_Party/FreeRTOS/Source/tasks.o
 .bss.xSuspendedTaskList
                0x0000000020000c18       0x14 Middlewares/Third_Party/FreeRTOS/Source/tasks.o
 .bss.uxCurrentNumberOfTasks
                0x0000000020000c2c        0x4 Middlewares/Third_Party/FreeRTOS/Source/tasks.o
 .bss.xTickCount
                0x0000000020000c30        0x4 Middlewares/Third_Party/FreeRTOS/Source/tasks.o
 .bss.uxTopReadyPriority
                0x0000000020000c34        0x4 Middlewares/Third_Party/FreeRTOS/Source/tasks.o
 .bss.xSchedulerRunning
                0x0000000020000c38        0x4 Middlewares/Third_Party/FreeRTOS/Source/tasks.o
 .bss.uxPendedTicks
                0x0000000020000c3c        0x4 Middlewares/Third_Party/FreeRTOS/Source/tasks.o
 .bss.xYieldPending
                0x0000000020000c40        0x4 Middlewares/Third_Party/FreeRTOS/Source/tasks.o
 .bss.xNumOfOverflows
                0x0000000020000c44        0x4 Middlewares/Third_Party/FreeRTOS/Source/tasks.o
 .bss.uxTaskNumber
                0x0000000020000c48        0x4 Middlewares/Third_Party/FreeRTOS/Source/tasks.o
 .bss.xNextTaskUnblockTime
                0x0000000020000c4c        0x4 Middlewares/Third_Party/FreeRTOS/Source/tasks.o
 .bss.xIdleTaskHandle
                0x0000000020000c50        0x4 Middlewares/Third_Party/FreeRTOS/Source/tasks.o
 .bss.uxSchedulerSuspended
                0x0000000020000c54        0x4 Middlewares/Third_Party/FreeRTOS/Source/tasks.o
 .bss.xActiveTimerList1
                0x0000000020000c58       0x14 Middlewares/Third_Party/FreeRTOS/Source/timers.o
 .bss.xActiveTimerList2
                0x0000000020000c6c       0x14 Middlewares/Third_Party/FreeRTOS/Source/timers.o
 .bss.pxCurrentTimerList
                0x0000000020000c80        0x4 Middlewares/Third_Party/FreeRTOS/Source/timers.o
 .bss.pxOverflowTimerList
                0x0000000020000c84        0x4 Middlewares/Third_Party/FreeRTOS/Source/timers.o
 .bss.xTimerQueue
                0x0000000020000c88        0x4 Middlewares/Third_Party/FreeRTOS/Source/timers.o
 .bss.xTimerTaskHandle
                0x0000000020000c8c        0x4 Middlewares/Third_Party/FreeRTOS/Source/timers.o
 .bss.xLastTime.5524
                0x0000000020000c90        0x4 Middlewares/Third_Party/FreeRTOS/Source/timers.o
 .bss.ucStaticTimerQueueStorage.5575
                0x0000000020000c94       0xa0 Middlewares/Third_Party/FreeRTOS/Source/timers.o
 .bss.xStaticTimerQueue.5574
                0x0000000020000d34       0x50 Middlewares/Third_Party/FreeRTOS/Source/timers.o
 .bss.ucMaxSysCallPriority
                0x0000000020000d84        0x1 Middlewares/Third_Party/FreeRTOS/Source/portable/GCC/ARM_CM3/port.o
 *fill*         0x0000000020000d85        0x3 
 .bss.ulMaxPRIGROUPValue
                0x0000000020000d88        0x4 Middlewares/Third_Party/FreeRTOS/Source/portable/GCC/ARM_CM3/port.o
 .bss.ucHeap    0x0000000020000d8c      0xc00 Middlewares/Third_Party/FreeRTOS/Source/portable/MemMang/heap_4.o
 .bss.xStart    0x000000002000198c        0x8 Middlewares/Third_Party/FreeRTOS/Source/portable/MemMang/heap_4.o
 .bss.pxEnd     0x0000000020001994        0x4 Middlewares/Third_Party/FreeRTOS/Source/portable/MemMang/heap_4.o
 .bss.xFreeBytesRemaining
                0x0000000020001998        0x4 Middlewares/Third_Party/FreeRTOS/Source/portable/MemMang/heap_4.o
 .bss.xMinimumEverFreeBytesRemaining
                0x000000002000199c        0x4 Middlewares/Third_Party/FreeRTOS/Source/portable/MemMang/heap_4.o
 .bss.xBlockAllocatedBit
                0x00000000200019a0        0x4 Middlewares/Third_Party/FreeRTOS/Source/portable/MemMang/heap_4.o
 .bss.__malloc_free_list
                0x00000000200019a4        0x4 c:/st/stm32cubeide_1.6.1/stm32cubeide/plugins/com.st.stm32cube.ide.mcu.externaltools.gnu-tools-for-stm32.9-2020-q2-update.win32_1.5.0.202011040924/tools/bin/../lib/gcc/arm-none-eabi/9.3.1/../../../../arm-none-eabi/lib/thumb/v7-m/nofp\libc_nano.a(lib_a-nano-mallocr.o)
                0x00000000200019a4                __malloc_free_list
 .bss.__malloc_sbrk_start
                0x00000000200019a8        0x4 c:/st/stm32cubeide_1.6.1/stm32cubeide/plugins/com.st.stm32cube.ide.mcu.externaltools.gnu-tools-for-stm32.9-2020-q2-update.win32_1.5.0.202011040924/tools/bin/../lib/gcc/arm-none-eabi/9.3.1/../../../../arm-none-eabi/lib/thumb/v7-m/nofp\libc_nano.a(lib_a-nano-mallocr.o)
                0x00000000200019a8                __malloc_sbrk_start
 *(COMMON)
 COMMON         0x00000000200019ac        0x4 Core/Src/freertos.o
                0x00000000200019ac                defaultTaskHandle
 COMMON         0x00000000200019b0       0x48 Core/Src/stm32f1xx_hal_timebase_tim.o
                0x00000000200019b0                htim3
 COMMON         0x00000000200019f8       0x40 Core/Src/usart.o
                0x00000000200019f8                huart2
 COMMON         0x0000000020001a38        0x4 Drivers/STM32F1xx_HAL_Driver/Src/stm32f1xx_hal.o
                0x0000000020001a38                uwTick
 COMMON         0x0000000020001a3c       0x40 Middlewares/Third_Party/FreeRTOS/Source/queue.o
                0x0000000020001a3c                xQueueRegistry
 COMMON         0x0000000020001a7c        0x4 c:/st/stm32cubeide_1.6.1/stm32cubeide/plugins/com.st.stm32cube.ide.mcu.externaltools.gnu-tools-for-stm32.9-2020-q2-update.win32_1.5.0.202011040924/tools/bin/../lib/gcc/arm-none-eabi/9.3.1/../../../../arm-none-eabi/lib/thumb/v7-m/nofp\libc_nano.a(lib_a-reent.o)
                0x0000000020001a7c                errno
 COMMON         0x0000000020001a80        0x9 c:/st/stm32cubeide_1.6.1/stm32cubeide/plugins/com.st.stm32cube.ide.mcu.externaltools.gnu-tools-for-stm32.9-2020-q2-update.win32_1.5.0.202011040924/tools/bin/../lib/gcc/arm-none-eabi/9.3.1/../../../../arm-none-eabi/lib/thumb/v7-m/nofp\libc_nano.a(lib_a-lock.o)
                0x0000000020001a80                __lock___atexit_recursive_mutex
                0x0000000020001a81                __lock___arc4random_mutex
                0x0000000020001a82                __lock___env_recursive_mutex
                0x0000000020001a83                __lock___sinit_recursive_mutex
                0x0000000020001a84                __lock___malloc_recursive_mutex
                0x0000000020001a85                __lock___at_quick_exit_mutex
                0x0000000020001a86                __lock___dd_hash_mutex
                0x0000000020001a87                __lock___tz_mutex
                0x0000000020001a88                __lock___sfp_recursive_mutex
                0x0000000020001a8c                . = ALIGN (0x4)
 *fill*         0x0000000020001a89        0x3 
                0x0000000020001a8c                _ebss = .
                0x0000000020001a8c                __bss_end__ = _ebss

._user_heap_stack
                0x0000000020001a8c      0x604 load address 0x00000000080053e0
                0x0000000020001a90                . = ALIGN (0x8)
 *fill*         0x0000000020001a8c        0x4 
                [!provide]                        PROVIDE (end = .)
                0x0000000020001a90                PROVIDE (_end = .)
                0x0000000020001c90                . = (. + _Min_Heap_Size)
 *fill*         0x0000000020001a90      0x200 
                0x0000000020002090                . = (. + _Min_Stack_Size)
 *fill*         0x0000000020001c90      0x400 
                0x0000000020002090                . = ALIGN (0x8)

/DISCARD/
 libc.a(*)
 libm.a(*)
 libgcc.a(*)

.ARM.attributes
                0x0000000000000000       0x29
 *(.ARM.attributes)
 .ARM.attributes
                0x0000000000000000       0x1d c:/st/stm32cubeide_1.6.1/stm32cubeide/plugins/com.st.stm32cube.ide.mcu.externaltools.gnu-tools-for-stm32.9-2020-q2-update.win32_1.5.0.202011040924/tools/bin/../lib/gcc/arm-none-eabi/9.3.1/thumb/v7-m/nofp/crti.o
 .ARM.attributes
                0x000000000000001d       0x2d c:/st/stm32cubeide_1.6.1/stm32cubeide/plugins/com.st.stm32cube.ide.mcu.externaltools.gnu-tools-for-stm32.9-2020-q2-update.win32_1.5.0.202011040924/tools/bin/../lib/gcc/arm-none-eabi/9.3.1/thumb/v7-m/nofp/crtbegin.o
 .ARM.attributes
                0x000000000000004a       0x2d Core/Src/freertos.o
 .ARM.attributes
                0x0000000000000077       0x2d Core/Src/gpio.o
 .ARM.attributes
                0x00000000000000a4       0x2d Core/Src/main.o
 .ARM.attributes
                0x00000000000000d1       0x2d Core/Src/stm32f1xx_hal_msp.o
 .ARM.attributes
                0x00000000000000fe       0x2d Core/Src/stm32f1xx_hal_timebase_tim.o
 .ARM.attributes
                0x000000000000012b       0x2d Core/Src/stm32f1xx_it.o
 .ARM.attributes
                0x0000000000000158       0x2d Core/Src/sysmem.o
 .ARM.attributes
                0x0000000000000185       0x2d Core/Src/system_stm32f1xx.o
 .ARM.attributes
                0x00000000000001b2       0x2d Core/Src/usart.o
 .ARM.attributes
                0x00000000000001df       0x21 Core/Startup/startup_stm32f103c8tx.o
 .ARM.attributes
                0x0000000000000200       0x2d Drivers/STM32F1xx_HAL_Driver/Src/stm32f1xx_hal.o
 .ARM.attributes
                0x000000000000022d       0x2d Drivers/STM32F1xx_HAL_Driver/Src/stm32f1xx_hal_cortex.o
 .ARM.attributes
                0x000000000000025a       0x2d Drivers/STM32F1xx_HAL_Driver/Src/stm32f1xx_hal_gpio.o
 .ARM.attributes
                0x0000000000000287       0x2d Drivers/STM32F1xx_HAL_Driver/Src/stm32f1xx_hal_rcc.o
 .ARM.attributes
                0x00000000000002b4       0x2d Drivers/STM32F1xx_HAL_Driver/Src/stm32f1xx_hal_tim.o
 .ARM.attributes
                0x00000000000002e1       0x2d Drivers/STM32F1xx_HAL_Driver/Src/stm32f1xx_hal_tim_ex.o
 .ARM.attributes
                0x000000000000030e       0x2d Drivers/STM32F1xx_HAL_Driver/Src/stm32f1xx_hal_uart.o
 .ARM.attributes
                0x000000000000033b       0x2d Middlewares/Third_Party/FreeRTOS/Source/CMSIS_RTOS_V2/cmsis_os2.o
 .ARM.attributes
                0x0000000000000368       0x2d Middlewares/Third_Party/FreeRTOS/Source/list.o
 .ARM.attributes
                0x0000000000000395       0x2d Middlewares/Third_Party/FreeRTOS/Source/queue.o
 .ARM.attributes
                0x00000000000003c2       0x2d Middlewares/Third_Party/FreeRTOS/Source/tasks.o
 .ARM.attributes
                0x00000000000003ef       0x2d Middlewares/Third_Party/FreeRTOS/Source/timers.o
 .ARM.attributes
                0x000000000000041c       0x2d Middlewares/Third_Party/FreeRTOS/Source/portable/GCC/ARM_CM3/port.o
 .ARM.attributes
                0x0000000000000449       0x2d Middlewares/Third_Party/FreeRTOS/Source/portable/MemMang/heap_4.o
 .ARM.attributes
                0x0000000000000476       0x2d c:/st/stm32cubeide_1.6.1/stm32cubeide/plugins/com.st.stm32cube.ide.mcu.externaltools.gnu-tools-for-stm32.9-2020-q2-update.win32_1.5.0.202011040924/tools/bin/../lib/gcc/arm-none-eabi/9.3.1/../../../../arm-none-eabi/lib/thumb/v7-m/nofp\libc_nano.a(lib_a-errno.o)
 .ARM.attributes
                0x00000000000004a3       0x2d c:/st/stm32cubeide_1.6.1/stm32cubeide/plugins/com.st.stm32cube.ide.mcu.externaltools.gnu-tools-for-stm32.9-2020-q2-update.win32_1.5.0.202011040924/tools/bin/../lib/gcc/arm-none-eabi/9.3.1/../../../../arm-none-eabi/lib/thumb/v7-m/nofp\libc_nano.a(lib_a-impure.o)
 .ARM.attributes
                0x00000000000004d0       0x2d c:/st/stm32cubeide_1.6.1/stm32cubeide/plugins/com.st.stm32cube.ide.mcu.externaltools.gnu-tools-for-stm32.9-2020-q2-update.win32_1.5.0.202011040924/tools/bin/../lib/gcc/arm-none-eabi/9.3.1/../../../../arm-none-eabi/lib/thumb/v7-m/nofp\libc_nano.a(lib_a-init.o)
 .ARM.attributes
                0x00000000000004fd       0x2d c:/st/stm32cubeide_1.6.1/stm32cubeide/plugins/com.st.stm32cube.ide.mcu.externaltools.gnu-tools-for-stm32.9-2020-q2-update.win32_1.5.0.202011040924/tools/bin/../lib/gcc/arm-none-eabi/9.3.1/../../../../arm-none-eabi/lib/thumb/v7-m/nofp\libc_nano.a(lib_a-memcpy-stub.o)
 .ARM.attributes
                0x000000000000052a       0x2d c:/st/stm32cubeide_1.6.1/stm32cubeide/plugins/com.st.stm32cube.ide.mcu.externaltools.gnu-tools-for-stm32.9-2020-q2-update.win32_1.5.0.202011040924/tools/bin/../lib/gcc/arm-none-eabi/9.3.1/../../../../arm-none-eabi/lib/thumb/v7-m/nofp\libc_nano.a(lib_a-memset.o)
 .ARM.attributes
                0x0000000000000557       0x2d c:/st/stm32cubeide_1.6.1/stm32cubeide/plugins/com.st.stm32cube.ide.mcu.externaltools.gnu-tools-for-stm32.9-2020-q2-update.win32_1.5.0.202011040924/tools/bin/../lib/gcc/arm-none-eabi/9.3.1/../../../../arm-none-eabi/lib/thumb/v7-m/nofp\libc_nano.a(lib_a-sprintf.o)
 .ARM.attributes
                0x0000000000000584       0x17 c:/st/stm32cubeide_1.6.1/stm32cubeide/plugins/com.st.stm32cube.ide.mcu.externaltools.gnu-tools-for-stm32.9-2020-q2-update.win32_1.5.0.202011040924/tools/bin/../lib/gcc/arm-none-eabi/9.3.1/../../../../arm-none-eabi/lib/thumb/v7-m/nofp\libc_nano.a(lib_a-strlen.o)
 .ARM.attributes
                0x000000000000059b       0x2d c:/st/stm32cubeide_1.6.1/stm32cubeide/plugins/com.st.stm32cube.ide.mcu.externaltools.gnu-tools-for-stm32.9-2020-q2-update.win32_1.5.0.202011040924/tools/bin/../lib/gcc/arm-none-eabi/9.3.1/../../../../arm-none-eabi/lib/thumb/v7-m/nofp\libc_nano.a(lib_a-nano-svfprintf.o)
 .ARM.attributes
                0x00000000000005c8       0x2d c:/st/stm32cubeide_1.6.1/stm32cubeide/plugins/com.st.stm32cube.ide.mcu.externaltools.gnu-tools-for-stm32.9-2020-q2-update.win32_1.5.0.202011040924/tools/bin/../lib/gcc/arm-none-eabi/9.3.1/../../../../arm-none-eabi/lib/thumb/v7-m/nofp\libc_nano.a(lib_a-nano-vfprintf_i.o)
 .ARM.attributes
                0x00000000000005f5       0x2d c:/st/stm32cubeide_1.6.1/stm32cubeide/plugins/com.st.stm32cube.ide.mcu.externaltools.gnu-tools-for-stm32.9-2020-q2-update.win32_1.5.0.202011040924/tools/bin/../lib/gcc/arm-none-eabi/9.3.1/../../../../arm-none-eabi/lib/thumb/v7-m/nofp\libc_nano.a(lib_a-memchr-stub.o)
 .ARM.attributes
                0x0000000000000622       0x2d c:/st/stm32cubeide_1.6.1/stm32cubeide/plugins/com.st.stm32cube.ide.mcu.externaltools.gnu-tools-for-stm32.9-2020-q2-update.win32_1.5.0.202011040924/tools/bin/../lib/gcc/arm-none-eabi/9.3.1/../../../../arm-none-eabi/lib/thumb/v7-m/nofp\libc_nano.a(lib_a-memmove.o)
 .ARM.attributes
                0x000000000000064f       0x2d c:/st/stm32cubeide_1.6.1/stm32cubeide/plugins/com.st.stm32cube.ide.mcu.externaltools.gnu-tools-for-stm32.9-2020-q2-update.win32_1.5.0.202011040924/tools/bin/../lib/gcc/arm-none-eabi/9.3.1/../../../../arm-none-eabi/lib/thumb/v7-m/nofp\libc_nano.a(lib_a-nano-freer.o)
 .ARM.attributes
                0x000000000000067c       0x2d c:/st/stm32cubeide_1.6.1/stm32cubeide/plugins/com.st.stm32cube.ide.mcu.externaltools.gnu-tools-for-stm32.9-2020-q2-update.win32_1.5.0.202011040924/tools/bin/../lib/gcc/arm-none-eabi/9.3.1/../../../../arm-none-eabi/lib/thumb/v7-m/nofp\libc_nano.a(lib_a-nano-mallocr.o)
 .ARM.attributes
                0x00000000000006a9       0x2d c:/st/stm32cubeide_1.6.1/stm32cubeide/plugins/com.st.stm32cube.ide.mcu.externaltools.gnu-tools-for-stm32.9-2020-q2-update.win32_1.5.0.202011040924/tools/bin/../lib/gcc/arm-none-eabi/9.3.1/../../../../arm-none-eabi/lib/thumb/v7-m/nofp\libc_nano.a(lib_a-nano-reallocr.o)
 .ARM.attributes
                0x00000000000006d6       0x2d c:/st/stm32cubeide_1.6.1/stm32cubeide/plugins/com.st.stm32cube.ide.mcu.externaltools.gnu-tools-for-stm32.9-2020-q2-update.win32_1.5.0.202011040924/tools/bin/../lib/gcc/arm-none-eabi/9.3.1/../../../../arm-none-eabi/lib/thumb/v7-m/nofp\libc_nano.a(lib_a-sbrkr.o)
 .ARM.attributes
                0x0000000000000703       0x2d c:/st/stm32cubeide_1.6.1/stm32cubeide/plugins/com.st.stm32cube.ide.mcu.externaltools.gnu-tools-for-stm32.9-2020-q2-update.win32_1.5.0.202011040924/tools/bin/../lib/gcc/arm-none-eabi/9.3.1/../../../../arm-none-eabi/lib/thumb/v7-m/nofp\libc_nano.a(lib_a-mlock.o)
 .ARM.attributes
                0x0000000000000730       0x2d c:/st/stm32cubeide_1.6.1/stm32cubeide/plugins/com.st.stm32cube.ide.mcu.externaltools.gnu-tools-for-stm32.9-2020-q2-update.win32_1.5.0.202011040924/tools/bin/../lib/gcc/arm-none-eabi/9.3.1/../../../../arm-none-eabi/lib/thumb/v7-m/nofp\libc_nano.a(lib_a-nano-msizer.o)
 .ARM.attributes
                0x000000000000075d       0x2d c:/st/stm32cubeide_1.6.1/stm32cubeide/plugins/com.st.stm32cube.ide.mcu.externaltools.gnu-tools-for-stm32.9-2020-q2-update.win32_1.5.0.202011040924/tools/bin/../lib/gcc/arm-none-eabi/9.3.1/../../../../arm-none-eabi/lib/thumb/v7-m/nofp\libc_nano.a(lib_a-reent.o)
 .ARM.attributes
                0x000000000000078a       0x2d c:/st/stm32cubeide_1.6.1/stm32cubeide/plugins/com.st.stm32cube.ide.mcu.externaltools.gnu-tools-for-stm32.9-2020-q2-update.win32_1.5.0.202011040924/tools/bin/../lib/gcc/arm-none-eabi/9.3.1/../../../../arm-none-eabi/lib/thumb/v7-m/nofp\libc_nano.a(lib_a-lock.o)
 .ARM.attributes
                0x00000000000007b7       0x1d c:/st/stm32cubeide_1.6.1/stm32cubeide/plugins/com.st.stm32cube.ide.mcu.externaltools.gnu-tools-for-stm32.9-2020-q2-update.win32_1.5.0.202011040924/tools/bin/../lib/gcc/arm-none-eabi/9.3.1/thumb/v7-m/nofp/crtn.o
OUTPUT(RTOS_TASK_NOTIFY.elf elf32-littlearm)
LOAD linker stubs
LOAD c:/st/stm32cubeide_1.6.1/stm32cubeide/plugins/com.st.stm32cube.ide.mcu.externaltools.gnu-tools-for-stm32.9-2020-q2-update.win32_1.5.0.202011040924/tools/bin/../lib/gcc/arm-none-eabi/9.3.1/../../../../arm-none-eabi/lib/thumb/v7-m/nofp\libc.a
LOAD c:/st/stm32cubeide_1.6.1/stm32cubeide/plugins/com.st.stm32cube.ide.mcu.externaltools.gnu-tools-for-stm32.9-2020-q2-update.win32_1.5.0.202011040924/tools/bin/../lib/gcc/arm-none-eabi/9.3.1/../../../../arm-none-eabi/lib/thumb/v7-m/nofp\libm.a
LOAD c:/st/stm32cubeide_1.6.1/stm32cubeide/plugins/com.st.stm32cube.ide.mcu.externaltools.gnu-tools-for-stm32.9-2020-q2-update.win32_1.5.0.202011040924/tools/bin/../lib/gcc/arm-none-eabi/9.3.1/thumb/v7-m/nofp\libgcc.a

.debug_info     0x0000000000000000    0x18232
 .debug_info    0x0000000000000000     0x129b Core/Src/freertos.o
 .debug_info    0x000000000000129b      0x3ac Core/Src/gpio.o
 .debug_info    0x0000000000001647      0xb1c Core/Src/main.o
 .debug_info    0x0000000000002163      0x443 Core/Src/stm32f1xx_hal_msp.o
 .debug_info    0x00000000000025a6      0xa19 Core/Src/stm32f1xx_hal_timebase_tim.o
 .debug_info    0x0000000000002fbf      0x77e Core/Src/stm32f1xx_it.o
 .debug_info    0x000000000000373d      0xa25 Core/Src/sysmem.o
 .debug_info    0x0000000000004162      0x2be Core/Src/system_stm32f1xx.o
 .debug_info    0x0000000000004420      0x833 Core/Src/usart.o
 .debug_info    0x0000000000004c53       0x22 Core/Startup/startup_stm32f103c8tx.o
 .debug_info    0x0000000000004c75      0x76a Drivers/STM32F1xx_HAL_Driver/Src/stm32f1xx_hal.o
 .debug_info    0x00000000000053df      0xbdc Drivers/STM32F1xx_HAL_Driver/Src/stm32f1xx_hal_cortex.o
 .debug_info    0x0000000000005fbb      0x701 Drivers/STM32F1xx_HAL_Driver/Src/stm32f1xx_hal_gpio.o
 .debug_info    0x00000000000066bc      0x88e Drivers/STM32F1xx_HAL_Driver/Src/stm32f1xx_hal_rcc.o
 .debug_info    0x0000000000006f4a     0x2a43 Drivers/STM32F1xx_HAL_Driver/Src/stm32f1xx_hal_tim.o
 .debug_info    0x000000000000998d     0x1495 Drivers/STM32F1xx_HAL_Driver/Src/stm32f1xx_hal_tim_ex.o
 .debug_info    0x000000000000ae22     0x1322 Drivers/STM32F1xx_HAL_Driver/Src/stm32f1xx_hal_uart.o
 .debug_info    0x000000000000c144     0x3cd3 Middlewares/Third_Party/FreeRTOS/Source/CMSIS_RTOS_V2/cmsis_os2.o
 .debug_info    0x000000000000fe17      0xb7c Middlewares/Third_Party/FreeRTOS/Source/list.o
 .debug_info    0x0000000000010993     0x22de Middlewares/Third_Party/FreeRTOS/Source/queue.o
 .debug_info    0x0000000000012c71     0x29ae Middlewares/Third_Party/FreeRTOS/Source/tasks.o
 .debug_info    0x000000000001561f     0x1afb Middlewares/Third_Party/FreeRTOS/Source/timers.o
 .debug_info    0x000000000001711a      0x4a1 Middlewares/Third_Party/FreeRTOS/Source/portable/GCC/ARM_CM3/port.o
 .debug_info    0x00000000000175bb      0xc77 Middlewares/Third_Party/FreeRTOS/Source/portable/MemMang/heap_4.o

.debug_abbrev   0x0000000000000000     0x344e
 .debug_abbrev  0x0000000000000000      0x229 Core/Src/freertos.o
 .debug_abbrev  0x0000000000000229      0x14e Core/Src/gpio.o
 .debug_abbrev  0x0000000000000377      0x1da Core/Src/main.o
 .debug_abbrev  0x0000000000000551      0x126 Core/Src/stm32f1xx_hal_msp.o
 .debug_abbrev  0x0000000000000677      0x1bf Core/Src/stm32f1xx_hal_timebase_tim.o
 .debug_abbrev  0x0000000000000836      0x176 Core/Src/stm32f1xx_it.o
 .debug_abbrev  0x00000000000009ac      0x1bf Core/Src/sysmem.o
 .debug_abbrev  0x0000000000000b6b      0x14e Core/Src/system_stm32f1xx.o
 .debug_abbrev  0x0000000000000cb9      0x1bb Core/Src/usart.o
 .debug_abbrev  0x0000000000000e74       0x12 Core/Startup/startup_stm32f103c8tx.o
 .debug_abbrev  0x0000000000000e86      0x1ed Drivers/STM32F1xx_HAL_Driver/Src/stm32f1xx_hal.o
 .debug_abbrev  0x0000000000001073      0x313 Drivers/STM32F1xx_HAL_Driver/Src/stm32f1xx_hal_cortex.o
 .debug_abbrev  0x0000000000001386      0x1e8 Drivers/STM32F1xx_HAL_Driver/Src/stm32f1xx_hal_gpio.o
 .debug_abbrev  0x000000000000156e      0x273 Drivers/STM32F1xx_HAL_Driver/Src/stm32f1xx_hal_rcc.o
 .debug_abbrev  0x00000000000017e1      0x25e Drivers/STM32F1xx_HAL_Driver/Src/stm32f1xx_hal_tim.o
 .debug_abbrev  0x0000000000001a3f      0x266 Drivers/STM32F1xx_HAL_Driver/Src/stm32f1xx_hal_tim_ex.o
 .debug_abbrev  0x0000000000001ca5      0x270 Drivers/STM32F1xx_HAL_Driver/Src/stm32f1xx_hal_uart.o
 .debug_abbrev  0x0000000000001f15      0x3ed Middlewares/Third_Party/FreeRTOS/Source/CMSIS_RTOS_V2/cmsis_os2.o
 .debug_abbrev  0x0000000000002302      0x1f7 Middlewares/Third_Party/FreeRTOS/Source/list.o
 .debug_abbrev  0x00000000000024f9      0x3a2 Middlewares/Third_Party/FreeRTOS/Source/queue.o
 .debug_abbrev  0x000000000000289b      0x39a Middlewares/Third_Party/FreeRTOS/Source/tasks.o
 .debug_abbrev  0x0000000000002c35      0x317 Middlewares/Third_Party/FreeRTOS/Source/timers.o
 .debug_abbrev  0x0000000000002f4c      0x22f Middlewares/Third_Party/FreeRTOS/Source/portable/GCC/ARM_CM3/port.o
 .debug_abbrev  0x000000000000317b      0x2d3 Middlewares/Third_Party/FreeRTOS/Source/portable/MemMang/heap_4.o

.debug_aranges  0x0000000000000000     0x1308
 .debug_aranges
                0x0000000000000000       0x40 Core/Src/freertos.o
 .debug_aranges
                0x0000000000000040       0x20 Core/Src/gpio.o
 .debug_aranges
                0x0000000000000060       0x38 Core/Src/main.o
 .debug_aranges
                0x0000000000000098       0x20 Core/Src/stm32f1xx_hal_msp.o
 .debug_aranges
                0x00000000000000b8       0x30 Core/Src/stm32f1xx_hal_timebase_tim.o
 .debug_aranges
                0x00000000000000e8       0x50 Core/Src/stm32f1xx_it.o
 .debug_aranges
                0x0000000000000138       0x20 Core/Src/sysmem.o
 .debug_aranges
                0x0000000000000158       0x28 Core/Src/system_stm32f1xx.o
 .debug_aranges
                0x0000000000000180       0x30 Core/Src/usart.o
 .debug_aranges
                0x00000000000001b0       0x28 Core/Startup/startup_stm32f103c8tx.o
 .debug_aranges
                0x00000000000001d8       0xe0 Drivers/STM32F1xx_HAL_Driver/Src/stm32f1xx_hal.o
 .debug_aranges
                0x00000000000002b8      0x100 Drivers/STM32F1xx_HAL_Driver/Src/stm32f1xx_hal_cortex.o
 .debug_aranges
                0x00000000000003b8       0x58 Drivers/STM32F1xx_HAL_Driver/Src/stm32f1xx_hal_gpio.o
 .debug_aranges
                0x0000000000000410       0x90 Drivers/STM32F1xx_HAL_Driver/Src/stm32f1xx_hal_rcc.o
 .debug_aranges
                0x00000000000004a0      0x3d0 Drivers/STM32F1xx_HAL_Driver/Src/stm32f1xx_hal_tim.o
 .debug_aranges
                0x0000000000000870      0x168 Drivers/STM32F1xx_HAL_Driver/Src/stm32f1xx_hal_tim_ex.o
 .debug_aranges
                0x00000000000009d8      0x1d0 Drivers/STM32F1xx_HAL_Driver/Src/stm32f1xx_hal_uart.o
 .debug_aranges
                0x0000000000000ba8      0x228 Middlewares/Third_Party/FreeRTOS/Source/CMSIS_RTOS_V2/cmsis_os2.o
 .debug_aranges
                0x0000000000000dd0       0x40 Middlewares/Third_Party/FreeRTOS/Source/list.o
 .debug_aranges
                0x0000000000000e10      0x158 Middlewares/Third_Party/FreeRTOS/Source/queue.o
 .debug_aranges
                0x0000000000000f68      0x1f8 Middlewares/Third_Party/FreeRTOS/Source/tasks.o
 .debug_aranges
                0x0000000000001160       0xe0 Middlewares/Third_Party/FreeRTOS/Source/timers.o
 .debug_aranges
                0x0000000000001240       0x78 Middlewares/Third_Party/FreeRTOS/Source/portable/GCC/ARM_CM3/port.o
 .debug_aranges
                0x00000000000012b8       0x50 Middlewares/Third_Party/FreeRTOS/Source/portable/MemMang/heap_4.o

.debug_ranges   0x0000000000000000     0x1190
 .debug_ranges  0x0000000000000000       0x30 Core/Src/freertos.o
 .debug_ranges  0x0000000000000030       0x10 Core/Src/gpio.o
 .debug_ranges  0x0000000000000040       0x28 Core/Src/main.o
 .debug_ranges  0x0000000000000068       0x10 Core/Src/stm32f1xx_hal_msp.o
 .debug_ranges  0x0000000000000078       0x20 Core/Src/stm32f1xx_hal_timebase_tim.o
 .debug_ranges  0x0000000000000098       0x40 Core/Src/stm32f1xx_it.o
 .debug_ranges  0x00000000000000d8       0x10 Core/Src/sysmem.o
 .debug_ranges  0x00000000000000e8       0x18 Core/Src/system_stm32f1xx.o
 .debug_ranges  0x0000000000000100       0x20 Core/Src/usart.o
 .debug_ranges  0x0000000000000120       0x20 Core/Startup/startup_stm32f103c8tx.o
 .debug_ranges  0x0000000000000140       0xd0 Drivers/STM32F1xx_HAL_Driver/Src/stm32f1xx_hal.o
 .debug_ranges  0x0000000000000210       0xf0 Drivers/STM32F1xx_HAL_Driver/Src/stm32f1xx_hal_cortex.o
 .debug_ranges  0x0000000000000300       0x48 Drivers/STM32F1xx_HAL_Driver/Src/stm32f1xx_hal_gpio.o
 .debug_ranges  0x0000000000000348       0x80 Drivers/STM32F1xx_HAL_Driver/Src/stm32f1xx_hal_rcc.o
 .debug_ranges  0x00000000000003c8      0x3c0 Drivers/STM32F1xx_HAL_Driver/Src/stm32f1xx_hal_tim.o
 .debug_ranges  0x0000000000000788      0x158 Drivers/STM32F1xx_HAL_Driver/Src/stm32f1xx_hal_tim_ex.o
 .debug_ranges  0x00000000000008e0      0x1c0 Drivers/STM32F1xx_HAL_Driver/Src/stm32f1xx_hal_uart.o
 .debug_ranges  0x0000000000000aa0      0x218 Middlewares/Third_Party/FreeRTOS/Source/CMSIS_RTOS_V2/cmsis_os2.o
 .debug_ranges  0x0000000000000cb8       0x30 Middlewares/Third_Party/FreeRTOS/Source/list.o
 .debug_ranges  0x0000000000000ce8      0x148 Middlewares/Third_Party/FreeRTOS/Source/queue.o
 .debug_ranges  0x0000000000000e30      0x1e8 Middlewares/Third_Party/FreeRTOS/Source/tasks.o
 .debug_ranges  0x0000000000001018       0xd0 Middlewares/Third_Party/FreeRTOS/Source/timers.o
 .debug_ranges  0x00000000000010e8       0x68 Middlewares/Third_Party/FreeRTOS/Source/portable/GCC/ARM_CM3/port.o
 .debug_ranges  0x0000000000001150       0x40 Middlewares/Third_Party/FreeRTOS/Source/portable/MemMang/heap_4.o

.debug_macro    0x0000000000000000    0x19d69
 .debug_macro   0x0000000000000000      0x3d9 Core/Src/freertos.o
 .debug_macro   0x00000000000003d9      0xa9c Core/Src/freertos.o
 .debug_macro   0x0000000000000e75      0x174 Core/Src/freertos.o
 .debug_macro   0x0000000000000fe9       0x22 Core/Src/freertos.o
 .debug_macro   0x000000000000100b       0x8e Core/Src/freertos.o
 .debug_macro   0x0000000000001099       0x51 Core/Src/freertos.o
 .debug_macro   0x00000000000010ea      0x103 Core/Src/freertos.o
 .debug_macro   0x00000000000011ed       0x6a Core/Src/freertos.o
 .debug_macro   0x0000000000001257      0x1df Core/Src/freertos.o
 .debug_macro   0x0000000000001436      0x122 Core/Src/freertos.o
 .debug_macro   0x0000000000001558      0x15a Core/Src/freertos.o
 .debug_macro   0x00000000000016b2       0xc2 Core/Src/freertos.o
 .debug_macro   0x0000000000001774       0x10 Core/Src/freertos.o
 .debug_macro   0x0000000000001784       0x1f Core/Src/freertos.o
 .debug_macro   0x00000000000017a3      0x47f Core/Src/freertos.o
 .debug_macro   0x0000000000001c22       0xb5 Core/Src/freertos.o
 .debug_macro   0x0000000000001cd7       0x8c Core/Src/freertos.o
 .debug_macro   0x0000000000001d63      0x21b Core/Src/freertos.o
 .debug_macro   0x0000000000001f7e       0x2e Core/Src/freertos.o
 .debug_macro   0x0000000000001fac       0x22 Core/Src/freertos.o
 .debug_macro   0x0000000000001fce       0x1c Core/Src/freertos.o
 .debug_macro   0x0000000000001fea       0x22 Core/Src/freertos.o
 .debug_macro   0x000000000000200c       0xc3 Core/Src/freertos.o
 .debug_macro   0x00000000000020cf      0xd23 Core/Src/freertos.o
 .debug_macro   0x0000000000002df2     0xe097 Core/Src/freertos.o
 .debug_macro   0x0000000000010e89       0x43 Core/Src/freertos.o
 .debug_macro   0x0000000000010ecc     0x3468 Core/Src/freertos.o
 .debug_macro   0x0000000000014334       0x5c Core/Src/freertos.o
 .debug_macro   0x0000000000014390      0x5be Core/Src/freertos.o
 .debug_macro   0x000000000001494e      0x289 Core/Src/freertos.o
 .debug_macro   0x0000000000014bd7      0x1cb Core/Src/freertos.o
 .debug_macro   0x0000000000014da2      0x114 Core/Src/freertos.o
 .debug_macro   0x0000000000014eb6      0x1b2 Core/Src/freertos.o
 .debug_macro   0x0000000000015068       0x27 Core/Src/freertos.o
 .debug_macro   0x000000000001508f      0x136 Core/Src/freertos.o
 .debug_macro   0x00000000000151c5      0x1bc Core/Src/freertos.o
 .debug_macro   0x0000000000015381       0x34 Core/Src/freertos.o
 .debug_macro   0x00000000000153b5       0x3c Core/Src/freertos.o
 .debug_macro   0x00000000000153f1       0x57 Core/Src/freertos.o
 .debug_macro   0x0000000000015448       0x88 Core/Src/freertos.o
 .debug_macro   0x00000000000154d0      0x241 Core/Src/freertos.o
 .debug_macro   0x0000000000015711      0x141 Core/Src/freertos.o
 .debug_macro   0x0000000000015852      0x8d1 Core/Src/freertos.o
 .debug_macro   0x0000000000016123      0x26b Core/Src/freertos.o
 .debug_macro   0x000000000001638e       0x83 Core/Src/freertos.o
 .debug_macro   0x0000000000016411       0x1c Core/Src/freertos.o
 .debug_macro   0x000000000001642d       0x5b Core/Src/freertos.o
 .debug_macro   0x0000000000016488       0x74 Core/Src/freertos.o
 .debug_macro   0x00000000000164fc       0xdd Core/Src/freertos.o
 .debug_macro   0x00000000000165d9       0x52 Core/Src/freertos.o
 .debug_macro   0x000000000001662b       0x18 Core/Src/freertos.o
 .debug_macro   0x0000000000016643       0x3c Core/Src/freertos.o
 .debug_macro   0x000000000001667f       0x34 Core/Src/freertos.o
 .debug_macro   0x00000000000166b3       0x16 Core/Src/freertos.o
 .debug_macro   0x00000000000166c9       0x35 Core/Src/freertos.o
 .debug_macro   0x00000000000166fe      0x333 Core/Src/freertos.o
 .debug_macro   0x0000000000016a31       0x10 Core/Src/freertos.o
 .debug_macro   0x0000000000016a41       0x16 Core/Src/freertos.o
 .debug_macro   0x0000000000016a57       0x43 Core/Src/freertos.o
 .debug_macro   0x0000000000016a9a       0x34 Core/Src/freertos.o
 .debug_macro   0x0000000000016ace       0x10 Core/Src/freertos.o
 .debug_macro   0x0000000000016ade       0x58 Core/Src/freertos.o
 .debug_macro   0x0000000000016b36       0x71 Core/Src/freertos.o
 .debug_macro   0x0000000000016ba7       0x1c Core/Src/freertos.o
 .debug_macro   0x0000000000016bc3      0x12a Core/Src/freertos.o
 .debug_macro   0x0000000000016ced       0x10 Core/Src/freertos.o
 .debug_macro   0x0000000000016cfd       0x1c Core/Src/freertos.o
 .debug_macro   0x0000000000016d19       0x52 Core/Src/freertos.o
 .debug_macro   0x0000000000016d6b       0x22 Core/Src/freertos.o
 .debug_macro   0x0000000000016d8d       0x10 Core/Src/freertos.o
 .debug_macro   0x0000000000016d9d       0x40 Core/Src/freertos.o
 .debug_macro   0x0000000000016ddd       0xd5 Core/Src/freertos.o
 .debug_macro   0x0000000000016eb2       0x1c Core/Src/freertos.o
 .debug_macro   0x0000000000016ece       0x3d Core/Src/freertos.o
 .debug_macro   0x0000000000016f0b       0x16 Core/Src/freertos.o
 .debug_macro   0x0000000000016f21      0x145 Core/Src/freertos.o
 .debug_macro   0x0000000000017066       0x16 Core/Src/freertos.o
 .debug_macro   0x000000000001707c       0x20 Core/Src/freertos.o
 .debug_macro   0x000000000001709c      0x1bc Core/Src/gpio.o
 .debug_macro   0x0000000000017258      0x23d Core/Src/main.o
 .debug_macro   0x0000000000017495      0x122 Core/Src/main.o
 .debug_macro   0x00000000000175b7      0x1b2 Core/Src/stm32f1xx_hal_msp.o
 .debug_macro   0x0000000000017769      0x1a3 Core/Src/stm32f1xx_hal_timebase_tim.o
 .debug_macro   0x000000000001790c      0x1bc Core/Src/stm32f1xx_it.o
 .debug_macro   0x0000000000017ac8       0xff Core/Src/sysmem.o
 .debug_macro   0x0000000000017bc7      0x23b Core/Src/sysmem.o
 .debug_macro   0x0000000000017e02      0x1a3 Core/Src/system_stm32f1xx.o
 .debug_macro   0x0000000000017fa5      0x1bc Core/Src/usart.o
 .debug_macro   0x0000000000018161      0x1c7 Drivers/STM32F1xx_HAL_Driver/Src/stm32f1xx_hal.o
 .debug_macro   0x0000000000018328      0x1a3 Drivers/STM32F1xx_HAL_Driver/Src/stm32f1xx_hal_cortex.o
 .debug_macro   0x00000000000184cb      0x20e Drivers/STM32F1xx_HAL_Driver/Src/stm32f1xx_hal_gpio.o
 .debug_macro   0x00000000000186d9      0x1b5 Drivers/STM32F1xx_HAL_Driver/Src/stm32f1xx_hal_rcc.o
 .debug_macro   0x000000000001888e      0x1a4 Drivers/STM32F1xx_HAL_Driver/Src/stm32f1xx_hal_tim.o
 .debug_macro   0x0000000000018a32      0x1a3 Drivers/STM32F1xx_HAL_Driver/Src/stm32f1xx_hal_tim_ex.o
 .debug_macro   0x0000000000018bd5      0x1a4 Drivers/STM32F1xx_HAL_Driver/Src/stm32f1xx_hal_uart.o
 .debug_macro   0x0000000000018d79      0x247 Middlewares/Third_Party/FreeRTOS/Source/CMSIS_RTOS_V2/cmsis_os2.o
 .debug_macro   0x0000000000018fc0       0x10 Middlewares/Third_Party/FreeRTOS/Source/CMSIS_RTOS_V2/cmsis_os2.o
 .debug_macro   0x0000000000018fd0       0x10 Middlewares/Third_Party/FreeRTOS/Source/CMSIS_RTOS_V2/cmsis_os2.o
 .debug_macro   0x0000000000018fe0       0xb7 Middlewares/Third_Party/FreeRTOS/Source/CMSIS_RTOS_V2/cmsis_os2.o
 .debug_macro   0x0000000000019097       0x91 Middlewares/Third_Party/FreeRTOS/Source/CMSIS_RTOS_V2/cmsis_os2.o
 .debug_macro   0x0000000000019128       0x8d Middlewares/Third_Party/FreeRTOS/Source/CMSIS_RTOS_V2/cmsis_os2.o
 .debug_macro   0x00000000000191b5       0x9a Middlewares/Third_Party/FreeRTOS/Source/CMSIS_RTOS_V2/cmsis_os2.o
 .debug_macro   0x000000000001924f      0x187 Middlewares/Third_Party/FreeRTOS/Source/list.o
 .debug_macro   0x00000000000193d6      0x212 Middlewares/Third_Party/FreeRTOS/Source/queue.o
 .debug_macro   0x00000000000195e8      0x287 Middlewares/Third_Party/FreeRTOS/Source/tasks.o
 .debug_macro   0x000000000001986f       0x10 Middlewares/Third_Party/FreeRTOS/Source/tasks.o
 .debug_macro   0x000000000001987f      0x1ca Middlewares/Third_Party/FreeRTOS/Source/timers.o
 .debug_macro   0x0000000000019a49      0x172 Middlewares/Third_Party/FreeRTOS/Source/portable/GCC/ARM_CM3/port.o
 .debug_macro   0x0000000000019bbb      0x1ae Middlewares/Third_Party/FreeRTOS/Source/portable/MemMang/heap_4.o

.debug_line     0x0000000000000000    0x14c86
 .debug_line    0x0000000000000000      0xaa4 Core/Src/freertos.o
 .debug_line    0x0000000000000aa4      0x6a8 Core/Src/gpio.o
 .debug_line    0x000000000000114c      0x85c Core/Src/main.o
 .debug_line    0x00000000000019a8      0x67f Core/Src/stm32f1xx_hal_msp.o
 .debug_line    0x0000000000002027      0x6d9 Core/Src/stm32f1xx_hal_timebase_tim.o
 .debug_line    0x0000000000002700      0x719 Core/Src/stm32f1xx_it.o
 .debug_line    0x0000000000002e19      0x4f8 Core/Src/sysmem.o
 .debug_line    0x0000000000003311      0x6fb Core/Src/system_stm32f1xx.o
 .debug_line    0x0000000000003a0c      0x6ea Core/Src/usart.o
 .debug_line    0x00000000000040f6       0x84 Core/Startup/startup_stm32f103c8tx.o
 .debug_line    0x000000000000417a      0x928 Drivers/STM32F1xx_HAL_Driver/Src/stm32f1xx_hal.o
 .debug_line    0x0000000000004aa2      0xb10 Drivers/STM32F1xx_HAL_Driver/Src/stm32f1xx_hal_cortex.o
 .debug_line    0x00000000000055b2      0x9bf Drivers/STM32F1xx_HAL_Driver/Src/stm32f1xx_hal_gpio.o
 .debug_line    0x0000000000005f71      0xd36 Drivers/STM32F1xx_HAL_Driver/Src/stm32f1xx_hal_rcc.o
 .debug_line    0x0000000000006ca7     0x32d0 Drivers/STM32F1xx_HAL_Driver/Src/stm32f1xx_hal_tim.o
 .debug_line    0x0000000000009f77     0x19ce Drivers/STM32F1xx_HAL_Driver/Src/stm32f1xx_hal_tim_ex.o
 .debug_line    0x000000000000b945     0x1732 Drivers/STM32F1xx_HAL_Driver/Src/stm32f1xx_hal_uart.o
 .debug_line    0x000000000000d077     0x2458 Middlewares/Third_Party/FreeRTOS/Source/CMSIS_RTOS_V2/cmsis_os2.o
 .debug_line    0x000000000000f4cf      0x70a Middlewares/Third_Party/FreeRTOS/Source/list.o
 .debug_line    0x000000000000fbd9     0x16cd Middlewares/Third_Party/FreeRTOS/Source/queue.o
 .debug_line    0x00000000000112a6     0x1d25 Middlewares/Third_Party/FreeRTOS/Source/tasks.o
 .debug_line    0x0000000000012fcb      0xc9a Middlewares/Third_Party/FreeRTOS/Source/timers.o
 .debug_line    0x0000000000013c65      0x755 Middlewares/Third_Party/FreeRTOS/Source/portable/GCC/ARM_CM3/port.o
 .debug_line    0x00000000000143ba      0x8cc Middlewares/Third_Party/FreeRTOS/Source/portable/MemMang/heap_4.o

.debug_str      0x0000000000000000    0x93fb8
 .debug_str     0x0000000000000000    0x8b9d7 Core/Src/freertos.o
                                      0x8be3c (size before relaxing)
 .debug_str     0x000000000008b9d7       0xba Core/Src/gpio.o
                                      0x8306b (size before relaxing)
 .debug_str     0x000000000008ba91      0x423 Core/Src/main.o
                                      0x86e91 (size before relaxing)
 .debug_str     0x000000000008beb4      0x2be Core/Src/stm32f1xx_hal_msp.o
                                      0x832f6 (size before relaxing)
 .debug_str     0x000000000008c172       0xaa Core/Src/stm32f1xx_hal_timebase_tim.o
                                      0x83817 (size before relaxing)
 .debug_str     0x000000000008c21c       0xa2 Core/Src/stm32f1xx_it.o
                                      0x834dd (size before relaxing)
 .debug_str     0x000000000008c2be      0x369 Core/Src/sysmem.o
                                       0x629e (size before relaxing)
 .debug_str     0x000000000008c627       0x52 Core/Src/system_stm32f1xx.o
                                      0x82fb9 (size before relaxing)
 .debug_str     0x000000000008c679       0x57 Core/Src/usart.o
                                      0x83436 (size before relaxing)
 .debug_str     0x000000000008c6d0       0x36 Core/Startup/startup_stm32f103c8tx.o
                                         0xb2 (size before relaxing)
 .debug_str     0x000000000008c706      0x2b9 Drivers/STM32F1xx_HAL_Driver/Src/stm32f1xx_hal.o
                                      0x8364a (size before relaxing)
 .debug_str     0x000000000008c9bf      0x2f7 Drivers/STM32F1xx_HAL_Driver/Src/stm32f1xx_hal_cortex.o
                                      0x83652 (size before relaxing)
 .debug_str     0x000000000008ccb6      0x324 Drivers/STM32F1xx_HAL_Driver/Src/stm32f1xx_hal_gpio.o
                                      0x8337d (size before relaxing)
 .debug_str     0x000000000008cfda      0x245 Drivers/STM32F1xx_HAL_Driver/Src/stm32f1xx_hal_rcc.o
                                      0x833b6 (size before relaxing)
 .debug_str     0x000000000008d21f      0xe4d Drivers/STM32F1xx_HAL_Driver/Src/stm32f1xx_hal_tim.o
                                      0x84388 (size before relaxing)
 .debug_str     0x000000000008e06c      0x561 Drivers/STM32F1xx_HAL_Driver/Src/stm32f1xx_hal_tim_ex.o
                                      0x83b62 (size before relaxing)
 .debug_str     0x000000000008e5cd      0x533 Drivers/STM32F1xx_HAL_Driver/Src/stm32f1xx_hal_uart.o
                                      0x838bc (size before relaxing)
 .debug_str     0x000000000008eb00     0x27de Middlewares/Third_Party/FreeRTOS/Source/CMSIS_RTOS_V2/cmsis_os2.o
                                       0xe0fb (size before relaxing)
 .debug_str     0x00000000000912de      0x225 Middlewares/Third_Party/FreeRTOS/Source/list.o
                                       0xa754 (size before relaxing)
 .debug_str     0x0000000000091503      0x8fd Middlewares/Third_Party/FreeRTOS/Source/queue.o
                                       0xbf7e (size before relaxing)
 .debug_str     0x0000000000091e00     0x12f3 Middlewares/Third_Party/FreeRTOS/Source/tasks.o
                                       0xcb94 (size before relaxing)
 .debug_str     0x00000000000930f3      0x586 Middlewares/Third_Party/FreeRTOS/Source/timers.o
                                       0xc49c (size before relaxing)
 .debug_str     0x0000000000093679      0x6ee Middlewares/Third_Party/FreeRTOS/Source/portable/GCC/ARM_CM3/port.o
                                       0x80ae (size before relaxing)
 .debug_str     0x0000000000093d67      0x251 Middlewares/Third_Party/FreeRTOS/Source/portable/MemMang/heap_4.o
                                       0xae77 (size before relaxing)

.comment        0x0000000000000000       0x53
 .comment       0x0000000000000000       0x53 Core/Src/freertos.o
                                         0x54 (size before relaxing)
 .comment       0x0000000000000053       0x54 Core/Src/gpio.o