Archive member included to satisfy reference by file (symbol)

c:/st/stm32cubeide_1.6.1/stm32cubeide/plugins/com.st.stm32cube.ide.mcu.externaltools.gnu-tools-for-stm32.9-2020-q2-update.win32_1.5.0.202011040924/tools/bin/../lib/gcc/arm-none-eabi/9.3.1/../../../../arm-none-eabi/lib/thumb/v7-m/nofp\libc_nano.a(lib_a-errno.o)
                              Core/Src/syscalls.o (__errno)
c:/st/stm32cubeide_1.6.1/stm32cubeide/plugins/com.st.stm32cube.ide.mcu.externaltools.gnu-tools-for-stm32.9-2020-q2-update.win32_1.5.0.202011040924/tools/bin/../lib/gcc/arm-none-eabi/9.3.1/../../../../arm-none-eabi/lib/thumb/v7-m/nofp\libc_nano.a(lib_a-exit.o)
                              c:/st/stm32cubeide_1.6.1/stm32cubeide/plugins/com.st.stm32cube.ide.mcu.externaltools.gnu-tools-for-stm32.9-2020-q2-update.win32_1.5.0.202011040924/tools/bin/../lib/gcc/arm-none-eabi/9.3.1/../../../../arm-none-eabi/lib/thumb/v7-m/nofp/crt0.o (exit)
c:/st/stm32cubeide_1.6.1/stm32cubeide/plugins/com.st.stm32cube.ide.mcu.externaltools.gnu-tools-for-stm32.9-2020-q2-update.win32_1.5.0.202011040924/tools/bin/../lib/gcc/arm-none-eabi/9.3.1/../../../../arm-none-eabi/lib/thumb/v7-m/nofp\libc_nano.a(lib_a-impure.o)
                              c:/st/stm32cubeide_1.6.1/stm32cubeide/plugins/com.st.stm32cube.ide.mcu.externaltools.gnu-tools-for-stm32.9-2020-q2-update.win32_1.5.0.202011040924/tools/bin/../lib/gcc/arm-none-eabi/9.3.1/../../../../arm-none-eabi/lib/thumb/v7-m/nofp\libc_nano.a(lib_a-exit.o) (_global_impure_ptr)
c:/st/stm32cubeide_1.6.1/stm32cubeide/plugins/com.st.stm32cube.ide.mcu.externaltools.gnu-tools-for-stm32.9-2020-q2-update.win32_1.5.0.202011040924/tools/bin/../lib/gcc/arm-none-eabi/9.3.1/../../../../arm-none-eabi/lib/thumb/v7-m/nofp\libc_nano.a(lib_a-init.o)
                              c:/st/stm32cubeide_1.6.1/stm32cubeide/plugins/com.st.stm32cube.ide.mcu.externaltools.gnu-tools-for-stm32.9-2020-q2-update.win32_1.5.0.202011040924/tools/bin/../lib/gcc/arm-none-eabi/9.3.1/../../../../arm-none-eabi/lib/thumb/v7-m/nofp/crt0.o (__libc_init_array)
c:/st/stm32cubeide_1.6.1/stm32cubeide/plugins/com.st.stm32cube.ide.mcu.externaltools.gnu-tools-for-stm32.9-2020-q2-update.win32_1.5.0.202011040924/tools/bin/../lib/gcc/arm-none-eabi/9.3.1/../../../../arm-none-eabi/lib/thumb/v7-m/nofp\libc_nano.a(lib_a-memcmp.o)
                              Middlewares/Third_Party/FreeRTOS/org/Source/tasks.o (memcmp)
c:/st/stm32cubeide_1.6.1/stm32cubeide/plugins/com.st.stm32cube.ide.mcu.externaltools.gnu-tools-for-stm32.9-2020-q2-update.win32_1.5.0.202011040924/tools/bin/../lib/gcc/arm-none-eabi/9.3.1/../../../../arm-none-eabi/lib/thumb/v7-m/nofp\libc_nano.a(lib_a-memcpy-stub.o)
                              Middlewares/Third_Party/FreeRTOS/org/Source/CMSIS_RTOS_V2/cmsis_os2.o (memcpy)
c:/st/stm32cubeide_1.6.1/stm32cubeide/plugins/com.st.stm32cube.ide.mcu.externaltools.gnu-tools-for-stm32.9-2020-q2-update.win32_1.5.0.202011040924/tools/bin/../lib/gcc/arm-none-eabi/9.3.1/../../../../arm-none-eabi/lib/thumb/v7-m/nofp\libc_nano.a(lib_a-memset.o)
                              c:/st/stm32cubeide_1.6.1/stm32cubeide/plugins/com.st.stm32cube.ide.mcu.externaltools.gnu-tools-for-stm32.9-2020-q2-update.win32_1.5.0.202011040924/tools/bin/../lib/gcc/arm-none-eabi/9.3.1/../../../../arm-none-eabi/lib/thumb/v7-m/nofp/crt0.o (memset)
c:/st/stm32cubeide_1.6.1/stm32cubeide/plugins/com.st.stm32cube.ide.mcu.externaltools.gnu-tools-for-stm32.9-2020-q2-update.win32_1.5.0.202011040924/tools/bin/../lib/gcc/arm-none-eabi/9.3.1/../../../../arm-none-eabi/lib/thumb/v7-m/nofp\libc_nano.a(lib_a-strlen.o)
                              Middlewares/Third_Party/SEGGER/SEGGER/SEGGER_RTT.o (strlen)

Allocating common symbols
Common symbol       size              file

uwTick              0x4               Drivers/STM32F1xx_HAL_Driver/Src/stm32f1xx_hal.o
xQueueRegistry      0x40              Middlewares/Third_Party/FreeRTOS/org/Source/queue.o
pFlash              0x20              Drivers/STM32F1xx_HAL_Driver/Src/stm32f1xx_hal_flash.o
htim3               0x48              Core/Src/stm32f1xx_hal_timebase_tim.o
handlerTask_1       0x4               Core/Src/freertos.o
_SEGGER_RTT         0xa8              Middlewares/Third_Party/SEGGER/SEGGER/SEGGER_RTT.o

Discarded input sections

 .text          0x0000000000000000        0x0 c:/st/stm32cubeide_1.6.1/stm32cubeide/plugins/com.st.stm32cube.ide.mcu.externaltools.gnu-tools-for-stm32.9-2020-q2-update.win32_1.5.0.202011040924/tools/bin/../lib/gcc/arm-none-eabi/9.3.1/thumb/v7-m/nofp/crti.o
 .data          0x0000000000000000        0x0 c:/st/stm32cubeide_1.6.1/stm32cubeide/plugins/com.st.stm32cube.ide.mcu.externaltools.gnu-tools-for-stm32.9-2020-q2-update.win32_1.5.0.202011040924/tools/bin/../lib/gcc/arm-none-eabi/9.3.1/thumb/v7-m/nofp/crti.o
[...]
Memory Configuration

Name             Origin             Length             Attributes
RAM              0x0000000020000000 0x0000000000005000 xrw
FLASH            0x0000000008000000 0x0000000000010000 xr
*default*        0x0000000000000000 0xffffffffffffffff

Linker script and memory map

LOAD c:/st/stm32cubeide_1.6.1/stm32cubeide/plugins/com.st.stm32cube.ide.mcu.externaltools.gnu-tools-for-stm32.9-2020-q2-update.win32_1.5.0.202011040924/tools/bin/../lib/gcc/arm-none-eabi/9.3.1/thumb/v7-m/nofp/crti.o
LOAD c:/st/stm32cubeide_1.6.1/stm32cubeide/plugins/com.st.stm32cube.ide.mcu.externaltools.gnu-tools-for-stm32.9-2020-q2-update.win32_1.5.0.202011040924/tools/bin/../lib/gcc/arm-none-eabi/9.3.1/thumb/v7-m/nofp/crtbegin.o
LOAD c:/st/stm32cubeide_1.6.1/stm32cubeide/plugins/com.st.stm32cube.ide.mcu.externaltools.gnu-tools-for-stm32.9-2020-q2-update.win32_1.5.0.202011040924/tools/bin/../lib/gcc/arm-none-eabi/9.3.1/../../../../arm-none-eabi/lib/thumb/v7-m/nofp/crt0.o
LOAD Core/Src/freertos.o
LOAD Core/Src/gpio.o
LOAD Core/Src/main.o
LOAD Core/Src/stm32f1xx_hal_msp.o
LOAD Core/Src/stm32f1xx_hal_timebase_tim.o
LOAD Core/Src/stm32f1xx_it.o
LOAD Core/Src/syscalls.o
LOAD Core/Src/sysmem.o
LOAD Core/Src/system_stm32f1xx.o
LOAD Core/Startup/startup_stm32f103c8tx.o
LOAD Drivers/STM32F1xx_HAL_Driver/Src/stm32f1xx_hal.o
LOAD Drivers/STM32F1xx_HAL_Driver/Src/stm32f1xx_hal_cortex.o
LOAD Drivers/STM32F1xx_HAL_Driver/Src/stm32f1xx_hal_dma.o
LOAD Drivers/STM32F1xx_HAL_Driver/Src/stm32f1xx_hal_exti.o
LOAD Drivers/STM32F1xx_HAL_Driver/Src/stm32f1xx_hal_flash.o
LOAD Drivers/STM32F1xx_HAL_Driver/Src/stm32f1xx_hal_flash_ex.o
LOAD Drivers/STM32F1xx_HAL_Driver/Src/stm32f1xx_hal_gpio.o
LOAD Drivers/STM32F1xx_HAL_Driver/Src/stm32f1xx_hal_gpio_ex.o
LOAD Drivers/STM32F1xx_HAL_Driver/Src/stm32f1xx_hal_pwr.o
LOAD Drivers/STM32F1xx_HAL_Driver/Src/stm32f1xx_hal_rcc.o
LOAD Drivers/STM32F1xx_HAL_Driver/Src/stm32f1xx_hal_rcc_ex.o
LOAD Drivers/STM32F1xx_HAL_Driver/Src/stm32f1xx_hal_tim.o
LOAD Drivers/STM32F1xx_HAL_Driver/Src/stm32f1xx_hal_tim_ex.o
LOAD Middlewares/Third_Party/FreeRTOS/org/Source/CMSIS_RTOS_V2/cmsis_os2.o
LOAD Middlewares/Third_Party/FreeRTOS/org/Source/croutine.o
LOAD Middlewares/Third_Party/FreeRTOS/org/Source/event_groups.o
LOAD Middlewares/Third_Party/FreeRTOS/org/Source/list.o
LOAD Middlewares/Third_Party/FreeRTOS/org/Source/queue.o
LOAD Middlewares/Third_Party/FreeRTOS/org/Source/stream_buffer.o
LOAD Middlewares/Third_Party/FreeRTOS/org/Source/tasks.o
LOAD Middlewares/Third_Party/FreeRTOS/org/Source/timers.o
LOAD Middlewares/Third_Party/FreeRTOS/org/Source/portable/GCC/ARM_CM3/port.o
LOAD Middlewares/Third_Party/FreeRTOS/org/Source/portable/MemMang/heap_4.o
LOAD Middlewares/Third_Party/SEGGER/Config/SEGGER_SYSVIEW_Config_FreeRTOS.o
LOAD Middlewares/Third_Party/SEGGER/OS/SEGGER_SYSVIEW_FreeRTOS.o
LOAD Middlewares/Third_Party/SEGGER/SEGGER/SEGGER_RTT.o
LOAD Middlewares/Third_Party/SEGGER/SEGGER/SEGGER_SYSVIEW.o
START GROUP
LOAD c:/st/stm32cubeide_1.6.1/stm32cubeide/plugins/com.st.stm32cube.ide.mcu.externaltools.gnu-tools-for-stm32.9-2020-q2-update.win32_1.5.0.202011040924/tools/bin/../lib/gcc/arm-none-eabi/9.3.1/../../../../arm-none-eabi/lib/thumb/v7-m/nofp\libc_nano.a
LOAD c:/st/stm32cubeide_1.6.1/stm32cubeide/plugins/com.st.stm32cube.ide.mcu.externaltools.gnu-tools-for-stm32.9-2020-q2-update.win32_1.5.0.202011040924/tools/bin/../lib/gcc/arm-none-eabi/9.3.1/../../../../arm-none-eabi/lib/thumb/v7-m/nofp\libm.a
END GROUP
START GROUP
LOAD c:/st/stm32cubeide_1.6.1/stm32cubeide/plugins/com.st.stm32cube.ide.mcu.externaltools.gnu-tools-for-stm32.9-2020-q2-update.win32_1.5.0.202011040924/tools/bin/../lib/gcc/arm-none-eabi/9.3.1/thumb/v7-m/nofp\libgcc.a
LOAD c:/st/stm32cubeide_1.6.1/stm32cubeide/plugins/com.st.stm32cube.ide.mcu.externaltools.gnu-tools-for-stm32.9-2020-q2-update.win32_1.5.0.202011040924/tools/bin/../lib/gcc/arm-none-eabi/9.3.1/../../../../arm-none-eabi/lib/thumb/v7-m/nofp\libc_nano.a
END GROUP
START GROUP
LOAD c:/st/stm32cubeide_1.6.1/stm32cubeide/plugins/com.st.stm32cube.ide.mcu.externaltools.gnu-tools-for-stm32.9-2020-q2-update.win32_1.5.0.202011040924/tools/bin/../lib/gcc/arm-none-eabi/9.3.1/thumb/v7-m/nofp\libgcc.a
LOAD c:/st/stm32cubeide_1.6.1/stm32cubeide/plugins/com.st.stm32cube.ide.mcu.externaltools.gnu-tools-for-stm32.9-2020-q2-update.win32_1.5.0.202011040924/tools/bin/../lib/gcc/arm-none-eabi/9.3.1/../../../../arm-none-eabi/lib/thumb/v7-m/nofp\libc_nano.a
LOAD c:/st/stm32cubeide_1.6.1/stm32cubeide/plugins/com.st.stm32cube.ide.mcu.externaltools.gnu-tools-for-stm32.9-2020-q2-update.win32_1.5.0.202011040924/tools/bin/../lib/gcc/arm-none-eabi/9.3.1/../../../../arm-none-eabi/lib/thumb/v7-m/nofp\libnosys.a
END GROUP
START GROUP
LOAD c:/st/stm32cubeide_1.6.1/stm32cubeide/plugins/com.st.stm32cube.ide.mcu.externaltools.gnu-tools-for-stm32.9-2020-q2-update.win32_1.5.0.202011040924/tools/bin/../lib/gcc/arm-none-eabi/9.3.1/thumb/v7-m/nofp\libgcc.a
LOAD c:/st/stm32cubeide_1.6.1/stm32cubeide/plugins/com.st.stm32cube.ide.mcu.externaltools.gnu-tools-for-stm32.9-2020-q2-update.win32_1.5.0.202011040924/tools/bin/../lib/gcc/arm-none-eabi/9.3.1/../../../../arm-none-eabi/lib/thumb/v7-m/nofp\libc_nano.a
LOAD c:/st/stm32cubeide_1.6.1/stm32cubeide/plugins/com.st.stm32cube.ide.mcu.externaltools.gnu-tools-for-stm32.9-2020-q2-update.win32_1.5.0.202011040924/tools/bin/../lib/gcc/arm-none-eabi/9.3.1/../../../../arm-none-eabi/lib/thumb/v7-m/nofp\libnosys.a
END GROUP
LOAD c:/st/stm32cubeide_1.6.1/stm32cubeide/plugins/com.st.stm32cube.ide.mcu.externaltools.gnu-tools-for-stm32.9-2020-q2-update.win32_1.5.0.202011040924/tools/bin/../lib/gcc/arm-none-eabi/9.3.1/thumb/v7-m/nofp/crtend.o
LOAD c:/st/stm32cubeide_1.6.1/stm32cubeide/plugins/com.st.stm32cube.ide.mcu.externaltools.gnu-tools-for-stm32.9-2020-q2-update.win32_1.5.0.202011040924/tools/bin/../lib/gcc/arm-none-eabi/9.3.1/thumb/v7-m/nofp/crtn.o
                0x0000000020005000                _estack = (ORIGIN (RAM) + LENGTH (RAM))
                0x0000000000000200                _Min_Heap_Size = 0x200
                0x0000000000000400                _Min_Stack_Size = 0x400

.isr_vector     0x0000000008000000      0x10c
                0x0000000008000000                . = ALIGN (0x4)
 *(.isr_vector)
 .isr_vector    0x0000000008000000      0x10c Core/Startup/startup_stm32f103c8tx.o
                0x0000000008000000                g_pfnVectors
                0x000000000800010c                . = ALIGN (0x4)

.text           0x0000000008000110     0x5be4
                0x0000000008000110                . = ALIGN (0x4)
 *(.text)
 .text          0x0000000008000110       0x40 c:/st/stm32cubeide_1.6.1/stm32cubeide/plugins/com.st.stm32cube.ide.mcu.externaltools.gnu-tools-for-stm32.9-2020-q2-update.win32_1.5.0.202011040924/tools/bin/../lib/gcc/arm-none-eabi/9.3.1/thumb/v7-m/nofp/crtbegin.o
 *(.text*)
 .text.MX_FREERTOS_Init
                0x0000000008000150       0x2c Core/Src/freertos.o
                0x0000000008000150                MX_FREERTOS_Init
 .text.Task1_Handler
                0x000000000800017c       0x1c Core/Src/freertos.o
                0x000000000800017c                Task1_Handler
 .text.MX_GPIO_Init
                0x0000000008000198       0xd0 Core/Src/gpio.o
                0x0000000008000198                MX_GPIO_Init
 .text.main     0x0000000008000268       0x38 Core/Src/main.o
                0x0000000008000268                main
 .text.SystemClock_Config
                0x00000000080002a0       0x7e Core/Src/main.o
                0x00000000080002a0                SystemClock_Config
 *fill*         0x000000000800031e        0x2 
 .text.HAL_TIM_PeriodElapsedCallback
                0x0000000008000320       0x24 Core/Src/main.o
                0x0000000008000320                HAL_TIM_PeriodElapsedCallback
 .text.Error_Handler
                0x0000000008000344        0xa Core/Src/main.o
                0x0000000008000344                Error_Handler
 *fill*         0x000000000800034e        0x2 
 .text.HAL_MspInit
                0x0000000008000350       0x70 Core/Src/stm32f1xx_hal_msp.o
                0x0000000008000350                HAL_MspInit
 .text.HAL_InitTick
                0x00000000080003c0       0xac Core/Src/stm32f1xx_hal_timebase_tim.o
                0x00000000080003c0                HAL_InitTick
 .text.NMI_Handler
                0x000000000800046c        0x6 Core/Src/stm32f1xx_it.o
                0x000000000800046c                NMI_Handler
 .text.HardFault_Handler
                0x0000000008000472        0x6 Core/Src/stm32f1xx_it.o
                0x0000000008000472                HardFault_Handler
 .text.MemManage_Handler
                0x0000000008000478        0x6 Core/Src/stm32f1xx_it.o
                0x0000000008000478                MemManage_Handler
 .text.BusFault_Handler
                0x000000000800047e        0x6 Core/Src/stm32f1xx_it.o
                0x000000000800047e                BusFault_Handler
 .text.UsageFault_Handler
                0x0000000008000484        0x6 Core/Src/stm32f1xx_it.o
                0x0000000008000484                UsageFault_Handler
 .text.DebugMon_Handler
                0x000000000800048a        0xc Core/Src/stm32f1xx_it.o
                0x000000000800048a                DebugMon_Handler
 *fill*         0x0000000008000496        0x2 
 .text.TIM3_IRQHandler
                0x0000000008000498       0x14 Core/Src/stm32f1xx_it.o
                0x0000000008000498                TIM3_IRQHandler
 .text.SystemInit
                0x00000000080004ac        0xc Core/Src/system_stm32f1xx.o
                0x00000000080004ac                SystemInit
 .text.Reset_Handler
                0x00000000080004b8       0x48 Core/Startup/startup_stm32f103c8tx.o
                0x00000000080004b8                Reset_Handler
 .text.Default_Handler
                0x0000000008000500        0x2 Core/Startup/startup_stm32f103c8tx.o
                0x0000000008000500                RTC_Alarm_IRQHandler
                0x0000000008000500                EXTI2_IRQHandler
                0x0000000008000500                TIM1_CC_IRQHandler
                0x0000000008000500                PVD_IRQHandler
                0x0000000008000500                EXTI3_IRQHandler
                0x0000000008000500                EXTI0_IRQHandler
                0x0000000008000500                I2C2_EV_IRQHandler
                0x0000000008000500                ADC1_2_IRQHandler
                0x0000000008000500                SPI1_IRQHandler
                0x0000000008000500                TAMPER_IRQHandler
                0x0000000008000500                DMA1_Channel4_IRQHandler
                0x0000000008000500                USART3_IRQHandler
                0x0000000008000500                RTC_IRQHandler
                0x0000000008000500                DMA1_Channel7_IRQHandler
                0x0000000008000500                CAN1_RX1_IRQHandler
                0x0000000008000500                TIM4_IRQHandler
                0x0000000008000500                I2C1_EV_IRQHandler
                0x0000000008000500                DMA1_Channel6_IRQHandler
                0x0000000008000500                RCC_IRQHandler
                0x0000000008000500                TIM1_TRG_COM_IRQHandler
                0x0000000008000500                DMA1_Channel1_IRQHandler
                0x0000000008000500                Default_Handler
                0x0000000008000500                EXTI15_10_IRQHandler
                0x0000000008000500                EXTI9_5_IRQHandler
                0x0000000008000500                SPI2_IRQHandler
                0x0000000008000500                DMA1_Channel5_IRQHandler
                0x0000000008000500                EXTI4_IRQHandler
                0x0000000008000500                USB_LP_CAN1_RX0_IRQHandler
                0x0000000008000500                USB_HP_CAN1_TX_IRQHandler
                0x0000000008000500                DMA1_Channel3_IRQHandler
                0x0000000008000500                TIM1_UP_IRQHandler
                0x0000000008000500                WWDG_IRQHandler
                0x0000000008000500                TIM2_IRQHandler
                0x0000000008000500                TIM1_BRK_IRQHandler
                0x0000000008000500                EXTI1_IRQHandler
                0x0000000008000500                USART2_IRQHandler
                0x0000000008000500                I2C2_ER_IRQHandler
                0x0000000008000500                DMA1_Channel2_IRQHandler
                0x0000000008000500                CAN1_SCE_IRQHandler
                0x0000000008000500                FLASH_IRQHandler
                0x0000000008000500                USART1_IRQHandler
                0x0000000008000500                I2C1_ER_IRQHandler
                0x0000000008000500                USBWakeUp_IRQHandler
 *fill*         0x0000000008000502        0x2 
 .text.HAL_Init
                0x0000000008000504       0x2c Drivers/STM32F1xx_HAL_Driver/Src/stm32f1xx_hal.o
                0x0000000008000504                HAL_Init
 .text.HAL_IncTick
                0x0000000008000530       0x24 Drivers/STM32F1xx_HAL_Driver/Src/stm32f1xx_hal.o
                0x0000000008000530                HAL_IncTick
 .text.HAL_GetTick
                0x0000000008000554       0x14 Drivers/STM32F1xx_HAL_Driver/Src/stm32f1xx_hal.o
                0x0000000008000554                HAL_GetTick
 .text.__NVIC_SetPriorityGrouping
                0x0000000008000568       0x48 Drivers/STM32F1xx_HAL_Driver/Src/stm32f1xx_hal_cortex.o
 .text.__NVIC_GetPriorityGrouping
                0x00000000080005b0       0x1c Drivers/STM32F1xx_HAL_Driver/Src/stm32f1xx_hal_cortex.o
 .text.__NVIC_EnableIRQ
                0x00000000080005cc       0x38 Drivers/STM32F1xx_HAL_Driver/Src/stm32f1xx_hal_cortex.o
 .text.__NVIC_SetPriority
                0x0000000008000604       0x54 Drivers/STM32F1xx_HAL_Driver/Src/stm32f1xx_hal_cortex.o
 .text.NVIC_EncodePriority
                0x0000000008000658       0x64 Drivers/STM32F1xx_HAL_Driver/Src/stm32f1xx_hal_cortex.o
 .text.HAL_NVIC_SetPriorityGrouping
                0x00000000080006bc       0x16 Drivers/STM32F1xx_HAL_Driver/Src/stm32f1xx_hal_cortex.o
                0x00000000080006bc                HAL_NVIC_SetPriorityGrouping
 .text.HAL_NVIC_SetPriority
                0x00000000080006d2       0x38 Drivers/STM32F1xx_HAL_Driver/Src/stm32f1xx_hal_cortex.o
                0x00000000080006d2                HAL_NVIC_SetPriority
 .text.HAL_NVIC_EnableIRQ
                0x000000000800070a       0x1c Drivers/STM32F1xx_HAL_Driver/Src/stm32f1xx_hal_cortex.o
                0x000000000800070a                HAL_NVIC_EnableIRQ
 *fill*         0x0000000008000726        0x2 
 .text.HAL_GPIO_Init
                0x0000000008000728      0x308 Drivers/STM32F1xx_HAL_Driver/Src/stm32f1xx_hal_gpio.o
                0x0000000008000728                HAL_GPIO_Init
 .text.HAL_RCC_OscConfig
                0x0000000008000a30      0x500 Drivers/STM32F1xx_HAL_Driver/Src/stm32f1xx_hal_rcc.o
                0x0000000008000a30                HAL_RCC_OscConfig
 .text.HAL_RCC_ClockConfig
                0x0000000008000f30      0x1d4 Drivers/STM32F1xx_HAL_Driver/Src/stm32f1xx_hal_rcc.o
                0x0000000008000f30                HAL_RCC_ClockConfig
 .text.HAL_RCC_GetSysClockFreq
                0x0000000008001104       0xc0 Drivers/STM32F1xx_HAL_Driver/Src/stm32f1xx_hal_rcc.o
                0x0000000008001104                HAL_RCC_GetSysClockFreq
 .text.HAL_RCC_GetHCLKFreq
                0x00000000080011c4       0x14 Drivers/STM32F1xx_HAL_Driver/Src/stm32f1xx_hal_rcc.o
                0x00000000080011c4                HAL_RCC_GetHCLKFreq
 .text.HAL_RCC_GetPCLK1Freq
                0x00000000080011d8       0x28 Drivers/STM32F1xx_HAL_Driver/Src/stm32f1xx_hal_rcc.o
                0x00000000080011d8                HAL_RCC_GetPCLK1Freq
 .text.HAL_RCC_GetClockConfig
                0x0000000008001200       0x60 Drivers/STM32F1xx_HAL_Driver/Src/stm32f1xx_hal_rcc.o
                0x0000000008001200                HAL_RCC_GetClockConfig
 .text.RCC_Delay
                0x0000000008001260       0x3c Drivers/STM32F1xx_HAL_Driver/Src/stm32f1xx_hal_rcc.o
 .text.HAL_TIM_Base_Init
                0x000000000800129c       0x9e Drivers/STM32F1xx_HAL_Driver/Src/stm32f1xx_hal_tim.o
                0x000000000800129c                HAL_TIM_Base_Init
 .text.HAL_TIM_Base_MspInit
                0x000000000800133a       0x12 Drivers/STM32F1xx_HAL_Driver/Src/stm32f1xx_hal_tim.o
                0x000000000800133a                HAL_TIM_Base_MspInit
 .text.HAL_TIM_Base_Start_IT
                0x000000000800134c       0xa4 Drivers/STM32F1xx_HAL_Driver/Src/stm32f1xx_hal_tim.o
                0x000000000800134c                HAL_TIM_Base_Start_IT
 .text.HAL_TIM_IRQHandler
                0x00000000080013f0      0x210 Drivers/STM32F1xx_HAL_Driver/Src/stm32f1xx_hal_tim.o
                0x00000000080013f0                HAL_TIM_IRQHandler
 .text.HAL_TIM_OC_DelayElapsedCallback
                0x0000000008001600       0x12 Drivers/STM32F1xx_HAL_Driver/Src/stm32f1xx_hal_tim.o
                0x0000000008001600                HAL_TIM_OC_DelayElapsedCallback
 .text.HAL_TIM_IC_CaptureCallback
                0x0000000008001612       0x12 Drivers/STM32F1xx_HAL_Driver/Src/stm32f1xx_hal_tim.o
                0x0000000008001612                HAL_TIM_IC_CaptureCallback
 .text.HAL_TIM_PWM_PulseFinishedCallback
                0x0000000008001624       0x12 Drivers/STM32F1xx_HAL_Driver/Src/stm32f1xx_hal_tim.o
                0x0000000008001624                HAL_TIM_PWM_PulseFinishedCallback
 .text.HAL_TIM_TriggerCallback
                0x0000000008001636       0x12 Drivers/STM32F1xx_HAL_Driver/Src/stm32f1xx_hal_tim.o
                0x0000000008001636                HAL_TIM_TriggerCallback
 .text.TIM_Base_SetConfig
                0x0000000008001648       0xc4 Drivers/STM32F1xx_HAL_Driver/Src/stm32f1xx_hal_tim.o
                0x0000000008001648                TIM_Base_SetConfig
 .text.HAL_TIMEx_CommutCallback
                0x000000000800170c       0x12 Drivers/STM32F1xx_HAL_Driver/Src/stm32f1xx_hal_tim_ex.o
                0x000000000800170c                HAL_TIMEx_CommutCallback
 .text.HAL_TIMEx_BreakCallback
                0x000000000800171e       0x12 Drivers/STM32F1xx_HAL_Driver/Src/stm32f1xx_hal_tim_ex.o
                0x000000000800171e                HAL_TIMEx_BreakCallback
 .text.osKernelInitialize
                0x0000000008001730       0x64 Middlewares/Third_Party/FreeRTOS/org/Source/CMSIS_RTOS_V2/cmsis_os2.o
                0x0000000008001730                osKernelInitialize
 .text.osKernelStart
                0x0000000008001794       0x68 Middlewares/Third_Party/FreeRTOS/org/Source/CMSIS_RTOS_V2/cmsis_os2.o
                0x0000000008001794                osKernelStart
 .text.osDelay  0x00000000080017fc       0x5c Middlewares/Third_Party/FreeRTOS/org/Source/CMSIS_RTOS_V2/cmsis_os2.o
                0x00000000080017fc                osDelay
 .text.vApplicationGetIdleTaskMemory
                0x0000000008001858       0x30 Middlewares/Third_Party/FreeRTOS/org/Source/CMSIS_RTOS_V2/cmsis_os2.o
                0x0000000008001858                vApplicationGetIdleTaskMemory
 .text.vApplicationGetTimerTaskMemory
                0x0000000008001888       0x34 Middlewares/Third_Party/FreeRTOS/org/Source/CMSIS_RTOS_V2/cmsis_os2.o
                0x0000000008001888                vApplicationGetTimerTaskMemory
 .text.vListInitialise
                0x00000000080018bc       0x3e Middlewares/Third_Party/FreeRTOS/org/Source/list.o
                0x00000000080018bc                vListInitialise
 .text.vListInitialiseItem
                0x00000000080018fa       0x18 Middlewares/Third_Party/FreeRTOS/org/Source/list.o
                0x00000000080018fa                vListInitialiseItem
 .text.vListInsertEnd
                0x0000000008001912       0x46 Middlewares/Third_Party/FreeRTOS/org/Source/list.o
                0x0000000008001912                vListInsertEnd
 .text.vListInsert
                0x0000000008001958       0x70 Middlewares/Third_Party/FreeRTOS/org/Source/list.o
                0x0000000008001958                vListInsert
 .text.uxListRemove
                0x00000000080019c8       0x52 Middlewares/Third_Party/FreeRTOS/org/Source/list.o
                0x00000000080019c8                uxListRemove
 *fill*         0x0000000008001a1a        0x2 
 .text.xQueueGenericReset
                0x0000000008001a1c       0xd0 Middlewares/Third_Party/FreeRTOS/org/Source/queue.o
                0x0000000008001a1c                xQueueGenericReset
 .text.xQueueGenericCreateStatic
                0x0000000008001aec       0xe4 Middlewares/Third_Party/FreeRTOS/org/Source/queue.o
                0x0000000008001aec                xQueueGenericCreateStatic
 .text.prvInitialiseNewQueue
                0x0000000008001bd0       0x52 Middlewares/Third_Party/FreeRTOS/org/Source/queue.o
 *fill*         0x0000000008001c22        0x2 
 .text.xQueueGenericSend
                0x0000000008001c24      0x244 Middlewares/Third_Party/FreeRTOS/org/Source/queue.o
                0x0000000008001c24                xQueueGenericSend
 .text.xQueueGenericSendFromISR
                0x0000000008001e68      0x152 Middlewares/Third_Party/FreeRTOS/org/Source/queue.o
                0x0000000008001e68                xQueueGenericSendFromISR
 *fill*         0x0000000008001fba        0x2 
 .text.xQueueReceive
                0x0000000008001fbc      0x21c Middlewares/Third_Party/FreeRTOS/org/Source/queue.o
                0x0000000008001fbc                xQueueReceive
 .text.prvCopyDataToQueue
                0x00000000080021d8       0xd4 Middlewares/Third_Party/FreeRTOS/org/Source/queue.o
 .text.prvCopyDataFromQueue
                0x00000000080022ac       0x4c Middlewares/Third_Party/FreeRTOS/org/Source/queue.o
 .text.prvUnlockQueue
                0x00000000080022f8       0xa4 Middlewares/Third_Party/FreeRTOS/org/Source/queue.o
 .text.prvIsQueueEmpty
                0x000000000800239c       0x2c Middlewares/Third_Party/FreeRTOS/org/Source/queue.o
 .text.prvIsQueueFull
                0x00000000080023c8       0x30 Middlewares/Third_Party/FreeRTOS/org/Source/queue.o
 .text.vQueueAddToRegistry
                0x00000000080023f8       0x64 Middlewares/Third_Party/FreeRTOS/org/Source/queue.o
                0x00000000080023f8                vQueueAddToRegistry
 .text.vQueueWaitForMessageRestricted
                0x000000000800245c       0x68 Middlewares/Third_Party/FreeRTOS/org/Source/queue.o
                0x000000000800245c                vQueueWaitForMessageRestricted
 .text.xTaskCreateStatic
                0x00000000080024c4       0xb2 Middlewares/Third_Party/FreeRTOS/org/Source/tasks.o
                0x00000000080024c4                xTaskCreateStatic
 .text.xTaskCreate
                0x0000000008002576       0x8a Middlewares/Third_Party/FreeRTOS/org/Source/tasks.o
                0x0000000008002576                xTaskCreate
 .text.prvInitialiseNewTask
                0x0000000008002600      0x10c Middlewares/Third_Party/FreeRTOS/org/Source/tasks.o
 .text.prvAddNewTaskToReadyList
                0x000000000800270c      0x11c Middlewares/Third_Party/FreeRTOS/org/Source/tasks.o
 .text.vTaskDelay
                0x0000000008002828       0x70 Middlewares/Third_Party/FreeRTOS/org/Source/tasks.o
                0x0000000008002828                vTaskDelay
 .text.vTaskStartScheduler
                0x0000000008002898       0xcc Middlewares/Third_Party/FreeRTOS/org/Source/tasks.o
                0x0000000008002898                vTaskStartScheduler
 .text.vTaskSuspendAll
                0x0000000008002964       0x1c Middlewares/Third_Party/FreeRTOS/org/Source/tasks.o
                0x0000000008002964                vTaskSuspendAll
 .text.xTaskResumeAll
                0x0000000008002980      0x140 Middlewares/Third_Party/FreeRTOS/org/Source/tasks.o
                0x0000000008002980                xTaskResumeAll
 .text.xTaskGetTickCount
                0x0000000008002ac0       0x1c Middlewares/Third_Party/FreeRTOS/org/Source/tasks.o
                0x0000000008002ac0                xTaskGetTickCount
 .text.xTaskGetTickCountFromISR
                0x0000000008002adc       0x24 Middlewares/Third_Party/FreeRTOS/org/Source/tasks.o
                0x0000000008002adc                xTaskGetTickCountFromISR
 .text.xTaskIncrementTick
                0x0000000008002b00      0x184 Middlewares/Third_Party/FreeRTOS/org/Source/tasks.o
                0x0000000008002b00                xTaskIncrementTick
 .text.vTaskSwitchContext
                0x0000000008002c84       0xe0 Middlewares/Third_Party/FreeRTOS/org/Source/tasks.o
                0x0000000008002c84                vTaskSwitchContext
 .text.vTaskPlaceOnEventList
                0x0000000008002d64       0x48 Middlewares/Third_Party/FreeRTOS/org/Source/tasks.o
                0x0000000008002d64                vTaskPlaceOnEventList
 .text.vTaskPlaceOnEventListRestricted
                0x0000000008002dac       0x5c Middlewares/Third_Party/FreeRTOS/org/Source/tasks.o
                0x0000000008002dac                vTaskPlaceOnEventListRestricted
 .text.xTaskRemoveFromEventList
                0x0000000008002e08       0xcc Middlewares/Third_Party/FreeRTOS/org/Source/tasks.o
                0x0000000008002e08                xTaskRemoveFromEventList
 .text.vTaskInternalSetTimeOutState
                0x0000000008002ed4       0x2c Middlewares/Third_Party/FreeRTOS/org/Source/tasks.o
                0x0000000008002ed4                vTaskInternalSetTimeOutState
 .text.xTaskCheckForTimeOut
                0x0000000008002f00       0xc0 Middlewares/Third_Party/FreeRTOS/org/Source/tasks.o
                0x0000000008002f00                xTaskCheckForTimeOut
 .text.vTaskMissedYield
                0x0000000008002fc0       0x18 Middlewares/Third_Party/FreeRTOS/org/Source/tasks.o
                0x0000000008002fc0                vTaskMissedYield
 .text.prvIdleTask
                0x0000000008002fd8       0x30 Middlewares/Third_Party/FreeRTOS/org/Source/tasks.o
 .text.prvInitialiseTaskLists
                0x0000000008003008       0x80 Middlewares/Third_Party/FreeRTOS/org/Source/tasks.o
 .text.prvCheckTasksWaitingTermination
                0x0000000008003088       0x5c Middlewares/Third_Party/FreeRTOS/org/Source/tasks.o
 .text.prvTaskCheckFreeStackSpace
                0x00000000080030e4       0x36 Middlewares/Third_Party/FreeRTOS/org/Source/tasks.o
 *fill*         0x000000000800311a        0x2 
 .text.uxTaskGetStackHighWaterMark
                0x000000000800311c       0x38 Middlewares/Third_Party/FreeRTOS/org/Source/tasks.o
                0x000000000800311c                uxTaskGetStackHighWaterMark
 .text.prvDeleteTCB
                0x0000000008003154       0x5c Middlewares/Third_Party/FreeRTOS/org/Source/tasks.o
 .text.prvResetNextTaskUnblockTime
                0x00000000080031b0       0x48 Middlewares/Third_Party/FreeRTOS/org/Source/tasks.o
 .text.xTaskGetSchedulerState
                0x00000000080031f8       0x3c Middlewares/Third_Party/FreeRTOS/org/Source/tasks.o
                0x00000000080031f8                xTaskGetSchedulerState
 .text.xTaskPriorityDisinherit
                0x0000000008003234       0xe0 Middlewares/Third_Party/FreeRTOS/org/Source/tasks.o
                0x0000000008003234                xTaskPriorityDisinherit
 .text.prvAddCurrentTaskToDelayedList
                0x0000000008003314       0xcc Middlewares/Third_Party/FreeRTOS/org/Source/tasks.o
 .text.xTimerCreateTimerTask
                0x00000000080033e0       0x90 Middlewares/Third_Party/FreeRTOS/org/Source/timers.o
                0x00000000080033e0                xTimerCreateTimerTask
 .text.xTimerGenericCommand
                0x0000000008003470       0x98 Middlewares/Third_Party/FreeRTOS/org/Source/timers.o
                0x0000000008003470                xTimerGenericCommand
 .text.prvProcessExpiredTimer
                0x0000000008003508       0x80 Middlewares/Third_Party/FreeRTOS/org/Source/timers.o
 .text.prvTimerTask
                0x0000000008003588       0x24 Middlewares/Third_Party/FreeRTOS/org/Source/timers.o
 .text.prvProcessTimerOrBlockTask
                0x00000000080035ac       0x9c Middlewares/Third_Party/FreeRTOS/org/Source/timers.o
 .text.prvGetNextExpireTime
                0x0000000008003648       0x48 Middlewares/Third_Party/FreeRTOS/org/Source/timers.o
 .text.prvSampleTimeNow
                0x0000000008003690       0x40 Middlewares/Third_Party/FreeRTOS/org/Source/timers.o
 .text.prvInsertTimerInActiveList
                0x00000000080036d0       0x84 Middlewares/Third_Party/FreeRTOS/org/Source/timers.o
 .text.prvProcessReceivedCommands
                0x0000000008003754      0x164 Middlewares/Third_Party/FreeRTOS/org/Source/timers.o
 .text.prvSwitchTimerLists
                0x00000000080038b8       0xc0 Middlewares/Third_Party/FreeRTOS/org/Source/timers.o
 .text.prvCheckForValidListAndQueue
                0x0000000008003978       0x80 Middlewares/Third_Party/FreeRTOS/org/Source/timers.o
 .text.pxPortInitialiseStack
                0x00000000080039f8       0x58 Middlewares/Third_Party/FreeRTOS/org/Source/portable/GCC/ARM_CM3/port.o
                0x00000000080039f8                pxPortInitialiseStack
 .text.prvTaskExitError
                0x0000000008003a50       0x54 Middlewares/Third_Party/FreeRTOS/org/Source/portable/GCC/ARM_CM3/port.o
 *fill*         0x0000000008003aa4        0xc 
 .text.SVC_Handler
                0x0000000008003ab0       0x28 Middlewares/Third_Party/FreeRTOS/org/Source/portable/GCC/ARM_CM3/port.o
                0x0000000008003ab0                SVC_Handler
 .text.prvPortStartFirstTask
                0x0000000008003ad8       0x20 Middlewares/Third_Party/FreeRTOS/org/Source/portable/GCC/ARM_CM3/port.o
 .text.xPortStartScheduler
                0x0000000008003af8       0xe0 Middlewares/Third_Party/FreeRTOS/org/Source/portable/GCC/ARM_CM3/port.o
                0x0000000008003af8                xPortStartScheduler
 .text.vPortEnterCritical
                0x0000000008003bd8       0x5c Middlewares/Third_Party/FreeRTOS/org/Source/portable/GCC/ARM_CM3/port.o
                0x0000000008003bd8                vPortEnterCritical
 .text.vPortExitCritical
                0x0000000008003c34       0x50 Middlewares/Third_Party/FreeRTOS/org/Source/portable/GCC/ARM_CM3/port.o
                0x0000000008003c34                vPortExitCritical
 *fill*         0x0000000008003c84        0xc 
 .text.PendSV_Handler
                0x0000000008003c90       0x48 Middlewares/Third_Party/FreeRTOS/org/Source/portable/GCC/ARM_CM3/port.o
                0x0000000008003c90                PendSV_Handler
 .text.SysTick_Handler
                0x0000000008003cd8       0x54 Middlewares/Third_Party/FreeRTOS/org/Source/portable/GCC/ARM_CM3/port.o
                0x0000000008003cd8                SysTick_Handler
 .text.vPortSetupTimerInterrupt
                0x0000000008003d2c       0x44 Middlewares/Third_Party/FreeRTOS/org/Source/portable/GCC/ARM_CM3/port.o
                0x0000000008003d2c                vPortSetupTimerInterrupt
 .text.vPortValidateInterruptPriority
                0x0000000008003d70       0x78 Middlewares/Third_Party/FreeRTOS/org/Source/portable/GCC/ARM_CM3/port.o
                0x0000000008003d70                vPortValidateInterruptPriority
 .text.pvPortMalloc
                0x0000000008003de8      0x184 Middlewares/Third_Party/FreeRTOS/org/Source/portable/MemMang/heap_4.o
                0x0000000008003de8                pvPortMalloc
 .text.vPortFree
                0x0000000008003f6c       0xb0 Middlewares/Third_Party/FreeRTOS/org/Source/portable/MemMang/heap_4.o
                0x0000000008003f6c                vPortFree
 .text.prvHeapInit
                0x000000000800401c       0xc4 Middlewares/Third_Party/FreeRTOS/org/Source/portable/MemMang/heap_4.o
 .text.prvInsertBlockIntoFreeList
                0x00000000080040e0       0xb0 Middlewares/Third_Party/FreeRTOS/org/Source/portable/MemMang/heap_4.o
 .text._cbSendSystemDesc
                0x0000000008004190       0x1c Middlewares/Third_Party/SEGGER/Config/SEGGER_SYSVIEW_Config_FreeRTOS.o
 .text.SEGGER_SYSVIEW_Conf
                0x00000000080041ac       0x2c Middlewares/Third_Party/SEGGER/Config/SEGGER_SYSVIEW_Config_FreeRTOS.o
                0x00000000080041ac                SEGGER_SYSVIEW_Conf
 .text._cbSendTaskList
                0x00000000080041d8       0xbc Middlewares/Third_Party/SEGGER/OS/SEGGER_SYSVIEW_FreeRTOS.o
 .text._cbGetTime
                0x0000000008004294       0x78 Middlewares/Third_Party/SEGGER/OS/SEGGER_SYSVIEW_FreeRTOS.o
 .text.SYSVIEW_AddTask
                0x000000000800430c       0xd0 Middlewares/Third_Party/SEGGER/OS/SEGGER_SYSVIEW_FreeRTOS.o
                0x000000000800430c                SYSVIEW_AddTask
 .text.SYSVIEW_SendTaskInfo
                0x00000000080043dc       0x42 Middlewares/Third_Party/SEGGER/OS/SEGGER_SYSVIEW_FreeRTOS.o
                0x00000000080043dc                SYSVIEW_SendTaskInfo
 *fill*         0x000000000800441e        0x2 
 .text._DoInit  0x0000000008004420       0xa4 Middlewares/Third_Party/SEGGER/SEGGER/SEGGER_RTT.o
 .text.SEGGER_RTT_ReadNoLock
                0x00000000080044c4      0x104 Middlewares/Third_Party/SEGGER/SEGGER/SEGGER_RTT.o
                0x00000000080044c4                SEGGER_RTT_ReadNoLock
 .text.SEGGER_RTT_WriteSkipNoLock
                0x00000000080045c8      0x120 Middlewares/Third_Party/SEGGER/SEGGER/SEGGER_RTT.o
                0x00000000080045c8                SEGGER_RTT_WriteSkipNoLock
 .text.SEGGER_RTT_ConfigUpBuffer
                0x00000000080046e8       0xd4 Middlewares/Third_Party/SEGGER/SEGGER/SEGGER_RTT.o
                0x00000000080046e8                SEGGER_RTT_ConfigUpBuffer
 .text.SEGGER_RTT_ConfigDownBuffer
                0x00000000080047bc       0xd4 Middlewares/Third_Party/SEGGER/SEGGER/SEGGER_RTT.o
                0x00000000080047bc                SEGGER_RTT_ConfigDownBuffer
 .text._EncodeStr
                0x0000000008004890       0x98 Middlewares/Third_Party/SEGGER/SEGGER/SEGGER_SYSVIEW.o
 .text._PreparePacket
                0x0000000008004928       0x16 Middlewares/Third_Party/SEGGER/SEGGER/SEGGER_SYSVIEW.o
 *fill*         0x000000000800493e        0x2 
 .text._HandleIncomingPacket
                0x0000000008004940       0xc8 Middlewares/Third_Party/SEGGER/SEGGER/SEGGER_SYSVIEW.o
 .text._TrySendOverflowPacket
                0x0000000008004a08       0xe0 Middlewares/Third_Party/SEGGER/SEGGER/SEGGER_SYSVIEW.o
 .text._SendPacket
                0x0000000008004ae8      0x1a8 Middlewares/Third_Party/SEGGER/SEGGER/SEGGER_SYSVIEW.o
 .text.SEGGER_SYSVIEW_Init
                0x0000000008004c90       0x7c Middlewares/Third_Party/SEGGER/SEGGER/SEGGER_SYSVIEW.o
                0x0000000008004c90                SEGGER_SYSVIEW_Init
 .text.SEGGER_SYSVIEW_SetRAMBase
                0x0000000008004d0c       0x1c Middlewares/Third_Party/SEGGER/SEGGER/SEGGER_SYSVIEW.o
                0x0000000008004d0c                SEGGER_SYSVIEW_SetRAMBase
 .text.SEGGER_SYSVIEW_RecordVoid
                0x0000000008004d28       0x3c Middlewares/Third_Party/SEGGER/SEGGER/SEGGER_SYSVIEW.o
                0x0000000008004d28                SEGGER_SYSVIEW_RecordVoid
 .text.SEGGER_SYSVIEW_RecordU32
                0x0000000008004d64       0x78 Middlewares/Third_Party/SEGGER/SEGGER/SEGGER_SYSVIEW.o
                0x0000000008004d64                SEGGER_SYSVIEW_RecordU32
 .text.SEGGER_SYSVIEW_RecordU32x2
                0x0000000008004ddc       0xb4 Middlewares/Third_Party/SEGGER/SEGGER/SEGGER_SYSVIEW.o
                0x0000000008004ddc                SEGGER_SYSVIEW_RecordU32x2
 .text.SEGGER_SYSVIEW_RecordU32x3
                0x0000000008004e90       0xec Middlewares/Third_Party/SEGGER/SEGGER/SEGGER_SYSVIEW.o
                0x0000000008004e90                SEGGER_SYSVIEW_RecordU32x3
 .text.SEGGER_SYSVIEW_RecordU32x4
                0x0000000008004f7c      0x124 Middlewares/Third_Party/SEGGER/SEGGER/SEGGER_SYSVIEW.o
                0x0000000008004f7c                SEGGER_SYSVIEW_RecordU32x4
 .text.SEGGER_SYSVIEW_Start
                0x00000000080050a0      0x178 Middlewares/Third_Party/SEGGER/SEGGER/SEGGER_SYSVIEW.o
                0x00000000080050a0                SEGGER_SYSVIEW_Start
 .text.SEGGER_SYSVIEW_Stop
                0x0000000008005218       0x4c Middlewares/Third_Party/SEGGER/SEGGER/SEGGER_SYSVIEW.o
                0x0000000008005218                SEGGER_SYSVIEW_Stop
 .text.SEGGER_SYSVIEW_GetSysDesc
                0x0000000008005264      0x134 Middlewares/Third_Party/SEGGER/SEGGER/SEGGER_SYSVIEW.o
                0x0000000008005264                SEGGER_SYSVIEW_GetSysDesc
 .text.SEGGER_SYSVIEW_SendTaskInfo
                0x0000000008005398      0x1cc Middlewares/Third_Party/SEGGER/SEGGER/SEGGER_SYSVIEW.o
                0x0000000008005398                SEGGER_SYSVIEW_SendTaskInfo
 .text.SEGGER_SYSVIEW_SendTaskList
                0x0000000008005564       0x28 Middlewares/Third_Party/SEGGER/SEGGER/SEGGER_SYSVIEW.o
                0x0000000008005564                SEGGER_SYSVIEW_SendTaskList
 .text.SEGGER_SYSVIEW_SendSysDesc
                0x000000000800558c       0x48 Middlewares/Third_Party/SEGGER/SEGGER/SEGGER_SYSVIEW.o
                0x000000000800558c                SEGGER_SYSVIEW_SendSysDesc
 .text.SEGGER_SYSVIEW_RecordSystime
                0x00000000080055d4       0x64 Middlewares/Third_Party/SEGGER/SEGGER/SEGGER_SYSVIEW.o
                0x00000000080055d4                SEGGER_SYSVIEW_RecordSystime
 .text.SEGGER_SYSVIEW_RecordEnterISR
                0x0000000008005638       0x84 Middlewares/Third_Party/SEGGER/SEGGER/SEGGER_SYSVIEW.o
                0x0000000008005638                SEGGER_SYSVIEW_RecordEnterISR
 .text.SEGGER_SYSVIEW_RecordExitISR
                0x00000000080056bc       0x38 Middlewares/Third_Party/SEGGER/SEGGER/SEGGER_SYSVIEW.o
                0x00000000080056bc                SEGGER_SYSVIEW_RecordExitISR
 .text.SEGGER_SYSVIEW_RecordExitISRToScheduler
                0x00000000080056f4       0x38 Middlewares/Third_Party/SEGGER/SEGGER/SEGGER_SYSVIEW.o
                0x00000000080056f4                SEGGER_SYSVIEW_RecordExitISRToScheduler
 .text.SEGGER_SYSVIEW_OnIdle
                0x000000000800572c       0x38 Middlewares/Third_Party/SEGGER/SEGGER/SEGGER_SYSVIEW.o
                0x000000000800572c                SEGGER_SYSVIEW_OnIdle
 .text.SEGGER_SYSVIEW_OnTaskCreate
                0x0000000008005764       0x88 Middlewares/Third_Party/SEGGER/SEGGER/SEGGER_SYSVIEW.o
                0x0000000008005764                SEGGER_SYSVIEW_OnTaskCreate
 .text.SEGGER_SYSVIEW_OnTaskStartExec
                0x00000000080057ec       0x88 Middlewares/Third_Party/SEGGER/SEGGER/SEGGER_SYSVIEW.o
                0x00000000080057ec                SEGGER_SYSVIEW_OnTaskStartExec
 .text.SEGGER_SYSVIEW_OnTaskStartReady
                0x0000000008005874       0x88 Middlewares/Third_Party/SEGGER/SEGGER/SEGGER_SYSVIEW.o
                0x0000000008005874                SEGGER_SYSVIEW_OnTaskStartReady
 .text.SEGGER_SYSVIEW_OnTaskStopReady
                0x00000000080058fc       0xc0 Middlewares/Third_Party/SEGGER/SEGGER/SEGGER_SYSVIEW.o
                0x00000000080058fc                SEGGER_SYSVIEW_OnTaskStopReady
 .text.SEGGER_SYSVIEW_ShrinkId
                0x00000000080059bc       0x20 Middlewares/Third_Party/SEGGER/SEGGER/SEGGER_SYSVIEW.o
                0x00000000080059bc                SEGGER_SYSVIEW_ShrinkId
 .text.SEGGER_SYSVIEW_SendModule
                0x00000000080059dc      0x100 Middlewares/Third_Party/SEGGER/SEGGER/SEGGER_SYSVIEW.o
                0x00000000080059dc                SEGGER_SYSVIEW_SendModule
 .text.SEGGER_SYSVIEW_SendModuleDescription
                0x0000000008005adc       0x3c Middlewares/Third_Party/SEGGER/SEGGER/SEGGER_SYSVIEW.o
                0x0000000008005adc                SEGGER_SYSVIEW_SendModuleDescription
 .text.SEGGER_SYSVIEW_SendNumModules
                0x0000000008005b18       0x7c Middlewares/Third_Party/SEGGER/SEGGER/SEGGER_SYSVIEW.o
                0x0000000008005b18                SEGGER_SYSVIEW_SendNumModules
 .text.SEGGER_SYSVIEW_Warn
                0x0000000008005b94       0xb8 Middlewares/Third_Party/SEGGER/SEGGER/SEGGER_SYSVIEW.o
                0x0000000008005b94                SEGGER_SYSVIEW_Warn
 .text.__libc_init_array
                0x0000000008005c4c       0x48 c:/st/stm32cubeide_1.6.1/stm32cubeide/plugins/com.st.stm32cube.ide.mcu.externaltools.gnu-tools-for-stm32.9-2020-q2-update.win32_1.5.0.202011040924/tools/bin/../lib/gcc/arm-none-eabi/9.3.1/../../../../arm-none-eabi/lib/thumb/v7-m/nofp\libc_nano.a(lib_a-init.o)
                0x0000000008005c4c                __libc_init_array
 .text.memcmp   0x0000000008005c94       0x1c c:/st/stm32cubeide_1.6.1/stm32cubeide/plugins/com.st.stm32cube.ide.mcu.externaltools.gnu-tools-for-stm32.9-2020-q2-update.win32_1.5.0.202011040924/tools/bin/../lib/gcc/arm-none-eabi/9.3.1/../../../../arm-none-eabi/lib/thumb/v7-m/nofp\libc_nano.a(lib_a-memcmp.o)
                0x0000000008005c94                memcmp
 .text.memcpy   0x0000000008005cb0       0x1c c:/st/stm32cubeide_1.6.1/stm32cubeide/plugins/com.st.stm32cube.ide.mcu.externaltools.gnu-tools-for-stm32.9-2020-q2-update.win32_1.5.0.202011040924/tools/bin/../lib/gcc/arm-none-eabi/9.3.1/../../../../arm-none-eabi/lib/thumb/v7-m/nofp\libc_nano.a(lib_a-memcpy-stub.o)
                0x0000000008005cb0                memcpy
 .text.memset   0x0000000008005ccc       0x10 c:/st/stm32cubeide_1.6.1/stm32cubeide/plugins/com.st.stm32cube.ide.mcu.externaltools.gnu-tools-for-stm32.9-2020-q2-update.win32_1.5.0.202011040924/tools/bin/../lib/gcc/arm-none-eabi/9.3.1/../../../../arm-none-eabi/lib/thumb/v7-m/nofp\libc_nano.a(lib_a-memset.o)
                0x0000000008005ccc                memset
 *(.glue_7)
 .glue_7        0x0000000008005cdc        0x0 linker stubs
 *(.glue_7t)
 .glue_7t       0x0000000008005cdc        0x0 linker stubs
 *(.eh_frame)
 .eh_frame      0x0000000008005cdc        0x0 c:/st/stm32cubeide_1.6.1/stm32cubeide/plugins/com.st.stm32cube.ide.mcu.externaltools.gnu-tools-for-stm32.9-2020-q2-update.win32_1.5.0.202011040924/tools/bin/../lib/gcc/arm-none-eabi/9.3.1/thumb/v7-m/nofp/crtbegin.o
 *(.init)
 .init          0x0000000008005cdc        0x4 c:/st/stm32cubeide_1.6.1/stm32cubeide/plugins/com.st.stm32cube.ide.mcu.externaltools.gnu-tools-for-stm32.9-2020-q2-update.win32_1.5.0.202011040924/tools/bin/../lib/gcc/arm-none-eabi/9.3.1/thumb/v7-m/nofp/crti.o
                0x0000000008005cdc                _init
 .init          0x0000000008005ce0        0x8 c:/st/stm32cubeide_1.6.1/stm32cubeide/plugins/com.st.stm32cube.ide.mcu.externaltools.gnu-tools-for-stm32.9-2020-q2-update.win32_1.5.0.202011040924/tools/bin/../lib/gcc/arm-none-eabi/9.3.1/thumb/v7-m/nofp/crtn.o
 *(.fini)
 .fini          0x0000000008005ce8        0x4 c:/st/stm32cubeide_1.6.1/stm32cubeide/plugins/com.st.stm32cube.ide.mcu.externaltools.gnu-tools-for-stm32.9-2020-q2-update.win32_1.5.0.202011040924/tools/bin/../lib/gcc/arm-none-eabi/9.3.1/thumb/v7-m/nofp/crti.o
                0x0000000008005ce8                _fini
 .fini          0x0000000008005cec        0x8 c:/st/stm32cubeide_1.6.1/stm32cubeide/plugins/com.st.stm32cube.ide.mcu.externaltools.gnu-tools-for-stm32.9-2020-q2-update.win32_1.5.0.202011040924/tools/bin/../lib/gcc/arm-none-eabi/9.3.1/thumb/v7-m/nofp/crtn.o
                0x0000000008005cf4                . = ALIGN (0x4)
                0x0000000008005cf4                _etext = .

.vfp11_veneer   0x0000000008005cf4        0x0
 .vfp11_veneer  0x0000000008005cf4        0x0 linker stubs

.v4_bx          0x0000000008005cf4        0x0
 .v4_bx         0x0000000008005cf4        0x0 linker stubs

.iplt           0x0000000008005cf4        0x0
 .iplt          0x0000000008005cf4        0x0 c:/st/stm32cubeide_1.6.1/stm32cubeide/plugins/com.st.stm32cube.ide.mcu.externaltools.gnu-tools-for-stm32.9-2020-q2-update.win32_1.5.0.202011040924/tools/bin/../lib/gcc/arm-none-eabi/9.3.1/thumb/v7-m/nofp/crtbegin.o

.rodata         0x0000000008005cf4      0x120
                0x0000000008005cf4                . = ALIGN (0x4)
 *(.rodata)
 .rodata        0x0000000008005cf4        0x7 Core/Src/freertos.o
 *fill*         0x0000000008005cfb        0x1 
 .rodata        0x0000000008005cfc       0x10 Drivers/STM32F1xx_HAL_Driver/Src/stm32f1xx_hal_rcc.o
 .rodata        0x0000000008005d0c        0x5 Middlewares/Third_Party/FreeRTOS/org/Source/tasks.o
 *fill*         0x0000000008005d11        0x3 
 .rodata        0x0000000008005d14        0xd Middlewares/Third_Party/FreeRTOS/org/Source/timers.o
 *fill*         0x0000000008005d21        0x3 
 .rodata        0x0000000008005d24       0x49 Middlewares/Third_Party/SEGGER/Config/SEGGER_SYSVIEW_Config_FreeRTOS.o
 *fill*         0x0000000008005d6d        0x3 
 .rodata        0x0000000008005d70       0x58 Middlewares/Third_Party/SEGGER/OS/SEGGER_SYSVIEW_FreeRTOS.o
 .rodata        0x0000000008005dc8       0x17 Middlewares/Third_Party/SEGGER/SEGGER/SEGGER_RTT.o
 *fill*         0x0000000008005ddf        0x1 
 .rodata        0x0000000008005de0        0x8 Middlewares/Third_Party/SEGGER/SEGGER/SEGGER_SYSVIEW.o
 *(.rodata*)
 .rodata.AHBPrescTable
                0x0000000008005de8       0x10 Core/Src/system_stm32f1xx.o
                0x0000000008005de8                AHBPrescTable
 .rodata.APBPrescTable
                0x0000000008005df8        0x8 Core/Src/system_stm32f1xx.o
                0x0000000008005df8                APBPrescTable
 .rodata.SYSVIEW_X_OS_TraceAPI
                0x0000000008005e00        0x8 Middlewares/Third_Party/SEGGER/OS/SEGGER_SYSVIEW_FreeRTOS.o
                0x0000000008005e00                SYSVIEW_X_OS_TraceAPI
 .rodata._abSync
                0x0000000008005e08        0xa Middlewares/Third_Party/SEGGER/SEGGER/SEGGER_SYSVIEW.o
                0x0000000008005e14                . = ALIGN (0x4)
 *fill*         0x0000000008005e12        0x2 

.rel.dyn        0x0000000008005e14        0x0
 .rel.iplt      0x0000000008005e14        0x0 c:/st/stm32cubeide_1.6.1/stm32cubeide/plugins/com.st.stm32cube.ide.mcu.externaltools.gnu-tools-for-stm32.9-2020-q2-update.win32_1.5.0.202011040924/tools/bin/../lib/gcc/arm-none-eabi/9.3.1/thumb/v7-m/nofp/crtbegin.o

.ARM.extab      0x0000000008005e14        0x0
                0x0000000008005e14                . = ALIGN (0x4)
 *(.ARM.extab* .gnu.linkonce.armextab.*)
                0x0000000008005e14                . = ALIGN (0x4)

.ARM            0x0000000008005e14        0x0
                0x0000000008005e14                . = ALIGN (0x4)
                0x0000000008005e14                __exidx_start = .
 *(.ARM.exidx*)
                0x0000000008005e14                __exidx_end = .
                0x0000000008005e14                . = ALIGN (0x4)

.preinit_array  0x0000000008005e14        0x0
                0x0000000008005e14                . = ALIGN (0x4)
                0x0000000008005e14                PROVIDE (__preinit_array_start = .)
 *(.preinit_array*)
                0x0000000008005e14                PROVIDE (__preinit_array_end = .)
                0x0000000008005e14                . = ALIGN (0x4)

.init_array     0x0000000008005e14        0x4
                0x0000000008005e14                . = ALIGN (0x4)
                0x0000000008005e14                PROVIDE (__init_array_start = .)
 *(SORT_BY_NAME(.init_array.*))
 *(.init_array*)
 .init_array    0x0000000008005e14        0x4 c:/st/stm32cubeide_1.6.1/stm32cubeide/plugins/com.st.stm32cube.ide.mcu.externaltools.gnu-tools-for-stm32.9-2020-q2-update.win32_1.5.0.202011040924/tools/bin/../lib/gcc/arm-none-eabi/9.3.1/thumb/v7-m/nofp/crtbegin.o
                0x0000000008005e18                PROVIDE (__init_array_end = .)
                0x0000000008005e18                . = ALIGN (0x4)

.fini_array     0x0000000008005e18        0x4
                0x0000000008005e18                . = ALIGN (0x4)
                [!provide]                        PROVIDE (__fini_array_start = .)
 *(SORT_BY_NAME(.fini_array.*))
 *(.fini_array*)
 .fini_array    0x0000000008005e18        0x4 c:/st/stm32cubeide_1.6.1/stm32cubeide/plugins/com.st.stm32cube.ide.mcu.externaltools.gnu-tools-for-stm32.9-2020-q2-update.win32_1.5.0.202011040924/tools/bin/../lib/gcc/arm-none-eabi/9.3.1/thumb/v7-m/nofp/crtbegin.o
                [!provide]                        PROVIDE (__fini_array_end = .)
                0x0000000008005e1c                . = ALIGN (0x4)
                0x0000000008005e1c                _sidata = LOADADDR (.data)

.data           0x0000000020000000       0x10 load address 0x0000000008005e1c
                0x0000000020000000                . = ALIGN (0x4)
                0x0000000020000000                _sdata = .
 *(.data)
 *(.data*)
 .data.SystemCoreClock
                0x0000000020000000        0x4 Core/Src/system_stm32f1xx.o
                0x0000000020000000                SystemCoreClock
 .data.uwTickPrio
                0x0000000020000004        0x4 Drivers/STM32F1xx_HAL_Driver/Src/stm32f1xx_hal.o
                0x0000000020000004                uwTickPrio
 .data.uwTickFreq
                0x0000000020000008        0x1 Drivers/STM32F1xx_HAL_Driver/Src/stm32f1xx_hal.o
                0x0000000020000008                uwTickFreq
 *fill*         0x0000000020000009        0x3 
 .data.uxCriticalNesting
                0x000000002000000c        0x4 Middlewares/Third_Party/FreeRTOS/org/Source/portable/GCC/ARM_CM3/port.o
 *(.RamFunc)
 *(.RamFunc*)
                0x0000000020000010                . = ALIGN (0x4)
                0x0000000020000010                _edata = .

.igot.plt       0x0000000020000010        0x0 load address 0x0000000008005e2c
 .igot.plt      0x0000000020000010        0x0 c:/st/stm32cubeide_1.6.1/stm32cubeide/plugins/com.st.stm32cube.ide.mcu.externaltools.gnu-tools-for-stm32.9-2020-q2-update.win32_1.5.0.202011040924/tools/bin/../lib/gcc/arm-none-eabi/9.3.1/thumb/v7-m/nofp/crtbegin.o
                0x0000000020000010                . = ALIGN (0x4)

.bss            0x0000000020000010     0x382c load address 0x0000000008005e2c
                0x0000000020000010                _sbss = .
                0x0000000020000010                __bss_start__ = _sbss
 *(.bss)
 .bss           0x0000000020000010       0x1c c:/st/stm32cubeide_1.6.1/stm32cubeide/plugins/com.st.stm32cube.ide.mcu.externaltools.gnu-tools-for-stm32.9-2020-q2-update.win32_1.5.0.202011040924/tools/bin/../lib/gcc/arm-none-eabi/9.3.1/thumb/v7-m/nofp/crtbegin.o
 *(.bss*)
 .bss.KernelState
                0x000000002000002c        0x4 Middlewares/Third_Party/FreeRTOS/org/Source/CMSIS_RTOS_V2/cmsis_os2.o
 .bss.Idle_TCB  0x0000000020000030       0x5c Middlewares/Third_Party/FreeRTOS/org/Source/CMSIS_RTOS_V2/cmsis_os2.o
 .bss.Idle_Stack
                0x000000002000008c      0x200 Middlewares/Third_Party/FreeRTOS/org/Source/CMSIS_RTOS_V2/cmsis_os2.o
 .bss.Timer_TCB
                0x000000002000028c       0x5c Middlewares/Third_Party/FreeRTOS/org/Source/CMSIS_RTOS_V2/cmsis_os2.o
 .bss.Timer_Stack
                0x00000000200002e8      0x400 Middlewares/Third_Party/FreeRTOS/org/Source/CMSIS_RTOS_V2/cmsis_os2.o
 .bss.pxCurrentTCB
                0x00000000200006e8        0x4 Middlewares/Third_Party/FreeRTOS/org/Source/tasks.o
                0x00000000200006e8                pxCurrentTCB
 .bss.pxReadyTasksLists
                0x00000000200006ec      0x460 Middlewares/Third_Party/FreeRTOS/org/Source/tasks.o
 .bss.xDelayedTaskList1
                0x0000000020000b4c       0x14 Middlewares/Third_Party/FreeRTOS/org/Source/tasks.o
 .bss.xDelayedTaskList2
                0x0000000020000b60       0x14 Middlewares/Third_Party/FreeRTOS/org/Source/tasks.o
 .bss.pxDelayedTaskList
                0x0000000020000b74        0x4 Middlewares/Third_Party/FreeRTOS/org/Source/tasks.o
 .bss.pxOverflowDelayedTaskList
                0x0000000020000b78        0x4 Middlewares/Third_Party/FreeRTOS/org/Source/tasks.o
 .bss.xPendingReadyList
                0x0000000020000b7c       0x14 Middlewares/Third_Party/FreeRTOS/org/Source/tasks.o
 .bss.xTasksWaitingTermination
                0x0000000020000b90       0x14 Middlewares/Third_Party/FreeRTOS/org/Source/tasks.o
 .bss.uxDeletedTasksWaitingCleanUp
                0x0000000020000ba4        0x4 Middlewares/Third_Party/FreeRTOS/org/Source/tasks.o
 .bss.xSuspendedTaskList
                0x0000000020000ba8       0x14 Middlewares/Third_Party/FreeRTOS/org/Source/tasks.o
 .bss.uxCurrentNumberOfTasks
                0x0000000020000bbc        0x4 Middlewares/Third_Party/FreeRTOS/org/Source/tasks.o
 .bss.xTickCount
                0x0000000020000bc0        0x4 Middlewares/Third_Party/FreeRTOS/org/Source/tasks.o
 .bss.uxTopReadyPriority
                0x0000000020000bc4        0x4 Middlewares/Third_Party/FreeRTOS/org/Source/tasks.o
 .bss.xSchedulerRunning
                0x0000000020000bc8        0x4 Middlewares/Third_Party/FreeRTOS/org/Source/tasks.o
 .bss.uxPendedTicks
                0x0000000020000bcc        0x4 Middlewares/Third_Party/FreeRTOS/org/Source/tasks.o
 .bss.xYieldPending
                0x0000000020000bd0        0x4 Middlewares/Third_Party/FreeRTOS/org/Source/tasks.o
 .bss.xNumOfOverflows
                0x0000000020000bd4        0x4 Middlewares/Third_Party/FreeRTOS/org/Source/tasks.o
 .bss.uxTaskNumber
                0x0000000020000bd8        0x4 Middlewares/Third_Party/FreeRTOS/org/Source/tasks.o
 .bss.xNextTaskUnblockTime
                0x0000000020000bdc        0x4 Middlewares/Third_Party/FreeRTOS/org/Source/tasks.o
 .bss.xIdleTaskHandle
                0x0000000020000be0        0x4 Middlewares/Third_Party/FreeRTOS/org/Source/tasks.o
 .bss.uxSchedulerSuspended
                0x0000000020000be4        0x4 Middlewares/Third_Party/FreeRTOS/org/Source/tasks.o
 .bss.xActiveTimerList1
                0x0000000020000be8       0x14 Middlewares/Third_Party/FreeRTOS/org/Source/timers.o
 .bss.xActiveTimerList2
                0x0000000020000bfc       0x14 Middlewares/Third_Party/FreeRTOS/org/Source/timers.o
 .bss.pxCurrentTimerList
                0x0000000020000c10        0x4 Middlewares/Third_Party/FreeRTOS/org/Source/timers.o
 .bss.pxOverflowTimerList
                0x0000000020000c14        0x4 Middlewares/Third_Party/FreeRTOS/org/Source/timers.o
 .bss.xTimerQueue
                0x0000000020000c18        0x4 Middlewares/Third_Party/FreeRTOS/org/Source/timers.o
 .bss.xTimerTaskHandle
                0x0000000020000c1c        0x4 Middlewares/Third_Party/FreeRTOS/org/Source/timers.o
 .bss.xLastTime.5872
                0x0000000020000c20        0x4 Middlewares/Third_Party/FreeRTOS/org/Source/timers.o
 .bss.ucStaticTimerQueueStorage.5919
                0x0000000020000c24       0xa0 Middlewares/Third_Party/FreeRTOS/org/Source/timers.o
 .bss.xStaticTimerQueue.5918
                0x0000000020000cc4       0x50 Middlewares/Third_Party/FreeRTOS/org/Source/timers.o
 .bss.ucMaxSysCallPriority
                0x0000000020000d14        0x1 Middlewares/Third_Party/FreeRTOS/org/Source/portable/GCC/ARM_CM3/port.o
 *fill*         0x0000000020000d15        0x3 
 .bss.ulMaxPRIGROUPValue
                0x0000000020000d18        0x4 Middlewares/Third_Party/FreeRTOS/org/Source/portable/GCC/ARM_CM3/port.o
 .bss.ucHeap    0x0000000020000d1c      0xc00 Middlewares/Third_Party/FreeRTOS/org/Source/portable/MemMang/heap_4.o
 .bss.xStart    0x000000002000191c        0x8 Middlewares/Third_Party/FreeRTOS/org/Source/portable/MemMang/heap_4.o
 .bss.pxEnd     0x0000000020001924        0x4 Middlewares/Third_Party/FreeRTOS/org/Source/portable/MemMang/heap_4.o
 .bss.xFreeBytesRemaining
                0x0000000020001928        0x4 Middlewares/Third_Party/FreeRTOS/org/Source/portable/MemMang/heap_4.o
 .bss.xMinimumEverFreeBytesRemaining
                0x000000002000192c        0x4 Middlewares/Third_Party/FreeRTOS/org/Source/portable/MemMang/heap_4.o
 .bss.xBlockAllocatedBit
                0x0000000020001930        0x4 Middlewares/Third_Party/FreeRTOS/org/Source/portable/MemMang/heap_4.o
 .bss._aTasks   0x0000000020001934       0xa0 Middlewares/Third_Party/SEGGER/OS/SEGGER_SYSVIEW_FreeRTOS.o
 .bss._NumTasks
                0x00000000200019d4        0x4 Middlewares/Third_Party/SEGGER/OS/SEGGER_SYSVIEW_FreeRTOS.o
 .bss._acUpBuffer
                0x00000000200019d8      0x400 Middlewares/Third_Party/SEGGER/SEGGER/SEGGER_RTT.o
 .bss._acDownBuffer
                0x0000000020001dd8       0x10 Middlewares/Third_Party/SEGGER/SEGGER/SEGGER_RTT.o
 .bss._UpBuffer
                0x0000000020001de8     0x1800 Middlewares/Third_Party/SEGGER/SEGGER/SEGGER_SYSVIEW.o
 .bss._DownBuffer
                0x00000000200035e8        0x8 Middlewares/Third_Party/SEGGER/SEGGER/SEGGER_SYSVIEW.o
 .bss._SYSVIEW_Globals
                0x00000000200035f0       0x28 Middlewares/Third_Party/SEGGER/SEGGER/SEGGER_SYSVIEW.o
 .bss._pFirstModule
                0x0000000020003618        0x4 Middlewares/Third_Party/SEGGER/SEGGER/SEGGER_SYSVIEW.o
 .bss._NumModules
                0x000000002000361c        0x1 Middlewares/Third_Party/SEGGER/SEGGER/SEGGER_SYSVIEW.o
 *fill*         0x000000002000361d        0x3 
 .bss._aPacket  0x0000000020003620       0xe3 Middlewares/Third_Party/SEGGER/SEGGER/SEGGER_SYSVIEW.o
 *(COMMON)
 *fill*         0x0000000020003703        0x1 
 COMMON         0x0000000020003704        0x4 Core/Src/freertos.o
                0x0000000020003704                handlerTask_1
 COMMON         0x0000000020003708       0x48 Core/Src/stm32f1xx_hal_timebase_tim.o
                0x0000000020003708                htim3
 COMMON         0x0000000020003750        0x4 Drivers/STM32F1xx_HAL_Driver/Src/stm32f1xx_hal.o
                0x0000000020003750                uwTick
 COMMON         0x0000000020003754       0x40 Middlewares/Third_Party/FreeRTOS/org/Source/queue.o
                0x0000000020003754                xQueueRegistry
 COMMON         0x0000000020003794       0xa8 Middlewares/Third_Party/SEGGER/SEGGER/SEGGER_RTT.o
                0x0000000020003794                _SEGGER_RTT
                0x000000002000383c                . = ALIGN (0x4)
                0x000000002000383c                _ebss = .
                0x000000002000383c                __bss_end__ = _ebss

._user_heap_stack
                0x000000002000383c      0x604 load address 0x0000000008005e2c
                0x0000000020003840                . = ALIGN (0x8)
 *fill*         0x000000002000383c        0x4 
                [!provide]                        PROVIDE (end = .)
                0x0000000020003840                PROVIDE (_end = .)
                0x0000000020003a40                . = (. + _Min_Heap_Size)
 *fill*         0x0000000020003840      0x200 
                0x0000000020003e40                . = (. + _Min_Stack_Size)
 *fill*         0x0000000020003a40      0x400 
                0x0000000020003e40                . = ALIGN (0x8)

/DISCARD/
 libc.a(*)
 libm.a(*)
 libgcc.a(*)

.ARM.attributes
                0x0000000000000000       0x29
 *(.ARM.attributes)
 .ARM.attributes
                0x0000000000000000       0x1d c:/st/stm32cubeide_1.6.1/stm32cubeide/plugins/com.st.stm32cube.ide.mcu.externaltools.gnu-tools-for-stm32.9-2020-q2-update.win32_1.5.0.202011040924/tools/bin/../lib/gcc/arm-none-eabi/9.3.1/thumb/v7-m/nofp/crti.o
 .ARM.attributes
                0x000000000000001d       0x2d c:/st/stm32cubeide_1.6.1/stm32cubeide/plugins/com.st.stm32cube.ide.mcu.externaltools.gnu-tools-for-stm32.9-2020-q2-update.win32_1.5.0.202011040924/tools/bin/../lib/gcc/arm-none-eabi/9.3.1/thumb/v7-m/nofp/crtbegin.o
 .ARM.attributes
                0x000000000000004a       0x2d Core/Src/freertos.o
 .ARM.attributes
                0x0000000000000077       0x2d Core/Src/gpio.o
 .ARM.attributes
                0x00000000000000a4       0x2d Core/Src/main.o
 .ARM.attributes
                0x00000000000000d1       0x2d Core/Src/stm32f1xx_hal_msp.o
 .ARM.attributes
                0x00000000000000fe       0x2d Core/Src/stm32f1xx_hal_timebase_tim.o
 .ARM.attributes
                0x000000000000012b       0x2d Core/Src/stm32f1xx_it.o
 .ARM.attributes
                0x0000000000000158       0x2d Core/Src/system_stm32f1xx.o
 .ARM.attributes
                0x0000000000000185       0x21 Core/Startup/startup_stm32f103c8tx.o
 .ARM.attributes
                0x00000000000001a6       0x2d Drivers/STM32F1xx_HAL_Driver/Src/stm32f1xx_hal.o
 .ARM.attributes
                0x00000000000001d3       0x2d Drivers/STM32F1xx_HAL_Driver/Src/stm32f1xx_hal_cortex.o
 .ARM.attributes
                0x0000000000000200       0x2d Drivers/STM32F1xx_HAL_Driver/Src/stm32f1xx_hal_gpio.o
 .ARM.attributes
                0x000000000000022d       0x2d Drivers/STM32F1xx_HAL_Driver/Src/stm32f1xx_hal_rcc.o
 .ARM.attributes
                0x000000000000025a       0x2d Drivers/STM32F1xx_HAL_Driver/Src/stm32f1xx_hal_tim.o
 .ARM.attributes
                0x0000000000000287       0x2d Drivers/STM32F1xx_HAL_Driver/Src/stm32f1xx_hal_tim_ex.o
 .ARM.attributes
                0x00000000000002b4       0x2d Middlewares/Third_Party/FreeRTOS/org/Source/CMSIS_RTOS_V2/cmsis_os2.o
 .ARM.attributes
                0x00000000000002e1       0x2d Middlewares/Third_Party/FreeRTOS/org/Source/list.o
 .ARM.attributes
                0x000000000000030e       0x2d Middlewares/Third_Party/FreeRTOS/org/Source/queue.o
 .ARM.attributes
                0x000000000000033b       0x2d Middlewares/Third_Party/FreeRTOS/org/Source/tasks.o
 .ARM.attributes
                0x0000000000000368       0x2d Middlewares/Third_Party/FreeRTOS/org/Source/timers.o
 .ARM.attributes
                0x0000000000000395       0x2d Middlewares/Third_Party/FreeRTOS/org/Source/portable/GCC/ARM_CM3/port.o
 .ARM.attributes
                0x00000000000003c2       0x2d Middlewares/Third_Party/FreeRTOS/org/Source/portable/MemMang/heap_4.o
 .ARM.attributes
                0x00000000000003ef       0x2d Middlewares/Third_Party/SEGGER/Config/SEGGER_SYSVIEW_Config_FreeRTOS.o
 .ARM.attributes
                0x000000000000041c       0x2d Middlewares/Third_Party/SEGGER/OS/SEGGER_SYSVIEW_FreeRTOS.o
 .ARM.attributes
                0x0000000000000449       0x2d Middlewares/Third_Party/SEGGER/SEGGER/SEGGER_RTT.o
 .ARM.attributes
                0x0000000000000476       0x2d Middlewares/Third_Party/SEGGER/SEGGER/SEGGER_SYSVIEW.o
 .ARM.attributes
                0x00000000000004a3       0x2d c:/st/stm32cubeide_1.6.1/stm32cubeide/plugins/com.st.stm32cube.ide.mcu.externaltools.gnu-tools-for-stm32.9-2020-q2-update.win32_1.5.0.202011040924/tools/bin/../lib/gcc/arm-none-eabi/9.3.1/../../../../arm-none-eabi/lib/thumb/v7-m/nofp\libc_nano.a(lib_a-init.o)
 .ARM.attributes
                0x00000000000004d0       0x2d c:/st/stm32cubeide_1.6.1/stm32cubeide/plugins/com.st.stm32cube.ide.mcu.externaltools.gnu-tools-for-stm32.9-2020-q2-update.win32_1.5.0.202011040924/tools/bin/../lib/gcc/arm-none-eabi/9.3.1/../../../../arm-none-eabi/lib/thumb/v7-m/nofp\libc_nano.a(lib_a-memcmp.o)
 .ARM.attributes
                0x00000000000004fd       0x2d c:/st/stm32cubeide_1.6.1/stm32cubeide/plugins/com.st.stm32cube.ide.mcu.externaltools.gnu-tools-for-stm32.9-2020-q2-update.win32_1.5.0.202011040924/tools/bin/../lib/gcc/arm-none-eabi/9.3.1/../../../../arm-none-eabi/lib/thumb/v7-m/nofp\libc_nano.a(lib_a-memcpy-stub.o)
 .ARM.attributes
                0x000000000000052a       0x2d c:/st/stm32cubeide_1.6.1/stm32cubeide/plugins/com.st.stm32cube.ide.mcu.externaltools.gnu-tools-for-stm32.9-2020-q2-update.win32_1.5.0.202011040924/tools/bin/../lib/gcc/arm-none-eabi/9.3.1/../../../../arm-none-eabi/lib/thumb/v7-m/nofp\libc_nano.a(lib_a-memset.o)
 .ARM.attributes
                0x0000000000000557       0x1d c:/st/stm32cubeide_1.6.1/stm32cubeide/plugins/com.st.stm32cube.ide.mcu.externaltools.gnu-tools-for-stm32.9-2020-q2-update.win32_1.5.0.202011040924/tools/bin/../lib/gcc/arm-none-eabi/9.3.1/thumb/v7-m/nofp/crtn.o
OUTPUT(RTOS_02.elf elf32-littlearm)
LOAD linker stubs
LOAD c:/st/stm32cubeide_1.6.1/stm32cubeide/plugins/com.st.stm32cube.ide.mcu.externaltools.gnu-tools-for-stm32.9-2020-q2-update.win32_1.5.0.202011040924/tools/bin/../lib/gcc/arm-none-eabi/9.3.1/../../../../arm-none-eabi/lib/thumb/v7-m/nofp\libc.a
LOAD c:/st/stm32cubeide_1.6.1/stm32cubeide/plugins/com.st.stm32cube.ide.mcu.externaltools.gnu-tools-for-stm32.9-2020-q2-update.win32_1.5.0.202011040924/tools/bin/../lib/gcc/arm-none-eabi/9.3.1/../../../../arm-none-eabi/lib/thumb/v7-m/nofp\libm.a
LOAD c:/st/stm32cubeide_1.6.1/stm32cubeide/plugins/com.st.stm32cube.ide.mcu.externaltools.gnu-tools-for-stm32.9-2020-q2-update.win32_1.5.0.202011040924/tools/bin/../lib/gcc/arm-none-eabi/9.3.1/thumb/v7-m/nofp\libgcc.a

.debug_info     0x0000000000000000    0x1af6e
 .debug_info    0x0000000000000000      0x34f Core/Src/freertos.o
 .debug_info    0x000000000000034f      0x38a Core/Src/gpio.o
 .debug_info    0x00000000000006d9      0xa46 Core/Src/main.o
 .debug_info    0x000000000000111f      0x43c Core/Src/stm32f1xx_hal_msp.o
 .debug_info    0x000000000000155b      0xa12 Core/Src/stm32f1xx_hal_timebase_tim.o
 .debug_info    0x0000000000001f6d      0x777 Core/Src/stm32f1xx_it.o
 .debug_info    0x00000000000026e4      0x2b7 Core/Src/system_stm32f1xx.o
 .debug_info    0x000000000000299b       0x22 Core/Startup/startup_stm32f103c8tx.o
 .debug_info    0x00000000000029bd      0x763 Drivers/STM32F1xx_HAL_Driver/Src/stm32f1xx_hal.o
 .debug_info    0x0000000000003120      0xbd5 Drivers/STM32F1xx_HAL_Driver/Src/stm32f1xx_hal_cortex.o
 .debug_info    0x0000000000003cf5      0x6fa Drivers/STM32F1xx_HAL_Driver/Src/stm32f1xx_hal_gpio.o
 .debug_info    0x00000000000043ef      0x887 Drivers/STM32F1xx_HAL_Driver/Src/stm32f1xx_hal_rcc.o
 .debug_info    0x0000000000004c76     0x2a3c Drivers/STM32F1xx_HAL_Driver/Src/stm32f1xx_hal_tim.o
 .debug_info    0x00000000000076b2     0x148e Drivers/STM32F1xx_HAL_Driver/Src/stm32f1xx_hal_tim_ex.o
 .debug_info    0x0000000000008b40     0x3ccc Middlewares/Third_Party/FreeRTOS/org/Source/CMSIS_RTOS_V2/cmsis_os2.o
 .debug_info    0x000000000000c80c      0xb75 Middlewares/Third_Party/FreeRTOS/org/Source/list.o
 .debug_info    0x000000000000d381     0x22db Middlewares/Third_Party/FreeRTOS/org/Source/queue.o
 .debug_info    0x000000000000f65c     0x29a7 Middlewares/Third_Party/FreeRTOS/org/Source/tasks.o
 .debug_info    0x0000000000012003     0x1af4 Middlewares/Third_Party/FreeRTOS/org/Source/timers.o
 .debug_info    0x0000000000013af7      0x49a Middlewares/Third_Party/FreeRTOS/org/Source/portable/GCC/ARM_CM3/port.o
 .debug_info    0x0000000000013f91      0xc70 Middlewares/Third_Party/FreeRTOS/org/Source/portable/MemMang/heap_4.o
 .debug_info    0x0000000000014c01      0x112 Middlewares/Third_Party/SEGGER/Config/SEGGER_SYSVIEW_Config_FreeRTOS.o
 .debug_info    0x0000000000014d13      0xc46 Middlewares/Third_Party/SEGGER/OS/SEGGER_SYSVIEW_FreeRTOS.o
 .debug_info    0x0000000000015959     0x1802 Middlewares/Third_Party/SEGGER/SEGGER/SEGGER_RTT.o
 .debug_info    0x000000000001715b     0x3e13 Middlewares/Third_Party/SEGGER/SEGGER/SEGGER_SYSVIEW.o

.debug_abbrev   0x0000000000000000     0x365e
 .debug_abbrev  0x0000000000000000      0x122 Core/Src/freertos.o
 .debug_abbrev  0x0000000000000122      0x14e Core/Src/gpio.o
 .debug_abbrev  0x0000000000000270      0x1da Core/Src/main.o
 .debug_abbrev  0x000000000000044a      0x126 Core/Src/stm32f1xx_hal_msp.o
 .debug_abbrev  0x0000000000000570      0x1bf Core/Src/stm32f1xx_hal_timebase_tim.o
 .debug_abbrev  0x000000000000072f      0x176 Core/Src/stm32f1xx_it.o
 .debug_abbrev  0x00000000000008a5      0x14e Core/Src/system_stm32f1xx.o
 .debug_abbrev  0x00000000000009f3       0x12 Core/Startup/startup_stm32f103c8tx.o
 .debug_abbrev  0x0000000000000a05      0x1ed Drivers/STM32F1xx_HAL_Driver/Src/stm32f1xx_hal.o
 .debug_abbrev  0x0000000000000bf2      0x313 Drivers/STM32F1xx_HAL_Driver/Src/stm32f1xx_hal_cortex.o
 .debug_abbrev  0x0000000000000f05      0x1e8 Drivers/STM32F1xx_HAL_Driver/Src/stm32f1xx_hal_gpio.o
 .debug_abbrev  0x00000000000010ed      0x273 Drivers/STM32F1xx_HAL_Driver/Src/stm32f1xx_hal_rcc.o
 .debug_abbrev  0x0000000000001360      0x25e Drivers/STM32F1xx_HAL_Driver/Src/stm32f1xx_hal_tim.o
 .debug_abbrev  0x00000000000015be      0x266 Drivers/STM32F1xx_HAL_Driver/Src/stm32f1xx_hal_tim_ex.o
 .debug_abbrev  0x0000000000001824      0x3ed Middlewares/Third_Party/FreeRTOS/org/Source/CMSIS_RTOS_V2/cmsis_os2.o
 .debug_abbrev  0x0000000000001c11      0x1f7 Middlewares/Third_Party/FreeRTOS/org/Source/list.o
 .debug_abbrev  0x0000000000001e08      0x3a2 Middlewares/Third_Party/FreeRTOS/org/Source/queue.o
 .debug_abbrev  0x00000000000021aa      0x39a Middlewares/Third_Party/FreeRTOS/org/Source/tasks.o
 .debug_abbrev  0x0000000000002544      0x317 Middlewares/Third_Party/FreeRTOS/org/Source/timers.o
 .debug_abbrev  0x000000000000285b      0x22f Middlewares/Third_Party/FreeRTOS/org/Source/portable/GCC/ARM_CM3/port.o
 .debug_abbrev  0x0000000000002a8a      0x2d3 Middlewares/Third_Party/FreeRTOS/org/Source/portable/MemMang/heap_4.o
 .debug_abbrev  0x0000000000002d5d       0xc1 Middlewares/Third_Party/SEGGER/Config/SEGGER_SYSVIEW_Config_FreeRTOS.o
 .debug_abbrev  0x0000000000002e1e      0x219 Middlewares/Third_Party/SEGGER/OS/SEGGER_SYSVIEW_FreeRTOS.o
 .debug_abbrev  0x0000000000003037      0x2da Middlewares/Third_Party/SEGGER/SEGGER/SEGGER_RTT.o
 .debug_abbrev  0x0000000000003311      0x34d Middlewares/Third_Party/SEGGER/SEGGER/SEGGER_SYSVIEW.o

.debug_aranges  0x0000000000000000     0x14b8
 .debug_aranges
                0x0000000000000000       0x28 Core/Src/freertos.o
 .debug_aranges
                0x0000000000000028       0x20 Core/Src/gpio.o
 .debug_aranges
                0x0000000000000048       0x38 Core/Src/main.o
 .debug_aranges
                0x0000000000000080       0x20 Core/Src/stm32f1xx_hal_msp.o
 .debug_aranges
                0x00000000000000a0       0x30 Core/Src/stm32f1xx_hal_timebase_tim.o
 .debug_aranges
                0x00000000000000d0       0x50 Core/Src/stm32f1xx_it.o
 .debug_aranges
                0x0000000000000120       0x28 Core/Src/system_stm32f1xx.o
 .debug_aranges
                0x0000000000000148       0x28 Core/Startup/startup_stm32f103c8tx.o
 .debug_aranges
                0x0000000000000170       0xe0 Drivers/STM32F1xx_HAL_Driver/Src/stm32f1xx_hal.o
 .debug_aranges
                0x0000000000000250      0x100 Drivers/STM32F1xx_HAL_Driver/Src/stm32f1xx_hal_cortex.o
 .debug_aranges
                0x0000000000000350       0x58 Drivers/STM32F1xx_HAL_Driver/Src/stm32f1xx_hal_gpio.o
 .debug_aranges
                0x00000000000003a8       0x90 Drivers/STM32F1xx_HAL_Driver/Src/stm32f1xx_hal_rcc.o
 .debug_aranges
                0x0000000000000438      0x3d0 Drivers/STM32F1xx_HAL_Driver/Src/stm32f1xx_hal_tim.o
 .debug_aranges
                0x0000000000000808      0x168 Drivers/STM32F1xx_HAL_Driver/Src/stm32f1xx_hal_tim_ex.o
 .debug_aranges
                0x0000000000000970      0x228 Middlewares/Third_Party/FreeRTOS/org/Source/CMSIS_RTOS_V2/cmsis_os2.o
 .debug_aranges
                0x0000000000000b98       0x40 Middlewares/Third_Party/FreeRTOS/org/Source/list.o
 .debug_aranges
                0x0000000000000bd8      0x158 Middlewares/Third_Party/FreeRTOS/org/Source/queue.o
 .debug_aranges
                0x0000000000000d30      0x1f8 Middlewares/Third_Party/FreeRTOS/org/Source/tasks.o
 .debug_aranges
                0x0000000000000f28       0xe0 Middlewares/Third_Party/FreeRTOS/org/Source/timers.o
 .debug_aranges
                0x0000000000001008       0x78 Middlewares/Third_Party/FreeRTOS/org/Source/portable/GCC/ARM_CM3/port.o
 .debug_aranges
                0x0000000000001080       0x50 Middlewares/Third_Party/FreeRTOS/org/Source/portable/MemMang/heap_4.o
 .debug_aranges
                0x00000000000010d0       0x28 Middlewares/Third_Party/SEGGER/Config/SEGGER_SYSVIEW_Config_FreeRTOS.o
 .debug_aranges
                0x00000000000010f8       0x48 Middlewares/Third_Party/SEGGER/OS/SEGGER_SYSVIEW_FreeRTOS.o
 .debug_aranges
                0x0000000000001140      0x110 Middlewares/Third_Party/SEGGER/SEGGER/SEGGER_RTT.o
 .debug_aranges
                0x0000000000001250      0x268 Middlewares/Third_Party/SEGGER/SEGGER/SEGGER_SYSVIEW.o

.debug_ranges   0x0000000000000000     0x1330
 .debug_ranges  0x0000000000000000       0x18 Core/Src/freertos.o
 .debug_ranges  0x0000000000000018       0x10 Core/Src/gpio.o
 .debug_ranges  0x0000000000000028       0x28 Core/Src/main.o
 .debug_ranges  0x0000000000000050       0x10 Core/Src/stm32f1xx_hal_msp.o
 .debug_ranges  0x0000000000000060       0x20 Core/Src/stm32f1xx_hal_timebase_tim.o
 .debug_ranges  0x0000000000000080       0x40 Core/Src/stm32f1xx_it.o
 .debug_ranges  0x00000000000000c0       0x18 Core/Src/system_stm32f1xx.o
 .debug_ranges  0x00000000000000d8       0x20 Core/Startup/startup_stm32f103c8tx.o
 .debug_ranges  0x00000000000000f8       0xd0 Drivers/STM32F1xx_HAL_Driver/Src/stm32f1xx_hal.o
 .debug_ranges  0x00000000000001c8       0xf0 Drivers/STM32F1xx_HAL_Driver/Src/stm32f1xx_hal_cortex.o
 .debug_ranges  0x00000000000002b8       0x48 Drivers/STM32F1xx_HAL_Driver/Src/stm32f1xx_hal_gpio.o
 .debug_ranges  0x0000000000000300       0x80 Drivers/STM32F1xx_HAL_Driver/Src/stm32f1xx_hal_rcc.o
 .debug_ranges  0x0000000000000380      0x3c0 Drivers/STM32F1xx_HAL_Driver/Src/stm32f1xx_hal_tim.o
 .debug_ranges  0x0000000000000740      0x158 Drivers/STM32F1xx_HAL_Driver/Src/stm32f1xx_hal_tim_ex.o
 .debug_ranges  0x0000000000000898      0x218 Middlewares/Third_Party/FreeRTOS/org/Source/CMSIS_RTOS_V2/cmsis_os2.o
 .debug_ranges  0x0000000000000ab0       0x30 Middlewares/Third_Party/FreeRTOS/org/Source/list.o
 .debug_ranges  0x0000000000000ae0      0x148 Middlewares/Third_Party/FreeRTOS/org/Source/queue.o
 .debug_ranges  0x0000000000000c28      0x1e8 Middlewares/Third_Party/FreeRTOS/org/Source/tasks.o
 .debug_ranges  0x0000000000000e10       0xd0 Middlewares/Third_Party/FreeRTOS/org/Source/timers.o
 .debug_ranges  0x0000000000000ee0       0x68 Middlewares/Third_Party/FreeRTOS/org/Source/portable/GCC/ARM_CM3/port.o
 .debug_ranges  0x0000000000000f48       0x40 Middlewares/Third_Party/FreeRTOS/org/Source/portable/MemMang/heap_4.o
 .debug_ranges  0x0000000000000f88       0x18 Middlewares/Third_Party/SEGGER/Config/SEGGER_SYSVIEW_Config_FreeRTOS.o
 .debug_ranges  0x0000000000000fa0       0x38 Middlewares/Third_Party/SEGGER/OS/SEGGER_SYSVIEW_FreeRTOS.o
 .debug_ranges  0x0000000000000fd8      0x100 Middlewares/Third_Party/SEGGER/SEGGER/SEGGER_RTT.o
 .debug_ranges  0x00000000000010d8      0x258 Middlewares/Third_Party/SEGGER/SEGGER/SEGGER_SYSVIEW.o

.debug_macro    0x0000000000000000    0x19930
 .debug_macro   0x0000000000000000      0x26d Core/Src/freertos.o
 .debug_macro   0x000000000000026d      0xa9c Core/Src/freertos.o
 .debug_macro   0x0000000000000d09      0x16d Core/Src/freertos.o
 .debug_macro   0x0000000000000e76       0x22 Core/Src/freertos.o
 .debug_macro   0x0000000000000e98       0x8e Core/Src/freertos.o
 .debug_macro   0x0000000000000f26       0x51 Core/Src/freertos.o
 .debug_macro   0x0000000000000f77      0x103 Core/Src/freertos.o
 .debug_macro   0x000000000000107a       0x6a Core/Src/freertos.o
 .debug_macro   0x00000000000010e4      0x1df Core/Src/freertos.o
 .debug_macro   0x00000000000012c3      0x122 Core/Src/freertos.o
 .debug_macro   0x00000000000013e5       0x58 Core/Src/freertos.o
 .debug_macro   0x000000000000143d       0x40 Core/Src/freertos.o
 .debug_macro   0x000000000000147d       0x4c Core/Src/freertos.o
 .debug_macro   0x00000000000014c9      0x1cd Core/Src/freertos.o
 .debug_macro   0x0000000000001696      0x45a Core/Src/freertos.o
 .debug_macro   0x0000000000001af0      0x15a Core/Src/freertos.o
 .debug_macro   0x0000000000001c4a       0xc2 Core/Src/freertos.o
 .debug_macro   0x0000000000001d0c       0x10 Core/Src/freertos.o
 .debug_macro   0x0000000000001d1c       0x1f Core/Src/freertos.o
 .debug_macro   0x0000000000001d3b      0x360 Core/Src/freertos.o
 .debug_macro   0x000000000000209b       0xb5 Core/Src/freertos.o
 .debug_macro   0x0000000000002150       0x8c Core/Src/freertos.o
 .debug_macro   0x00000000000021dc      0x215 Core/Src/freertos.o
 .debug_macro   0x00000000000023f1       0x2e Core/Src/freertos.o
 .debug_macro   0x000000000000241f       0x22 Core/Src/freertos.o
 .debug_macro   0x0000000000002441       0x1c Core/Src/freertos.o
 .debug_macro   0x000000000000245d       0x22 Core/Src/freertos.o
 .debug_macro   0x000000000000247f       0xc3 Core/Src/freertos.o
 .debug_macro   0x0000000000002542      0xd23 Core/Src/freertos.o
 .debug_macro   0x0000000000003265     0xe097 Core/Src/freertos.o
 .debug_macro   0x00000000000112fc       0x43 Core/Src/freertos.o
 .debug_macro   0x000000000001133f     0x3468 Core/Src/freertos.o
 .debug_macro   0x00000000000147a7       0x5c Core/Src/freertos.o
 .debug_macro   0x0000000000014803      0x5be Core/Src/freertos.o
 .debug_macro   0x0000000000014dc1      0x289 Core/Src/freertos.o
 .debug_macro   0x000000000001504a      0x1cb Core/Src/freertos.o
 .debug_macro   0x0000000000015215      0x114 Core/Src/freertos.o
 .debug_macro   0x0000000000015329      0x1b2 Core/Src/freertos.o
 .debug_macro   0x00000000000154db       0x27 Core/Src/freertos.o
 .debug_macro   0x0000000000015502      0x136 Core/Src/freertos.o
 .debug_macro   0x0000000000015638      0x1bc Core/Src/freertos.o
 .debug_macro   0x00000000000157f4       0x34 Core/Src/freertos.o
 .debug_macro   0x0000000000015828       0x3c Core/Src/freertos.o
 .debug_macro   0x0000000000015864       0x57 Core/Src/freertos.o
 .debug_macro   0x00000000000158bb       0x88 Core/Src/freertos.o
 .debug_macro   0x0000000000015943      0x241 Core/Src/freertos.o
 .debug_macro   0x0000000000015b84      0x141 Core/Src/freertos.o
 .debug_macro   0x0000000000015cc5      0x8d1 Core/Src/freertos.o
 .debug_macro   0x0000000000016596       0x83 Core/Src/freertos.o
 .debug_macro   0x0000000000016619       0x5b Core/Src/freertos.o
 .debug_macro   0x0000000000016674       0x74 Core/Src/freertos.o
 .debug_macro   0x00000000000166e8       0xdd Core/Src/freertos.o
 .debug_macro   0x00000000000167c5      0x1ad Core/Src/gpio.o
 .debug_macro   0x0000000000016972      0x264 Core/Src/main.o
 .debug_macro   0x0000000000016bd6      0x122 Core/Src/main.o
 .debug_macro   0x0000000000016cf8      0x1a3 Core/Src/stm32f1xx_hal_msp.o
 .debug_macro   0x0000000000016e9b      0x199 Core/Src/stm32f1xx_hal_timebase_tim.o
 .debug_macro   0x0000000000017034      0x1ad Core/Src/stm32f1xx_it.o
 .debug_macro   0x00000000000171e1      0x199 Core/Src/system_stm32f1xx.o
 .debug_macro   0x000000000001737a      0x1bd Drivers/STM32F1xx_HAL_Driver/Src/stm32f1xx_hal.o
 .debug_macro   0x0000000000017537      0x199 Drivers/STM32F1xx_HAL_Driver/Src/stm32f1xx_hal_cortex.o
 .debug_macro   0x00000000000176d0      0x204 Drivers/STM32F1xx_HAL_Driver/Src/stm32f1xx_hal_gpio.o
 .debug_macro   0x00000000000178d4      0x1ab Drivers/STM32F1xx_HAL_Driver/Src/stm32f1xx_hal_rcc.o
 .debug_macro   0x0000000000017a7f      0x19a Drivers/STM32F1xx_HAL_Driver/Src/stm32f1xx_hal_tim.o
 .debug_macro   0x0000000000017c19      0x199 Drivers/STM32F1xx_HAL_Driver/Src/stm32f1xx_hal_tim_ex.o
 .debug_macro   0x0000000000017db2      0x287 Middlewares/Third_Party/FreeRTOS/org/Source/CMSIS_RTOS_V2/cmsis_os2.o
 .debug_macro   0x0000000000018039       0x10 Middlewares/Third_Party/FreeRTOS/org/Source/CMSIS_RTOS_V2/cmsis_os2.o
 .debug_macro   0x0000000000018049       0x20 Middlewares/Third_Party/FreeRTOS/org/Source/CMSIS_RTOS_V2/cmsis_os2.o
 .debug_macro   0x0000000000018069       0x10 Middlewares/Third_Party/FreeRTOS/org/Source/CMSIS_RTOS_V2/cmsis_os2.o
 .debug_macro   0x0000000000018079       0xb7 Middlewares/Third_Party/FreeRTOS/org/Source/CMSIS_RTOS_V2/cmsis_os2.o
 .debug_macro   0x0000000000018130       0x91 Middlewares/Third_Party/FreeRTOS/org/Source/CMSIS_RTOS_V2/cmsis_os2.o
 .debug_macro   0x00000000000181c1       0x8d Middlewares/Third_Party/FreeRTOS/org/Source/CMSIS_RTOS_V2/cmsis_os2.o
 .debug_macro   0x000000000001824e       0x9a Middlewares/Third_Party/FreeRTOS/org/Source/CMSIS_RTOS_V2/cmsis_os2.o
 .debug_macro   0x00000000000182e8      0x1c7 Middlewares/Third_Party/FreeRTOS/org/Source/list.o
 .debug_macro   0x00000000000184af      0x252 Middlewares/Third_Party/FreeRTOS/org/Source/queue.o
 .debug_macro   0x0000000000018701       0x16 Middlewares/Third_Party/FreeRTOS/org/Source/queue.o
 .debug_macro   0x0000000000018717      0x2ce Middlewares/Third_Party/FreeRTOS/org/Source/tasks.o
 .debug_macro   0x00000000000189e5       0x10 Middlewares/Third_Party/FreeRTOS/org/Source/tasks.o
 .debug_macro   0x00000000000189f5      0x20a Middlewares/Third_Party/FreeRTOS/org/Source/timers.o
 .debug_macro   0x0000000000018bff      0x1b2 Middlewares/Third_Party/FreeRTOS/org/Source/portable/GCC/ARM_CM3/port.o
 .debug_macro   0x0000000000018db1      0x1ee Middlewares/Third_Party/FreeRTOS/org/Source/portable/MemMang/heap_4.o
 .debug_macro   0x0000000000018f9f      0x116 Middlewares/Third_Party/SEGGER/Config/SEGGER_SYSVIEW_Config_FreeRTOS.o
 .debug_macro   0x00000000000190b5      0x1e2 Middlewares/Third_Party/SEGGER/OS/SEGGER_SYSVIEW_FreeRTOS.o
 .debug_macro   0x0000000000019297      0x176 Middlewares/Third_Party/SEGGER/SEGGER/SEGGER_RTT.o
 .debug_macro   0x000000000001940d       0x4f Middlewares/Third_Party/SEGGER/SEGGER/SEGGER_RTT.o
 .debug_macro   0x000000000001945c      0x115 Middlewares/Third_Party/SEGGER/SEGGER/SEGGER_RTT.o
 .debug_macro   0x0000000000019571      0x20a Middlewares/Third_Party/SEGGER/SEGGER/SEGGER_SYSVIEW.o
 .debug_macro   0x000000000001977b       0x65 Middlewares/Third_Party/SEGGER/SEGGER/SEGGER_SYSVIEW.o
 .debug_macro   0x00000000000197e0       0x35 Middlewares/Third_Party/SEGGER/SEGGER/SEGGER_SYSVIEW.o
 .debug_macro   0x0000000000019815      0x11b Middlewares/Third_Party/SEGGER/SEGGER/SEGGER_SYSVIEW.o

.debug_line     0x0000000000000000    0x17df9
 .debug_line    0x0000000000000000      0xb37 Core/Src/freertos.o
 .debug_line    0x0000000000000b37      0x681 Core/Src/gpio.o
 .debug_line    0x00000000000011b8      0xb9c Core/Src/main.o
 .debug_line    0x0000000000001d54      0x667 Core/Src/stm32f1xx_hal_msp.o
 .debug_line    0x00000000000023bb      0x6c1 Core/Src/stm32f1xx_hal_timebase_tim.o
 .debug_line    0x0000000000002a7c      0x701 Core/Src/stm32f1xx_it.o
 .debug_line    0x000000000000317d      0x6e3 Core/Src/system_stm32f1xx.o
 .debug_line    0x0000000000003860       0x84 Core/Startup/startup_stm32f103c8tx.o
 .debug_line    0x00000000000038e4      0x910 Drivers/STM32F1xx_HAL_Driver/Src/stm32f1xx_hal.o
 .debug_line    0x00000000000041f4      0xaf8 Drivers/STM32F1xx_HAL_Driver/Src/stm32f1xx_hal_cortex.o
 .debug_line    0x0000000000004cec      0x9a7 Drivers/STM32F1xx_HAL_Driver/Src/stm32f1xx_hal_gpio.o
 .debug_line    0x0000000000005693      0xd1e Drivers/STM32F1xx_HAL_Driver/Src/stm32f1xx_hal_rcc.o
 .debug_line    0x00000000000063b1     0x32b8 Drivers/STM32F1xx_HAL_Driver/Src/stm32f1xx_hal_tim.o
 .debug_line    0x0000000000009669     0x19b6 Drivers/STM32F1xx_HAL_Driver/Src/stm32f1xx_hal_tim_ex.o
 .debug_line    0x000000000000b01f     0x2783 Middlewares/Third_Party/FreeRTOS/org/Source/CMSIS_RTOS_V2/cmsis_os2.o
 .debug_line    0x000000000000d7a2      0x9f9 Middlewares/Third_Party/FreeRTOS/org/Source/list.o
 .debug_line    0x000000000000e19b     0x18db Middlewares/Third_Party/FreeRTOS/org/Source/queue.o
 .debug_line    0x000000000000fa76     0x1f71 Middlewares/Third_Party/FreeRTOS/org/Source/tasks.o
 .debug_line    0x00000000000119e7      0xf10 Middlewares/Third_Party/FreeRTOS/org/Source/timers.o
 .debug_line    0x00000000000128f7      0xa54 Middlewares/Third_Party/FreeRTOS/org/Source/portable/GCC/ARM_CM3/port.o
 .debug_line    0x000000000001334b      0xb98 Middlewares/Third_Party/FreeRTOS/org/Source/portable/MemMang/heap_4.o
 .debug_line    0x0000000000013ee3      0x7cc Middlewares/Third_Party/SEGGER/Config/SEGGER_SYSVIEW_Config_FreeRTOS.o
 .debug_line    0x00000000000146af      0xaf1 Middlewares/Third_Party/SEGGER/OS/SEGGER_SYSVIEW_FreeRTOS.o
 .debug_line    0x00000000000151a0      0xd88 Middlewares/Third_Party/SEGGER/SEGGER/SEGGER_RTT.o
 .debug_line    0x0000000000015f28     0x1ed1 Middlewares/Third_Party/SEGGER/SEGGER/SEGGER_SYSVIEW.o

.debug_str      0x0000000000000000    0x96549
 .debug_str     0x0000000000000000    0x88ebc Core/Src/freertos.o
                                      0x89239 (size before relaxing)
 .debug_str     0x0000000000088ebc       0xb5 Core/Src/gpio.o
                                      0x81462 (size before relaxing)
 .debug_str     0x0000000000088f71      0x66e Core/Src/main.o
                                      0x887cc (size before relaxing)
 .debug_str     0x00000000000895df      0x2b4 Core/Src/stm32f1xx_hal_msp.o
                                      0x81709 (size before relaxing)
 .debug_str     0x0000000000089893       0xaa Core/Src/stm32f1xx_hal_timebase_tim.o
                                      0x81c7f (size before relaxing)
 .debug_str     0x000000000008993d       0xa2 Core/Src/stm32f1xx_it.o
                                      0x818f0 (size before relaxing)
 .debug_str     0x00000000000899df       0x52 Core/Src/system_stm32f1xx.o
                                      0x81421 (size before relaxing)
 .debug_str     0x0000000000089a31       0x36 Core/Startup/startup_stm32f103c8tx.o
                                         0xaa (size before relaxing)
 .debug_str     0x0000000000089a67      0x2b4 Drivers/STM32F1xx_HAL_Driver/Src/stm32f1xx_hal.o
                                      0x81ab2 (size before relaxing)
 .debug_str     0x0000000000089d1b      0x2f6 Drivers/STM32F1xx_HAL_Driver/Src/stm32f1xx_hal_cortex.o
                                      0x81aba (size before relaxing)
 .debug_str     0x000000000008a011      0x340 Drivers/STM32F1xx_HAL_Driver/Src/stm32f1xx_hal_gpio.o
                                      0x817e5 (size before relaxing)
 .debug_str     0x000000000008a351      0x245 Drivers/STM32F1xx_HAL_Driver/Src/stm32f1xx_hal_rcc.o
                                      0x8181e (size before relaxing)
 .debug_str     0x000000000008a596      0xe4d Drivers/STM32F1xx_HAL_Driver/Src/stm32f1xx_hal_tim.o
                                      0x827f0 (size before relaxing)
 .debug_str     0x000000000008b3e3      0x561 Drivers/STM32F1xx_HAL_Driver/Src/stm32f1xx_hal_tim_ex.o
                                      0x81fca (size before relaxing)
 .debug_str     0x000000000008b944     0x5ab5 Middlewares/Third_Party/FreeRTOS/org/Source/CMSIS_RTOS_V2/cmsis_os2.o
                                      0x117b6 (size before relaxing)
 .debug_str     0x00000000000913f9      0x229 Middlewares/Third_Party/FreeRTOS/org/Source/list.o
                                       0xde0f (size before relaxing)
 .debug_str     0x0000000000091622      0x901 Middlewares/Third_Party/FreeRTOS/org/Source/queue.o
                                       0xf639 (size before relaxing)
 .debug_str     0x0000000000091f23     0x1405 Middlewares/Third_Party/FreeRTOS/org/Source/tasks.o
                                      0x1035d (size before relaxing)
 .debug_str     0x0000000000093328      0x58a Middlewares/Third_Party/FreeRTOS/org/Source/timers.o
                                       0xfb57 (size before relaxing)
 .debug_str     0x00000000000938b2      0x6f2 Middlewares/Third_Party/FreeRTOS/org/Source/portable/GCC/ARM_CM3/port.o
                                       0xb6d6 (size before relaxing)
 .debug_str     0x0000000000093fa4      0x255 Middlewares/Third_Party/FreeRTOS/org/Source/portable/MemMang/heap_4.o
                                       0xe532 (size before relaxing)
 .debug_str     0x00000000000941f9      0x176 Middlewares/Third_Party/SEGGER/Config/SEGGER_SYSVIEW_Config_FreeRTOS.o
                                       0xa339 (size before relaxing)
 .debug_str     0x000000000009436f       0xf8 Middlewares/Third_Party/SEGGER/OS/SEGGER_SYSVIEW_FreeRTOS.o
                                       0xe393 (size before relaxing)
 .debug_str     0x0000000000094467      0xdd0 Middlewares/Third_Party/SEGGER/SEGGER/SEGGER_RTT.o
                                       0x758e (size before relaxing)
 .debug_str     0x0000000000095237     0x1312 Middlewares/Third_Party/SEGGER/SEGGER/SEGGER_SYSVIEW.o
                                       0x9534 (size before relaxing)

.comment        0x0000000000000000       0x53
 .comment       0x0000000000000000       0x53 Core/Src/freertos.o
                                         0x54 (size before relaxing)
 .comment       0x0000000000000053       0x54 Core/Src/gpio.o
 .comment       0x0000000000000053       0x54 Core/Src/main.o
 .comment       0x0000000000000053       0x54 Core/Src/stm32f1xx_hal_msp.o
 .comment       0x0000000000000053       0x54 Core/Src/stm32f1xx_hal_timebase_tim.o
 .comment       0x0000000000000053       0x54 Core/Src/stm32f1xx_it.o
 .comment       0x0000000000000053       0x54 Core/Src/system_stm32f1xx.o
 .comment       0x0000000000000053       0x54 Drivers/STM32F1xx_HAL_Driver/Src/stm32f1xx_hal.o
 .comment       0x0000000000000053       0x54 Drivers/STM32F1xx_HAL_Driver/Src/stm32f1xx_hal_cortex.o
 .comment       0x0000000000000053       0x54 Drivers/STM32F1xx_HAL_Driver/Src/stm32f1xx_hal_gpio.o
 .comment       0x0000000000000053       0x54 Drivers/STM32F1xx_HAL_Driver/Src/stm32f1xx_hal_rcc.o
 .comment       0x0000000000000053       0x54 Drivers/STM32F1xx_HAL_Driver/Src/stm32f1xx_hal_tim.o
 .comment       0x0000000000000053       0x54 Drivers/STM32F1xx_HAL_Driver/Src/stm32f1xx_hal_tim_ex.o
 .comment       0x0000000000000053       0x54 Middlewares/Third_Party/FreeRTOS/org/Source/CMSIS_RTOS_V2/cmsis_os2.o
 .comment       0x0000000000000053       0x54 Middlewares/Third_Party/FreeRTOS/org/Source/list.o
 .comment       0x0000000000000053       0x54 Middlewares/Third_Party/FreeRTOS/org/Source/queue.o
 .comment       0x0000000000000053       0x54 Middlewares/Third_Party/FreeRTOS/org/Source/tasks.o
 .comment       0x0000000000000053       0x54 Middlewares/Third_Party/FreeRTOS/org/Source/timers.o
 .comment       0x0000000000000053       0x54 Middlewares/Third_Party/FreeRTOS/org/Source/portable/GCC/ARM_CM3/port.o
 .comment       0x0000000000000053       0x54 Middlewares/Third_Party/FreeRTOS/org/Source/portable/MemMang/heap_4.o
 .comment       0x0000000000000053       0x54 Middlewares/Third_Party/SEGGER/Config/SEGGER_SYSVIEW_Config_FreeRTOS.o
 .comment       0x0000000000000053       0x54 Middlewares/Third_Party/SEGGER/OS/SEGGER_SYSVIEW_FreeRTOS.o
 .comment       0x0000000000000053       0x54 Middlewares/Third_Party/SEGGER/SEGGER/SEGGER_RTT.o
 .comment       0x0000000000000053       0x54 Middlewares/Third_Party/SEGGER/SEGGER/SEGGER_SYSVIEW.o

.debug_frame    0x0000000000000000     0x56a8
 .debug_frame   0x0000000000000000       0x54 Core/Src/freertos.o
 .debug_frame   0x0000000000000054       0x34 Core/Src/gpio.o
 .debug_frame   0x0000000000000088       0x8c Core/Src/main.o
 .debug_frame   0x0000000000000114       0x34 Core/Src/stm32f1xx_hal_msp.o
 .debug_frame   0x0000000000000148       0x74 Core/Src/stm32f1xx_hal_timebase_tim.o
 .debug_frame   0x00000000000001bc       0xc4 Core/Src/stm32f1xx_it.o
 .debug_frame   0x0000000000000280       0x58 Core/Src/system_stm32f1xx.o
 .debug_frame   0x00000000000002d8      0x334 Drivers/STM32F1xx_HAL_Driver/Src/stm32f1xx_hal.o
 .debug_frame   0x000000000000060c      0x428 Drivers/STM32F1xx_HAL_Driver/Src/stm32f1xx_hal_cortex.o
 .debug_frame   0x0000000000000a34      0x14c Drivers/STM32F1xx_HAL_Driver/Src/stm32f1xx_hal_gpio.o
 .debug_frame   0x0000000000000b80      0x21c Drivers/STM32F1xx_HAL_Driver/Src/stm32f1xx_hal_rcc.o
 .debug_frame   0x0000000000000d9c     0x11b8 Drivers/STM32F1xx_HAL_Driver/Src/stm32f1xx_hal_tim.o
 .debug_frame   0x0000000000001f54      0x638 Drivers/STM32F1xx_HAL_Driver/Src/stm32f1xx_hal_tim_ex.o
 .debug_frame   0x000000000000258c      0x980 Middlewares/Third_Party/FreeRTOS/org/Source/CMSIS_RTOS_V2/cmsis_os2.o
 .debug_frame   0x0000000000002f0c       0xd8 Middlewares/Third_Party/FreeRTOS/org/Source/list.o
 .debug_frame   0x0000000000002fe4      0x5fc Middlewares/Third_Party/FreeRTOS/org/Source/queue.o
 .debug_frame   0x00000000000035e0      0x8bc Middlewares/Third_Party/FreeRTOS/org/Source/tasks.o
 .debug_frame   0x0000000000003e9c      0x3b4 Middlewares/Third_Party/FreeRTOS/org/Source/timers.o
 .debug_frame   0x0000000000004250      0x198 Middlewares/Third_Party/FreeRTOS/org/Source/portable/GCC/ARM_CM3/port.o
 .debug_frame   0x00000000000043e8      0x108 Middlewares/Third_Party/FreeRTOS/org/Source/portable/MemMang/heap_4.o
 .debug_frame   0x00000000000044f0       0x48 Middlewares/Third_Party/SEGGER/Config/SEGGER_SYSVIEW_Config_FreeRTOS.o
 .debug_frame   0x0000000000004538       0xfc Middlewares/Third_Party/SEGGER/OS/SEGGER_SYSVIEW_FreeRTOS.o
 .debug_frame   0x0000000000004634      0x478 Middlewares/Third_Party/SEGGER/SEGGER/SEGGER_RTT.o
 .debug_frame   0x0000000000004aac      0xb5c Middlewares/Third_Party/SEGGER/SEGGER/SEGGER_SYSVIEW.o
 .debug_frame   0x0000000000005608       0x2c c:/st/stm32cubeide_1.6.1/stm32cubeide/plugins/com.st.stm32cube.ide.mcu.externaltools.gnu-tools-for-stm32.9-2020-q2-update.win32_1.5.0.202011040924/tools/bin/../lib/gcc/arm-none-eabi/9.3.1/../../../../arm-none-eabi/lib/thumb/v7-m/nofp\libc_nano.a(lib_a-init.o)
 .debug_frame   0x0000000000005634       0x2c c:/st/stm32cubeide_1.6.1/stm32cubeide/plugins/com.st.stm32cube.ide.mcu.externaltools.gnu-tools-for-stm32.9-2020-q2-update.win32_1.5.0.202011040924/tools/bin/../lib/gcc/arm-none-eabi/9.3.1/../../../../arm-none-eabi/lib/thumb/v7-m/nofp\libc_nano.a(lib_a-memcmp.o)
 .debug_frame   0x0000000000005660       0x28 c:/st/stm32cubeide_1.6.1/stm32cubeide/plugins/com.st.stm32cube.ide.mcu.externaltools.gnu-tools-for-stm32.9-2020-q2-update.win32_1.5.0.202011040924/tools/bin/../lib/gcc/arm-none-eabi/9.3.1/../../../../arm-none-eabi/lib/thumb/v7-m/nofp\libc_nano.a(lib_a-memcpy-stub.o)
 .debug_frame   0x0000000000005688       0x20 c:/st/stm32cubeide_1.6.1/stm32cubeide/plugins/com.st.stm32cube.ide.mcu.externaltools.gnu-tools-for-stm32.9-2020-q2-update.win32_1.5.0.202011040924/tools/bin/../lib/gcc/arm-none-eabi/9.3.1/../../../../arm-none-eabi/lib/thumb/v7-m/nofp\libc_nano.a(lib_a-memset.o)